Component: ARM Compiler 5.06 update 5 (build 528) Tool: armlink [4d35e2]

==============================================================================

Section Cross References

    stm32f4xx_it.o(i.SysTick_Handler) refers to stm32f4xx_it.o(i.TimingDelay_Decrement) for TimingDelay_Decrement
    stm32f4xx_it.o(i.TimingDelay_Decrement) refers to stm32f4xx_it.o(.data) for TimingDelay
    main.o(i.SysTick_Init) refers to stm32f4xx_rcc.o(i.RCC_PLLConfig) for RCC_PLLConfig
    main.o(i.SysTick_Init) refers to stm32f4xx_rcc.o(i.RCC_HCLKConfig) for RCC_HCLKConfig
    main.o(i.SysTick_Init) refers to stm32f4xx_rcc.o(i.RCC_PCLK1Config) for RCC_PCLK1Config
    main.o(i.SysTick_Init) refers to stm32f4xx_rcc.o(i.RCC_PCLK2Config) for RCC_PCLK2Config
    main.o(i.SysTick_Init) refers to stm32f4xx_rcc.o(i.RCC_PLLCmd) for RCC_PLLCmd
    main.o(i.SysTick_Init) refers to stm32f4xx_rcc.o(i.RCC_GetFlagStatus) for RCC_GetFlagStatus
    main.o(i.SysTick_Init) refers to stm32f4xx_rcc.o(i.RCC_SYSCLKConfig) for RCC_SYSCLKConfig
    main.o(i.SysTick_Init) refers to stm32f4xx_rcc.o(i.RCC_GetClocksFreq) for RCC_GetClocksFreq
    main.o(i.main) refers to delay.o(i.DELAY_Init) for DELAY_Init
    main.o(i.main) refers to main.o(i.SysTick_Init) for SysTick_Init
    main.o(i.main) refers to serial.o(i.Serial_Init) for Serial_Init
    main.o(i.main) refers to receiver_l.o(i.Receicer_Init) for Receicer_Init
    main.o(i.main) refers to gy86.o(i.GY86_Init) for GY86_Init
    main.o(i.main) refers to pwm.o(i.Motor_Init) for Motor_Init
    main.o(i.main) refers to serial.o(i.Serial_Printf) for Serial_Printf
    main.o(i.main) refers to os_core.o(i.OSInit) for OSInit
    main.o(i.main) refers to os_task.o(i.OSTaskCreateExt) for OSTaskCreateExt
    main.o(i.main) refers to os_task.o(i.OSTaskNameSet) for OSTaskNameSet
    main.o(i.main) refers to segger_sysview_config_ucosii.o(i.SEGGER_SYSVIEW_Conf) for SEGGER_SYSVIEW_Conf
    main.o(i.main) refers to os_core.o(i.OSStart) for OSStart
    main.o(i.main) refers to posecalculate.o(.data) for q0
    main.o(i.main) refers to main.o(.bss) for BT
    main.o(i.main) refers to task.o(i.Task_BT) for Task_BT
    main.o(i.main) refers to task.o(i.Task_PoseCalcu) for Task_PoseCalcu
    main.o(i.main) refers to main.o(.data) for errr
    task.o(i.ANODT_Send01) refers to serial.o(i.Serial_SendArray) for Serial_SendArray
    task.o(i.ANODT_Send01) refers to task.o(.bss) for Sensor_data_buf
    task.o(i.ANODT_Send02) refers to serial.o(i.Serial_SendArray) for Serial_SendArray
    task.o(i.ANODT_Send02) refers to task.o(.bss) for Sensor_data_buf
    task.o(i.ANODT_Send03) refers to dmul.o(x$fpl$dmul) for __aeabi_dmul
    task.o(i.ANODT_Send03) refers to dfix.o(x$fpl$dfix) for __aeabi_d2iz
    task.o(i.ANODT_Send03) refers to serial.o(i.Serial_SendArray) for Serial_SendArray
    task.o(i.ANODT_Send03) refers to task.o(.bss) for Sensor_data_buf
    task.o(i.ANODT_Send04) refers to serial.o(i.Serial_SendArray) for Serial_SendArray
    task.o(i.ANODT_Send04) refers to task.o(.bss) for Sensor_data_buf
    task.o(i.ANODT_Send20) refers to serial.o(i.Serial_SendArray) for Serial_SendArray
    task.o(i.ANODT_Send20) refers to task.o(.bss) for Sensor_data_buf
    task.o(i.Task_BT) refers to os_cpu_a.o(.text) for OS_CPU_SR_Save
    task.o(i.Task_BT) refers to os_time.o(i.OSTimeDly) for OSTimeDly
    task.o(i.Task_BT) refers to task.o(.data) for cpu_sr
    task.o(i.Task_GY86) refers to os_time.o(i.OSTimeDly) for OSTimeDly
    task.o(i.Task_Motor) refers to os_cpu_a.o(.text) for OS_CPU_SR_Save
    task.o(i.Task_Motor) refers to pwm.o(i.PWM_SetDuty3) for PWM_SetDuty3
    task.o(i.Task_Motor) refers to pwm.o(i.PWM_SetDuty2) for PWM_SetDuty2
    task.o(i.Task_Motor) refers to pwm.o(i.PWM_SetDuty1) for PWM_SetDuty1
    task.o(i.Task_Motor) refers to pwm.o(i.PWM_SetDuty4) for PWM_SetDuty4
    task.o(i.Task_Motor) refers to os_time.o(i.OSTimeDly) for OSTimeDly
    task.o(i.Task_Motor) refers to task.o(.data) for cpu_sr
    task.o(i.Task_PoseCalcu) refers to gy86.o(i.MPU6050_GetData) for MPU6050_GetData
    task.o(i.Task_PoseCalcu) refers to gy86.o(i.HMC_GetData) for HMC_GetData
    task.o(i.Task_PoseCalcu) refers to os_cpu_a.o(.text) for OS_CPU_SR_Save
    task.o(i.Task_PoseCalcu) refers to dflt_clz.o(x$fpl$dflt) for __aeabi_i2d
    task.o(i.Task_PoseCalcu) refers to ddiv.o(x$fpl$ddiv) for __aeabi_ddiv
    task.o(i.Task_PoseCalcu) refers to d2f.o(x$fpl$d2f) for __aeabi_d2f
    task.o(i.Task_PoseCalcu) refers to f2d.o(x$fpl$f2d) for __aeabi_f2d
    task.o(i.Task_PoseCalcu) refers to daddsub_clz.o(x$fpl$dsub) for __aeabi_dsub
    task.o(i.Task_PoseCalcu) refers to dmul.o(x$fpl$dmul) for __aeabi_dmul
    task.o(i.Task_PoseCalcu) refers to dfix.o(x$fpl$dfix) for __aeabi_d2iz
    task.o(i.Task_PoseCalcu) refers to task.o(.data) for GZ
    task.o(i.Task_PoseCalcu) refers to task.o(.constdata) for acc_cali
    task.o(i.Task_PoseCalcu) refers to posecalculate.o(.bss) for accData
[...]
    PitchMap_value                           0x0800534d   Thumb Code    86  pid.o(i.PitchMap_value)
    PitchPID_Contral                         0x080053a9   Thumb Code   238  pid.o(i.PitchPID_Contral)
    RCC_AHB1PeriphClockCmd                   0x08005499   Thumb Code    26  stm32f4xx_rcc.o(i.RCC_AHB1PeriphClockCmd)
    RCC_APB1PeriphClockCmd                   0x080054b9   Thumb Code    26  stm32f4xx_rcc.o(i.RCC_APB1PeriphClockCmd)
    RCC_APB2PeriphClockCmd                   0x080054d9   Thumb Code    26  stm32f4xx_rcc.o(i.RCC_APB2PeriphClockCmd)
    RCC_GetClocksFreq                        0x080054f9   Thumb Code   214  stm32f4xx_rcc.o(i.RCC_GetClocksFreq)
    RCC_GetFlagStatus                        0x080055e1   Thumb Code    60  stm32f4xx_rcc.o(i.RCC_GetFlagStatus)
    RCC_HCLKConfig                           0x08005621   Thumb Code    18  stm32f4xx_rcc.o(i.RCC_HCLKConfig)
    RCC_PCLK1Config                          0x08005639   Thumb Code    18  stm32f4xx_rcc.o(i.RCC_PCLK1Config)
    RCC_PCLK2Config                          0x08005651   Thumb Code    20  stm32f4xx_rcc.o(i.RCC_PCLK2Config)
    RCC_PLLCmd                               0x08005669   Thumb Code     6  stm32f4xx_rcc.o(i.RCC_PLLCmd)
    RCC_PLLConfig                            0x08005675   Thumb Code    30  stm32f4xx_rcc.o(i.RCC_PLLConfig)
    RCC_SYSCLKConfig                         0x08005699   Thumb Code    18  stm32f4xx_rcc.o(i.RCC_SYSCLKConfig)
    Receicer_Init                            0x080056b1   Thumb Code    12  receiver_l.o(i.Receicer_Init)
    RollMap_value                            0x080056bd   Thumb Code    94  pid.o(i.RollMap_value)
    RollPID_Contral                          0x08005721   Thumb Code   238  pid.o(i.RollPID_Contral)
    SEGGER_RTT_AllocUpBuffer                 0x08005811   Thumb Code   194  segger_rtt.o(i.SEGGER_RTT_AllocUpBuffer)
    SEGGER_RTT_ConfigDownBuffer              0x080058d9   Thumb Code   114  segger_rtt.o(i.SEGGER_RTT_ConfigDownBuffer)
    SEGGER_RTT_ReadNoLock                    0x08005951   Thumb Code   166  segger_rtt.o(i.SEGGER_RTT_ReadNoLock)
    SEGGER_RTT_WriteSkipNoLock               0x080059fd   Thumb Code   154  segger_rtt.o(i.SEGGER_RTT_WriteSkipNoLock)
    SEGGER_SYSVIEW_Conf                      0x08005a9d   Thumb Code    34  segger_sysview_config_ucosii.o(i.SEGGER_SYSVIEW_Conf)
    SEGGER_SYSVIEW_GetSysDesc                0x08005ac9   Thumb Code   180  segger_sysview.o(i.SEGGER_SYSVIEW_GetSysDesc)
    SEGGER_SYSVIEW_Init                      0x08005b85   Thumb Code    78  segger_sysview.o(i.SEGGER_SYSVIEW_Init)
    SEGGER_SYSVIEW_NameResource              0x08005bed   Thumb Code   104  segger_sysview.o(i.SEGGER_SYSVIEW_NameResource)
    SEGGER_SYSVIEW_OnIdle                    0x08005c5d   Thumb Code    48  segger_sysview.o(i.SEGGER_SYSVIEW_OnIdle)
    SEGGER_SYSVIEW_OnTaskCreate              0x08005c91   Thumb Code    90  segger_sysview.o(i.SEGGER_SYSVIEW_OnTaskCreate)
    SEGGER_SYSVIEW_OnTaskStartExec           0x08005cf5   Thumb Code    90  segger_sysview.o(i.SEGGER_SYSVIEW_OnTaskStartExec)
    SEGGER_SYSVIEW_OnTaskStartReady          0x08005d59   Thumb Code    90  segger_sysview.o(i.SEGGER_SYSVIEW_OnTaskStartReady)
    SEGGER_SYSVIEW_OnTaskStopReady           0x08005dbd   Thumb Code   122  segger_sysview.o(i.SEGGER_SYSVIEW_OnTaskStopReady)
    SEGGER_SYSVIEW_RecordEnterISR            0x08005e41   Thumb Code    90  segger_sysview.o(i.SEGGER_SYSVIEW_RecordEnterISR)
    SEGGER_SYSVIEW_RecordExitISR             0x08005ea5   Thumb Code    48  segger_sysview.o(i.SEGGER_SYSVIEW_RecordExitISR)
    SEGGER_SYSVIEW_RecordExitISRToScheduler  0x08005ed9   Thumb Code    48  segger_sysview.o(i.SEGGER_SYSVIEW_RecordExitISRToScheduler)
    SEGGER_SYSVIEW_RecordSystime             0x08005f0d   Thumb Code    52  segger_sysview.o(i.SEGGER_SYSVIEW_RecordSystime)
    SEGGER_SYSVIEW_RecordU32                 0x08005f49   Thumb Code    88  segger_sysview.o(i.SEGGER_SYSVIEW_RecordU32)
    SEGGER_SYSVIEW_RecordU32x2               0x08005fa5   Thumb Code   118  segger_sysview.o(i.SEGGER_SYSVIEW_RecordU32x2)
    SEGGER_SYSVIEW_RecordVoid                0x08006021   Thumb Code    50  segger_sysview.o(i.SEGGER_SYSVIEW_RecordVoid)
    SEGGER_SYSVIEW_SendModule                0x08006059   Thumb Code   172  segger_sysview.o(i.SEGGER_SYSVIEW_SendModule)
    SEGGER_SYSVIEW_SendModuleDescription     0x0800610d   Thumb Code    30  segger_sysview.o(i.SEGGER_SYSVIEW_SendModuleDescription)
    SEGGER_SYSVIEW_SendNumModules            0x08006131   Thumb Code    80  segger_sysview.o(i.SEGGER_SYSVIEW_SendNumModules)
    SEGGER_SYSVIEW_SendSysDesc               0x08006189   Thumb Code    66  segger_sysview.o(i.SEGGER_SYSVIEW_SendSysDesc)
    SEGGER_SYSVIEW_SendTaskInfo              0x080061d1   Thumb Code   260  segger_sysview.o(i.SEGGER_SYSVIEW_SendTaskInfo)
    SEGGER_SYSVIEW_SendTaskList              0x080062dd   Thumb Code    26  segger_sysview.o(i.SEGGER_SYSVIEW_SendTaskList)
    SEGGER_SYSVIEW_SetRAMBase                0x080062fd   Thumb Code     6  segger_sysview.o(i.SEGGER_SYSVIEW_SetRAMBase)
    SEGGER_SYSVIEW_ShrinkId                  0x08006309   Thumb Code    10  segger_sysview.o(i.SEGGER_SYSVIEW_ShrinkId)
    SEGGER_SYSVIEW_Start                     0x08006319   Thumb Code   240  segger_sysview.o(i.SEGGER_SYSVIEW_Start)
    SEGGER_SYSVIEW_Stop                      0x08006415   Thumb Code    60  segger_sysview.o(i.SEGGER_SYSVIEW_Stop)
    SEGGER_SYSVIEW_Warn                      0x08006459   Thumb Code   122  segger_sysview.o(i.SEGGER_SYSVIEW_Warn)
    SVC_Handler                              0x080064d9   Thumb Code     2  stm32f4xx_it.o(i.SVC_Handler)
    SYSCLK_FreqGet                           0x080064db   Thumb Code    14  segger_sysview_config_ucosii.o(i.SYSCLK_FreqGet)
    SYSVIEW_AddTask                          0x080064e9   Thumb Code   146  segger_sysview_ucosii.o(i.SYSVIEW_AddTask)
    SYSVIEW_RecordU32Register                0x0800658d   Thumb Code   112  segger_sysview_ucosii.o(i.SYSVIEW_RecordU32Register)
    SYSVIEW_SendResourceList                 0x08006609   Thumb Code    70  segger_sysview_ucosii.o(i.SYSVIEW_SendResourceList)
    SYSVIEW_SendTaskInfo                     0x08006659   Thumb Code    50  segger_sysview_ucosii.o(i.SYSVIEW_SendTaskInfo)
    SYSVIEW_TaskReady                        0x0800668d   Thumb Code    22  segger_sysview_ucosii.o(i.SYSVIEW_TaskReady)
    SYSVIEW_TaskSuspend                      0x080066a9   Thumb Code    24  segger_sysview_ucosii.o(i.SYSVIEW_TaskSuspend)
    SYSVIEW_TaskSwitchedIn                   0x080066c5   Thumb Code    28  segger_sysview_ucosii.o(i.SYSVIEW_TaskSwitchedIn)
    SYSVIEW_UpdateResource                   0x080066e5   Thumb Code    84  segger_sysview_ucosii.o(i.SYSVIEW_UpdateResource)
    SYSVIEW_UpdateTask                       0x08006741   Thumb Code   144  segger_sysview_ucosii.o(i.SYSVIEW_UpdateTask)
    Serial_Init                              0x080067dd   Thumb Code   222  serial.o(i.Serial_Init)
    Serial_Printf                            0x080068c5   Thumb Code    36  serial.o(i.Serial_Printf)
    Serial_SendByte                          0x080068e9   Thumb Code    28  serial.o(i.Serial_SendByte)
    Serial_SendString                        0x08006909   Thumb Code    26  serial.o(i.Serial_SendString)
    SysTick_CLKSourceConfig                  0x08006923   Thumb Code    40  misc.o(i.SysTick_CLKSourceConfig)
    SysTick_Init                             0x0800694d   Thumb Code   170  main.o(i.SysTick_Init)
    SystemInit                               0x08006a05   Thumb Code    14  system_stm32f4xx.o(i.SystemInit)
    TI1_Config                               0x08006a19   Thumb Code    58  stm32f4xx_tim.o(i.TI1_Config)
    TI2_Config                               0x08006a53   Thumb Code    80  stm32f4xx_tim.o(i.TI2_Config)
    TI3_Config                               0x08006aa3   Thumb Code    72  stm32f4xx_tim.o(i.TI3_Config)
    TI4_Config                               0x08006aeb   Thumb Code    80  stm32f4xx_tim.o(i.TI4_Config)
    TIM2_IRQHandler                          0x08006b3d   Thumb Code   364  receiver_l.o(i.TIM2_IRQHandler)
    TIM4_IRQHandler                          0x08006cb5   Thumb Code   348  receiver_l.o(i.TIM4_IRQHandler)
    TIM_ARRPreloadConfig                     0x08006e21   Thumb Code    24  stm32f4xx_tim.o(i.TIM_ARRPreloadConfig)
    TIM_ClearITPendingBit                    0x08006e39   Thumb Code     6  stm32f4xx_tim.o(i.TIM_ClearITPendingBit)
    TIM_Cmd                                  0x08006e3f   Thumb Code    24  stm32f4xx_tim.o(i.TIM_Cmd)
    TIM_GetCapture1                          0x08006e57   Thumb Code     6  stm32f4xx_tim.o(i.TIM_GetCapture1)
    TIM_GetCapture2                          0x08006e5d   Thumb Code     6  stm32f4xx_tim.o(i.TIM_GetCapture2)
    TIM_GetCapture3                          0x08006e63   Thumb Code     6  stm32f4xx_tim.o(i.TIM_GetCapture3)
    TIM_GetITStatus                          0x08006e69   Thumb Code    34  stm32f4xx_tim.o(i.TIM_GetITStatus)
    TIM_ICInit                               0x08006e8b   Thumb Code   110  stm32f4xx_tim.o(i.TIM_ICInit)
    TIM_ITConfig                             0x08006ef9   Thumb Code    18  stm32f4xx_tim.o(i.TIM_ITConfig)
    TIM_InternalClockConfig                  0x08006f0b   Thumb Code    12  stm32f4xx_tim.o(i.TIM_InternalClockConfig)
    TIM_OC1Init                              0x08006f19   Thumb Code   114  stm32f4xx_tim.o(i.TIM_OC1Init)
    TIM_OC1PreloadConfig                     0x08006f95   Thumb Code    18  stm32f4xx_tim.o(i.TIM_OC1PreloadConfig)
    TIM_OC2Init                              0x08006fa9   Thumb Code   154  stm32f4xx_tim.o(i.TIM_OC2Init)
    TIM_OC2PreloadConfig                     0x0800704d   Thumb Code    26  stm32f4xx_tim.o(i.TIM_OC2PreloadConfig)
    TIM_OC3Init                              0x08007069   Thumb Code   150  stm32f4xx_tim.o(i.TIM_OC3Init)
    TIM_OC3PreloadConfig                     0x08007109   Thumb Code    18  stm32f4xx_tim.o(i.TIM_OC3PreloadConfig)
    TIM_OC4Init                              0x0800711d   Thumb Code   112  stm32f4xx_tim.o(i.TIM_OC4Init)
    TIM_OC4PreloadConfig                     0x08007195   Thumb Code    26  stm32f4xx_tim.o(i.TIM_OC4PreloadConfig)
    TIM_OCStructInit                         0x080071af   Thumb Code    20  stm32f4xx_tim.o(i.TIM_OCStructInit)
    TIM_SetCounter                           0x080071c3   Thumb Code     4  stm32f4xx_tim.o(i.TIM_SetCounter)
    TIM_SetIC1Prescaler                      0x080071c7   Thumb Code    18  stm32f4xx_tim.o(i.TIM_SetIC1Prescaler)
    TIM_SetIC2Prescaler                      0x080071d9   Thumb Code    26  stm32f4xx_tim.o(i.TIM_SetIC2Prescaler)
    TIM_SetIC3Prescaler                      0x080071f3   Thumb Code    18  stm32f4xx_tim.o(i.TIM_SetIC3Prescaler)
    TIM_SetIC4Prescaler                      0x08007205   Thumb Code    26  stm32f4xx_tim.o(i.TIM_SetIC4Prescaler)
    TIM_TimeBaseInit                         0x08007221   Thumb Code   104  stm32f4xx_tim.o(i.TIM_TimeBaseInit)
    Task_BT                                  0x080072a5   Thumb Code    36  task.o(i.Task_BT)
    Task_PoseCalcu                           0x080072cd   Thumb Code  1282  task.o(i.Task_PoseCalcu)
    USART1_IRQHandler                        0x080077f1   Thumb Code    38  serial.o(i.USART1_IRQHandler)
    USART6_IRQHandler                        0x08007821   Thumb Code    38  serial.o(i.USART6_IRQHandler)
    USART_ClearITPendingBit                  0x08007851   Thumb Code    30  stm32f4xx_usart.o(i.USART_ClearITPendingBit)
    USART_Cmd                                0x0800786f   Thumb Code    24  stm32f4xx_usart.o(i.USART_Cmd)
    USART_GetFlagStatus                      0x08007887   Thumb Code    26  stm32f4xx_usart.o(i.USART_GetFlagStatus)
    USART_GetITStatus                        0x080078a1   Thumb Code    84  stm32f4xx_usart.o(i.USART_GetITStatus)
    USART_ITConfig                           0x080078f5   Thumb Code    74  stm32f4xx_usart.o(i.USART_ITConfig)
    USART_Init                               0x08007941   Thumb Code   204  stm32f4xx_usart.o(i.USART_Init)
    USART_ReceiveData                        0x08007a15   Thumb Code    10  stm32f4xx_usart.o(i.USART_ReceiveData)
    USART_SendData                           0x08007a1f   Thumb Code     8  stm32f4xx_usart.o(i.USART_SendData)
    UsageFault_Handler                       0x08007a27   Thumb Code     4  stm32f4xx_it.o(i.UsageFault_Handler)
    YawMap_value                             0x08007a2d   Thumb Code    86  pid.o(i.YawMap_value)
    YawPID_Contral                           0x08007a89   Thumb Code   122  pid.o(i.YawPID_Contral)
    __ARM_fpclassify                         0x08007eb9   Thumb Code    48  fpclassify.o(i.__ARM_fpclassify)
    __ARM_fpclassifyf                        0x08007ee9   Thumb Code    38  fpclassifyf.o(i.__ARM_fpclassifyf)
    __hardfp_asinf                           0x08007f11   Thumb Code   258  asinf.o(i.__hardfp_asinf)
    __hardfp_atan2f                          0x0800803d   Thumb Code   502  atan2f.o(i.__hardfp_atan2f)
    __hardfp_sqrt                            0x0800828d   Thumb Code   122  sqrt.o(i.__hardfp_sqrt)
    __mathlib_flt_infnan                     0x08008307   Thumb Code     6  funder.o(i.__mathlib_flt_infnan)
    __mathlib_flt_infnan2                    0x0800830d   Thumb Code     6  funder.o(i.__mathlib_flt_infnan2)
    __mathlib_flt_invalid                    0x08008315   Thumb Code    10  funder.o(i.__mathlib_flt_invalid)
    __mathlib_flt_underflow                  0x08008325   Thumb Code    10  funder.o(i.__mathlib_flt_underflow)
    _is_digit                                0x080083f1   Thumb Code    14  __printf_wp.o(i._is_digit)
    _sys_exit                                0x080083ff   Thumb Code     4  segger_rtt_syscalls_keil.o(i._sys_exit)
    delay_ms                                 0x08008405   Thumb Code    68  delay.o(i.delay_ms)
    delay_us                                 0x08008455   Thumb Code    84  delay.o(i.delay_us)
    invSqrt                                  0x080084ad   Thumb Code    56  posecalculate.o(i.invSqrt)
    main                                     0x080084e9   Thumb Code   176  main.o(i.main)
    sqrtf                                    0x080085dd   Thumb Code    62  sqrtf.o(i.sqrtf)
    _get_lc_numeric                          0x0800861d   Thumb Code    44  lc_numeric_c.o(locale$$code)
    _get_lc_ctype                            0x08008649   Thumb Code    44  lc_ctype_c.o(locale$$code)
    __aeabi_d2f                              0x08008675   Thumb Code     0  d2f.o(x$fpl$d2f)
    _d2f                                     0x08008675   Thumb Code    98  d2f.o(x$fpl$d2f)
    __aeabi_dadd                             0x080086d9   Thumb Code     0  daddsub_clz.o(x$fpl$dadd)
    _dadd                                    0x080086d9   Thumb Code   332  daddsub_clz.o(x$fpl$dadd)
    __aeabi_ddiv                             0x08008829   Thumb Code     0  ddiv.o(x$fpl$ddiv)
    _ddiv                                    0x08008829   Thumb Code   552  ddiv.o(x$fpl$ddiv)
    __aeabi_d2iz                             0x08008ad9   Thumb Code     0  dfix.o(x$fpl$dfix)
    _dfix                                    0x08008ad9   Thumb Code    94  dfix.o(x$fpl$dfix)
    __aeabi_i2d                              0x08008b37   Thumb Code     0  dflt_clz.o(x$fpl$dflt)
    _dflt                                    0x08008b37   Thumb Code    46  dflt_clz.o(x$fpl$dflt)
    __aeabi_dmul                             0x08008b65   Thumb Code     0  dmul.o(x$fpl$dmul)
    _dmul                                    0x08008b65   Thumb Code   332  dmul.o(x$fpl$dmul)
    __fpl_dnaninf                            0x08008cb9   Thumb Code   156  dnaninf.o(x$fpl$dnaninf)
    __fpl_dretinf                            0x08008d55   Thumb Code    12  dretinf.o(x$fpl$dretinf)
    _dsqrt                                   0x08008d61   Thumb Code   404  dsqrt_umaal.o(x$fpl$dsqrt)
    __aeabi_dsub                             0x08008ef9   Thumb Code     0  daddsub_clz.o(x$fpl$dsub)
    _dsub                                    0x08008ef9   Thumb Code   464  daddsub_clz.o(x$fpl$dsub)
    __aeabi_f2d                              0x080090cd   Thumb Code     0  f2d.o(x$fpl$f2d)
    _f2d                                     0x080090cd   Thumb Code    86  f2d.o(x$fpl$f2d)
    __fpl_fnaninf                            0x08009123   Thumb Code   140  fnaninf.o(x$fpl$fnaninf)
    _fp_init                                 0x080091af   Thumb Code    10  fpinit.o(x$fpl$fpinit)
    __fplib_config_fpu_vfp                   0x080091b7   Thumb Code     0  fpinit.o(x$fpl$fpinit)
    __fplib_config_pureend_doubles           0x080091b7   Thumb Code     0  fpinit.o(x$fpl$fpinit)
    __fpl_fretinf                            0x080091b9   Thumb Code    10  fretinf.o(x$fpl$fretinf)
    _printf_fp_dec                           0x080091c3   Thumb Code     4  printf1.o(x$fpl$printf1)
    _printf_fp_hex                           0x080091c7   Thumb Code     4  printf2.o(x$fpl$printf2)
    __I$use$fp                               0x080091ca   Number         0  usenofp.o(x$fpl$usenofp)
    acc_cali                                 0x080091cc   Data          24  task.o(.constdata)
    OSUnMapTbl                               0x080091e4   Data         256  os_core.o(.constdata)
    OSDebugEn                                0x080092e4   Data           2  os_dbg_r.o(.constdata)
    OSEndiannessTest                         0x080092e8   Data           4  os_dbg_r.o(.constdata)
    OSEventEn                                0x080092ec   Data           2  os_dbg_r.o(.constdata)
    OSEventMax                               0x080092ee   Data           2  os_dbg_r.o(.constdata)
    OSEventNameEn                            0x080092f0   Data           2  os_dbg_r.o(.constdata)
    OSEventSize                              0x080092f2   Data           2  os_dbg_r.o(.constdata)
    OSEventTblSize                           0x080092f4   Data           2  os_dbg_r.o(.constdata)
    OSEventMultiEn                           0x080092f6   Data           2  os_dbg_r.o(.constdata)
    OSFlagEn                                 0x080092f8   Data           2  os_dbg_r.o(.constdata)
    OSFlagGrpSize                            0x080092fa   Data           2  os_dbg_r.o(.constdata)
    OSFlagNodeSize                           0x080092fc   Data           2  os_dbg_r.o(.constdata)
    OSFlagWidth                              0x080092fe   Data           2  os_dbg_r.o(.constdata)
    OSFlagMax                                0x08009300   Data           2  os_dbg_r.o(.constdata)
    OSFlagNameEn                             0x08009302   Data           2  os_dbg_r.o(.constdata)
    OSLowestPrio                             0x08009304   Data           2  os_dbg_r.o(.constdata)
    OSMboxEn                                 0x08009306   Data           2  os_dbg_r.o(.constdata)
    OSMemEn                                  0x08009308   Data           2  os_dbg_r.o(.constdata)
    OSMemMax                                 0x0800930a   Data           2  os_dbg_r.o(.constdata)
    OSMemNameEn                              0x0800930c   Data           2  os_dbg_r.o(.constdata)
    OSMemSize                                0x0800930e   Data           2  os_dbg_r.o(.constdata)
    OSMemTblSize                             0x08009310   Data           2  os_dbg_r.o(.constdata)
    OSMutexEn                                0x08009312   Data           2  os_dbg_r.o(.constdata)
    OSPtrSize                                0x08009314   Data           2  os_dbg_r.o(.constdata)
    OSQEn                                    0x08009316   Data           2  os_dbg_r.o(.constdata)
    OSQMax                                   0x08009318   Data           2  os_dbg_r.o(.constdata)
    OSQSize                                  0x0800931a   Data           2  os_dbg_r.o(.constdata)
    OSRdyTblSize                             0x0800931c   Data           2  os_dbg_r.o(.constdata)
    OSSemEn                                  0x0800931e   Data           2  os_dbg_r.o(.constdata)
    OSStkWidth                               0x08009320   Data           2  os_dbg_r.o(.constdata)
    OSTaskCreateEn                           0x08009322   Data           2  os_dbg_r.o(.constdata)
    OSTaskCreateExtEn                        0x08009324   Data           2  os_dbg_r.o(.constdata)
    OSTaskDelEn                              0x08009326   Data           2  os_dbg_r.o(.constdata)
    OSTaskIdleStkSize                        0x08009328   Data           2  os_dbg_r.o(.constdata)
    OSTaskProfileEn                          0x0800932a   Data           2  os_dbg_r.o(.constdata)
    OSTaskMax                                0x0800932c   Data           2  os_dbg_r.o(.constdata)
    OSTaskNameEn                             0x0800932e   Data           2  os_dbg_r.o(.constdata)
    OSTaskStatEn                             0x08009330   Data           2  os_dbg_r.o(.constdata)
    OSTaskStatStkSize                        0x08009332   Data           2  os_dbg_r.o(.constdata)
    OSTaskStatStkChkEn                       0x08009334   Data           2  os_dbg_r.o(.constdata)
    OSTaskSwHookEn                           0x08009336   Data           2  os_dbg_r.o(.constdata)
    OSTaskRegTblSize                         0x08009338   Data           2  os_dbg_r.o(.constdata)
    OSTCBPrioTblMax                          0x0800933a   Data           2  os_dbg_r.o(.constdata)
    OSTCBSize                                0x0800933c   Data           2  os_dbg_r.o(.constdata)
    OSTicksPerSec                            0x0800933e   Data           2  os_dbg_r.o(.constdata)
    OSTimeTickHookEn                         0x08009340   Data           2  os_dbg_r.o(.constdata)
    OSVersionNbr                             0x08009342   Data           2  os_dbg_r.o(.constdata)
    OS_TLS_TblSize                           0x08009344   Data           2  os_dbg_r.o(.constdata)
    OSTmrEn                                  0x08009346   Data           2  os_dbg_r.o(.constdata)
    OSTmrCfgMax                              0x08009348   Data           2  os_dbg_r.o(.constdata)
    OSTmrCfgNameEn                           0x0800934a   Data           2  os_dbg_r.o(.constdata)
    OSTmrCfgWheelSize                        0x0800934c   Data           2  os_dbg_r.o(.constdata)
    OSTmrCfgTicksPerSec                      0x0800934e   Data           2  os_dbg_r.o(.constdata)
    OSTmrSize                                0x08009350   Data           2  os_dbg_r.o(.constdata)
    OSTmrTblSize                             0x08009352   Data           2  os_dbg_r.o(.constdata)
    OSTmrWheelSize                           0x08009354   Data           2  os_dbg_r.o(.constdata)
    OSTmrWheelTblSize                        0x08009356   Data           2  os_dbg_r.o(.constdata)
    OSDataSize                               0x08009358   Data           2  os_dbg_r.o(.constdata)
    SYSVIEW_X_OS_TraceAPI                    0x08009398   Data           8  segger_sysview_ucosii.o(.constdata)
    Region$$Table$$Base                      0x08009544   Number         0  anon$$obj.o(Region$$Table)
    Region$$Table$$Limit                     0x08009564   Number         0  anon$$obj.o(Region$$Table)
    __ctype                                  0x0800958d   Data           0  lc_ctype_c.o(locale$$data)
    errr                                     0x20000000   Data           1  main.o(.data)
    tmp2                                     0x20000004   Data           4  main.o(.data)
    AX                                       0x20000008   Data           2  task.o(.data)
    AY                                       0x2000000a   Data           2  task.o(.data)
    AZ                                       0x2000000c   Data           2  task.o(.data)
    GX                                       0x2000000e   Data           2  task.o(.data)
    GY                                       0x20000010   Data           2  task.o(.data)
    GZ                                       0x20000012   Data           2  task.o(.data)
    MX                                       0x20000014   Data           2  task.o(.data)
    MZ                                       0x20000016   Data           2  task.o(.data)
    MY                                       0x20000018   Data           2  task.o(.data)
    Axf                                      0x2000001c   Data           4  task.o(.data)
    Ayf                                      0x20000020   Data           4  task.o(.data)
    Azf                                      0x20000024   Data           4  task.o(.data)
    pwm_IN                                   0x20000028   Data           8  task.o(.data)
    tmp                                      0x20000030   Data           4  task.o(.data)
    err                                      0x20000034   Data           1  task.o(.data)
    cpu_sr                                   0x20000038   Data           4  task.o(.data)
    test                                     0x2000003c   Data           1  task.o(.data)
    Serial_RxData                            0x2000003e   Data           2  serial.o(.data)
    Serial_RxFlag                            0x20000040   Data           1  serial.o(.data)
    TIM2_CAPTURE_STA                         0x20000041   Data           4  receiver_l.o(.data)
    TIM4_CAPTURE_STA                         0x20000045   Data           4  receiver_l.o(.data)
    OSCtxSwCtr                               0x20000060   Data           4  os_core.o(.data)
    OSEventFreeList                          0x20000064   Data           4  os_core.o(.data)
    OSFlagFreeList                           0x20000068   Data           4  os_core.o(.data)
    OSCPUUsage                               0x2000006c   Data           1  os_core.o(.data)
    OSIdleCtrMax                             0x20000070   Data           4  os_core.o(.data)
    OSIdleCtrRun                             0x20000074   Data           4  os_core.o(.data)
    OSStatRdy                                0x20000078   Data           1  os_core.o(.data)
    OSIntNesting                             0x20000079   Data           1  os_core.o(.data)
    OSLockNesting                            0x2000007a   Data           1  os_core.o(.data)
    OSPrioCur                                0x2000007b   Data           1  os_core.o(.data)
    OSPrioHighRdy                            0x2000007c   Data           1  os_core.o(.data)
    OSRdyGrp                                 0x2000007d   Data           1  os_core.o(.data)
    OSRdyTbl                                 0x2000007e   Data           8  os_core.o(.data)
    OSRunning                                0x20000086   Data           1  os_core.o(.data)
    OSTaskCtr                                0x20000087   Data           1  os_core.o(.data)
    OSIdleCtr                                0x20000088   Data           4  os_core.o(.data)
    OSTCBCur                                 0x2000008c   Data           4  os_core.o(.data)
    OSTCBFreeList                            0x20000090   Data           4  os_core.o(.data)
    OSTCBHighRdy                             0x20000094   Data           4  os_core.o(.data)
    OSTCBList                                0x20000098   Data           4  os_core.o(.data)
    OSTickStepState                          0x2000009c   Data           1  os_core.o(.data)
    OSMemFreeList                            0x200000a0   Data           4  os_core.o(.data)
    OSQFreeList                              0x200000a4   Data           4  os_core.o(.data)
    OSTaskRegNextAvailID                     0x200000a8   Data           1  os_core.o(.data)
    OSTime                                   0x200000ac   Data           4  os_core.o(.data)
    OSTmrFree                                0x200000b0   Data           2  os_core.o(.data)
    OSTmrUsed                                0x200000b2   Data           2  os_core.o(.data)
    OSTmrTime                                0x200000b4   Data           4  os_core.o(.data)
    OSTmrSem                                 0x200000b8   Data           4  os_core.o(.data)
    OSTmrSemSignal                           0x200000bc   Data           4  os_core.o(.data)
    OSTmrFreeList                            0x200000c0   Data           4  os_core.o(.data)
    OS_CPU_ExceptStkBase                     0x200000c4   Data           4  os_cpu_c.o(.data)
    OS_KA_BASEPRI_Boundary                   0x200000cc   Data           4  os_cpu_c.o(.data)
    SEGGER_SYSVIEW_TickCnt                   0x200000d0   Data           4  segger_sysview.o(.data)
    SEGGER_SYSVIEW_InterruptId               0x200000d4   Data           4  segger_sysview.o(.data)
    beta                                     0x200000f0   Data           4  posecalculate.o(.data)
    q0                                       0x200000f4   Data           4  posecalculate.o(.data)
    q1                                       0x200000f8   Data           4  posecalculate.o(.data)
    q2                                       0x200000fc   Data           4  posecalculate.o(.data)
    q3                                       0x20000100   Data           4  posecalculate.o(.data)
    yaw                                      0x20000104   Data           4  posecalculate.o(.data)
    pitch                                    0x20000108   Data           4  posecalculate.o(.data)
    roll                                     0x2000010c   Data           4  posecalculate.o(.data)
    rollOffset                               0x20000110   Data           4  posecalculate.o(.data)
    pitchOffset                              0x20000114   Data           4  posecalculate.o(.data)
    w_yaw_Exp                                0x20000118   Data           4  pid.o(.data)
    pitch_Exp                                0x2000011c   Data           4  pid.o(.data)
    roll_Exp                                 0x20000120   Data           4  pid.o(.data)
    YawController                            0x20000124   Data           4  pid.o(.data)
    PitchController                          0x20000128   Data           4  pid.o(.data)
    RollController                           0x2000012c   Data           4  pid.o(.data)
    pwm_OUT                                  0x20000130   Data           8  pid.o(.data)
    Speed                                    0x20000138   Data           2  pid.o(.data)
    USART_RECEIVE                            0x2000013c   Data         400  main.o(.bss)
    USART_test                               0x200002cc   Data         400  main.o(.bss)
    GY86                                     0x2000045c   Data        2048  main.o(.bss)
    Motor                                    0x20000c5c   Data        2048  main.o(.bss)
    BT                                       0x2000145c   Data        2048  main.o(.bss)
    PoseCalcu                                0x20001c5c   Data        2048  main.o(.bss)
    TIM2_CAPTURE_VAL                         0x2000245c   Data          16  receiver_l.o(.bss)
    TIM4_CAPTURE_VAL                         0x2000246c   Data          16  receiver_l.o(.bss)
    OSEventTbl                               0x2000247c   Data         240  os_core.o(.bss)
    OSFlagTbl                                0x2000256c   Data          80  os_core.o(.bss)
    OSTaskStatStk                            0x200025bc   Data         512  os_core.o(.bss)
    OSTaskIdleStk                            0x200027bc   Data         512  os_core.o(.bss)
    OSTCBPrioTbl                             0x200029bc   Data         256  os_core.o(.bss)
    OSTCBTbl                                 0x20002abc   Data        2024  os_core.o(.bss)
    OSMemTbl                                 0x200032a4   Data         120  os_core.o(.bss)
    OSQTbl                                   0x2000331c   Data          96  os_core.o(.bss)
    OSTmrTbl                                 0x2000337c   Data         640  os_core.o(.bss)
    OSTmrTaskStk                             0x200035fc   Data         512  os_core.o(.bss)
    OSTmrWheelTbl                            0x200037fc   Data          56  os_core.o(.bss)
    OS_CPU_ExceptStk                         0x20003834   Data        1024  os_cpu_c.o(.bss)
    _SEGGER_RTT                              0x20003c34   Data         168  segger_rtt.o(.bss)
    gyroData                                 0x20006678   Data          12  posecalculate.o(.bss)
    accData                                  0x20006684   Data          12  posecalculate.o(.bss)
    magData                                  0x20006690   Data          12  posecalculate.o(.bss)
    __libspace_start                         0x2000669c   Data          96  libspace.o(.bss)
    __temporary_stack_top$libspace           0x200066fc   Data           0  libspace.o(.bss)



==============================================================================

Memory Map of the image

  Image Entry point : 0x08000195

  Load Region LR_IROM1 (Base: 0x08000000, Size: 0x000097cc, Max: 0x00080000, ABSOLUTE, COMPRESSED[0x000096b4])

    Execution Region ER_IROM1 (Exec base: 0x08000000, Load base: 0x08000000, Size: 0x00009690, Max: 0x00080000, ABSOLUTE)

    Exec Addr    Load Addr    Size         Type   Attr      Idx    E Section Name        Object

    0x08000000   0x08000000   0x00000194   Data   RO         8031    RESET               startup_stm32f401xe.o
    0x08000194   0x08000194   0x00000008   Code   RO         8125  * !!!main             c_w.l(__main.o)
    0x0800019c   0x0800019c   0x00000034   Code   RO         8683    !!!scatter          c_w.l(__scatter.o)
    0x080001d0   0x080001d0   0x0000003a   Code   RO         8681    !!dczerorl          c_w.l(__dczerorl.o)
    0x0800020a   0x0800020a   0x00000002   PAD
    0x0800020c   0x0800020c   0x0000001c   Code   RO         8685    !!handler_zi        c_w.l(__scatter_zi.o)
    0x08000228   0x08000228   0x00000000   Code   RO         8106    .ARM.Collect$$_printf_percent$$00000000  c_w.l(_printf_percent.o)
    0x08000228   0x08000228   0x00000006   Code   RO         8260    .ARM.Collect$$_printf_percent$$00000001  c_w.l(_printf_n.o)
    0x0800022e   0x0800022e   0x00000006   Code   RO         8262    .ARM.Collect$$_printf_percent$$00000002  c_w.l(_printf_p.o)
    0x08000234   0x08000234   0x00000006   Code   RO         8105    .ARM.Collect$$_printf_percent$$00000003  c_w.l(_printf_f.o)
    0x0800023a   0x0800023a   0x00000006   Code   RO         8267    .ARM.Collect$$_printf_percent$$00000004  c_w.l(_printf_e.o)
    0x08000240   0x08000240   0x00000006   Code   RO         8268    .ARM.Collect$$_printf_percent$$00000005  c_w.l(_printf_g.o)
    0x08000246   0x08000246   0x00000006   Code   RO         8269    .ARM.Collect$$_printf_percent$$00000006  c_w.l(_printf_a.o)
    0x0800024c   0x0800024c   0x0000000a   Code   RO         8274    .ARM.Collect$$_printf_percent$$00000007  c_w.l(_printf_ll.o)
    0x08000256   0x08000256   0x00000006   Code   RO         8264    .ARM.Collect$$_printf_percent$$00000008  c_w.l(_printf_i.o)
    0x0800025c   0x0800025c   0x00000006   Code   RO         8265    .ARM.Collect$$_printf_percent$$00000009  c_w.l(_printf_d.o)
    0x08000262   0x08000262   0x00000006   Code   RO         8266    .ARM.Collect$$_printf_percent$$0000000A  c_w.l(_printf_u.o)
    0x08000268   0x08000268   0x00000006   Code   RO         8263    .ARM.Collect$$_printf_percent$$0000000B  c_w.l(_printf_o.o)
    0x0800026e   0x0800026e   0x00000006   Code   RO         8261    .ARM.Collect$$_printf_percent$$0000000C  c_w.l(_printf_x.o)
    0x08000274   0x08000274   0x00000006   Code   RO         8271    .ARM.Collect$$_printf_percent$$0000000D  c_w.l(_printf_lli.o)
    0x0800027a   0x0800027a   0x00000006   Code   RO         8272    .ARM.Collect$$_printf_percent$$0000000E  c_w.l(_printf_lld.o)
    0x08000280   0x08000280   0x00000006   Code   RO         8273    .ARM.Collect$$_printf_percent$$0000000F  c_w.l(_printf_llu.o)
    0x08000286   0x08000286   0x00000006   Code   RO         8278    .ARM.Collect$$_printf_percent$$00000010  c_w.l(_printf_llo.o)
    0x0800028c   0x0800028c   0x00000006   Code   RO         8279    .ARM.Collect$$_printf_percent$$00000011  c_w.l(_printf_llx.o)
    0x08000292   0x08000292   0x0000000a   Code   RO         8275    .ARM.Collect$$_printf_percent$$00000012  c_w.l(_printf_l.o)
    0x0800029c   0x0800029c   0x00000006   Code   RO         8258    .ARM.Collect$$_printf_percent$$00000013  c_w.l(_printf_c.o)
    0x080002a2   0x080002a2   0x00000006   Code   RO         8259    .ARM.Collect$$_printf_percent$$00000014  c_w.l(_printf_s.o)
    0x080002a8   0x080002a8   0x00000006   Code   RO         8276    .ARM.Collect$$_printf_percent$$00000015  c_w.l(_printf_lc.o)
    0x080002ae   0x080002ae   0x00000006   Code   RO         8277    .ARM.Collect$$_printf_percent$$00000016  c_w.l(_printf_ls.o)
    0x080002b4   0x080002b4   0x00000004   Code   RO         8270    .ARM.Collect$$_printf_percent$$00000017  c_w.l(_printf_percent_end.o)
    0x080002b8   0x080002b8   0x00000002   Code   RO         8608    .ARM.Collect$$libinit$$00000000  c_w.l(libinit.o)
    0x080002ba   0x080002ba   0x00000004   Code   RO         8491    .ARM.Collect$$libinit$$00000001  c_w.l(libinit2.o)
    0x080002be   0x080002be   0x00000000   Code   RO         8494    .ARM.Collect$$libinit$$00000004  c_w.l(libinit2.o)
    0x080002be   0x080002be   0x00000000   Code   RO         8497    .ARM.Collect$$libinit$$0000000A  c_w.l(libinit2.o)
    0x080002be   0x080002be   0x00000000   Code   RO         8499    .ARM.Collect$$libinit$$0000000C  c_w.l(libinit2.o)
    0x080002be   0x080002be   0x00000000   Code   RO         8501    .ARM.Collect$$libinit$$0000000E  c_w.l(libinit2.o)
    0x080002be   0x080002be   0x00000006   Code   RO         8502    .ARM.Collect$$libinit$$0000000F  c_w.l(libinit2.o)
    0x080002c4   0x080002c4   0x00000000   Code   RO         8504    .ARM.Collect$$libinit$$00000011  c_w.l(libinit2.o)
    0x080002c4   0x080002c4   0x0000000c   Code   RO         8505    .ARM.Collect$$libinit$$00000012  c_w.l(libinit2.o)
    0x080002d0   0x080002d0   0x00000000   Code   RO         8506    .ARM.Collect$$libinit$$00000013  c_w.l(libinit2.o)
    0x080002d0   0x080002d0   0x00000000   Code   RO         8508    .ARM.Collect$$libinit$$00000015  c_w.l(libinit2.o)
    0x080002d0   0x080002d0   0x0000000a   Code   RO         8509    .ARM.Collect$$libinit$$00000016  c_w.l(libinit2.o)
    0x080002da   0x080002da   0x00000000   Code   RO         8510    .ARM.Collect$$libinit$$00000017  c_w.l(libinit2.o)
    0x080002da   0x080002da   0x00000000   Code   RO         8512    .ARM.Collect$$libinit$$00000019  c_w.l(libinit2.o)
    0x080002da   0x080002da   0x00000000   Code   RO         8514    .ARM.Collect$$libinit$$0000001B  c_w.l(libinit2.o)
    0x080002da   0x080002da   0x00000000   Code   RO         8516    .ARM.Collect$$libinit$$0000001D  c_w.l(libinit2.o)
    0x080002da   0x080002da   0x00000000   Code   RO         8518    .ARM.Collect$$libinit$$0000001F  c_w.l(libinit2.o)
    0x080002da   0x080002da   0x00000000   Code   RO         8520    .ARM.Collect$$libinit$$00000021  c_w.l(libinit2.o)
    0x080002da   0x080002da   0x00000000   Code   RO         8522    .ARM.Collect$$libinit$$00000023  c_w.l(libinit2.o)
    0x080002da   0x080002da   0x00000000   Code   RO         8524    .ARM.Collect$$libinit$$00000025  c_w.l(libinit2.o)
    0x080002da   0x080002da   0x00000000   Code   RO         8528    .ARM.Collect$$libinit$$0000002C  c_w.l(libinit2.o)
    0x080002da   0x080002da   0x00000000   Code   RO         8530    .ARM.Collect$$libinit$$0000002E  c_w.l(libinit2.o)
    0x080002da   0x080002da   0x00000000   Code   RO         8532    .ARM.Collect$$libinit$$00000030  c_w.l(libinit2.o)
    0x080002da   0x080002da   0x00000000   Code   RO         8534    .ARM.Collect$$libinit$$00000032  c_w.l(libinit2.o)
    0x080002da   0x080002da   0x00000002   Code   RO         8535    .ARM.Collect$$libinit$$00000033  c_w.l(libinit2.o)
    0x080002dc   0x080002dc   0x00000002   Code   RO         8678    .ARM.Collect$$libshutdown$$00000000  c_w.l(libshutdown.o)
    0x080002de   0x080002de   0x00000000   Code   RO         8537    .ARM.Collect$$libshutdown$$00000002  c_w.l(libshutdown2.o)
    0x080002de   0x080002de   0x00000000   Code   RO         8539    .ARM.Collect$$libshutdown$$00000004  c_w.l(libshutdown2.o)
    0x080002de   0x080002de   0x00000000   Code   RO         8542    .ARM.Collect$$libshutdown$$00000007  c_w.l(libshutdown2.o)
    0x080002de   0x080002de   0x00000000   Code   RO         8545    .ARM.Collect$$libshutdown$$0000000A  c_w.l(libshutdown2.o)
    0x080002de   0x080002de   0x00000000   Code   RO         8547    .ARM.Collect$$libshutdown$$0000000C  c_w.l(libshutdown2.o)
    0x080002de   0x080002de   0x00000000   Code   RO         8550    .ARM.Collect$$libshutdown$$0000000F  c_w.l(libshutdown2.o)
    0x080002de   0x080002de   0x00000002   Code   RO         8551    .ARM.Collect$$libshutdown$$00000010  c_w.l(libshutdown2.o)
    0x080002e0   0x080002e0   0x00000000   Code   RO         8205    .ARM.Collect$$rtentry$$00000000  c_w.l(__rtentry.o)
    0x080002e0   0x080002e0   0x00000000   Code   RO         8346    .ARM.Collect$$rtentry$$00000002  c_w.l(__rtentry2.o)
    0x080002e0   0x080002e0   0x00000006   Code   RO         8358    .ARM.Collect$$rtentry$$00000004  c_w.l(__rtentry4.o)
    0x080002e6   0x080002e6   0x00000000   Code   RO         8348    .ARM.Collect$$rtentry$$00000009  c_w.l(__rtentry2.o)
    0x080002e6   0x080002e6   0x00000004   Code   RO         8349    .ARM.Collect$$rtentry$$0000000A  c_w.l(__rtentry2.o)
    0x080002ea   0x080002ea   0x00000000   Code   RO         8351    .ARM.Collect$$rtentry$$0000000C  c_w.l(__rtentry2.o)
    0x080002ea   0x080002ea   0x00000008   Code   RO         8352    .ARM.Collect$$rtentry$$0000000D  c_w.l(__rtentry2.o)
    0x080002f2   0x080002f2   0x00000002   Code   RO         8611    .ARM.Collect$$rtexit$$00000000  c_w.l(rtexit.o)
    0x080002f4   0x080002f4   0x00000000   Code   RO         8644    .ARM.Collect$$rtexit$$00000002  c_w.l(rtexit2.o)
    0x080002f4   0x080002f4   0x00000004   Code   RO         8645    .ARM.Collect$$rtexit$$00000003  c_w.l(rtexit2.o)
    0x080002f8   0x080002f8   0x00000006   Code   RO         8646    .ARM.Collect$$rtexit$$00000004  c_w.l(rtexit2.o)
    0x080002fe   0x080002fe   0x00000002   PAD
    0x08000300   0x08000300   0x00000134   Code   RO         6744    .text               os_cpu_a.o
    0x08000434   0x08000434   0x00000040   Code   RO         8032    .text               startup_stm32f401xe.o
    0x08000474   0x08000474   0x00000002   Code   RO         8075    .text               c_w.l(use_no_semi_2.o)
    0x08000476   0x08000476   0x00000002   PAD
    0x08000478   0x08000478   0x00000024   Code   RO         8077    .text               c_w.l(vsprintf.o)
    0x0800049c   0x0800049c   0x00000188   Code   RO         8102    .text               c_w.l(__printf_flags_ss_wp.o)
    0x08000624   0x08000624   0x0000008a   Code   RO         8119    .text               c_w.l(rt_memcpy_v6.o)
    0x080006ae   0x080006ae   0x0000004e   Code   RO         8121    .text               c_w.l(rt_memclr_w.o)
    0x080006fc   0x080006fc   0x00000006   Code   RO         8123    .text               c_w.l(heapauxi.o)
    0x08000702   0x08000702   0x00000002   Code   RO         8203    .text               c_w.l(use_no_semi.o)
    0x08000704   0x08000704   0x00000016   Code   RO         8206    .text               c_w.l(_rserrno.o)
    0x0800071a   0x0800071a   0x0000004e   Code   RO         8208    .text               c_w.l(_printf_pad.o)
    0x08000768   0x08000768   0x00000024   Code   RO         8210    .text               c_w.l(_printf_truncate.o)
    0x0800078c   0x0800078c   0x00000052   Code   RO         8212    .text               c_w.l(_printf_str.o)
    0x080007de   0x080007de   0x00000002   PAD
    0x080007e0   0x080007e0   0x00000078   Code   RO         8214    .text               c_w.l(_printf_dec.o)
    0x08000858   0x08000858   0x00000028   Code   RO         8216    .text               c_w.l(_printf_charcount.o)
    0x08000880   0x08000880   0x0000041e   Code   RO         8218    .text               c_w.l(_printf_fp_dec.o)
    0x08000c9e   0x08000c9e   0x00000002   PAD
    0x08000ca0   0x08000ca0   0x00000030   Code   RO         8220    .text               c_w.l(_printf_char_common.o)
    0x08000cd0   0x08000cd0   0x0000000a   Code   RO         8222    .text               c_w.l(_sputc.o)
    0x08000cda   0x08000cda   0x00000002   PAD
    0x08000cdc   0x08000cdc   0x000000bc   Code   RO         8226    .text               c_w.l(_printf_wctomb.o)
    0x08000d98   0x08000d98   0x0000007c   Code   RO         8229    .text               c_w.l(_printf_longlong_dec.o)
    0x08000e14   0x08000e14   0x00000070   Code   RO         8235    .text               c_w.l(_printf_oct_int_ll.o)
    0x08000e84   0x08000e84   0x00000094   Code   RO         8255    .text               c_w.l(_printf_hex_int_ll_ptr.o)
    0x08000f18   0x08000f18   0x00000064   Code   RO         8289    .text               c_w.l(rt_memcpy_w.o)
    0x08000f7c   0x08000f7c   0x00000008   Code   RO         8363    .text               c_w.l(rt_locale_intlibspace.o)
    0x08000f84   0x08000f84   0x00000008   Code   RO         8368    .text               c_w.l(rt_errno_addr_intlibspace.o)
    0x08000f8c   0x08000f8c   0x0000008a   Code   RO         8426    .text               c_w.l(lludiv10.o)
    0x08001016   0x08001016   0x000000b2   Code   RO         8428    .text               c_w.l(_printf_intcommon.o)
    0x080010c8   0x080010c8   0x000002fc   Code   RO         8430    .text               c_w.l(_printf_fp_hex.o)
    0x080013c4   0x080013c4   0x00000080   Code   RO         8433    .text               c_w.l(_printf_fp_infnan.o)
    0x08001444   0x08001444   0x0000002c   Code   RO         8437    .text               c_w.l(_printf_char.o)
    0x08001470   0x08001470   0x0000002c   Code   RO         8439    .text               c_w.l(_printf_wchar.o)
    0x0800149c   0x0800149c   0x000000e4   Code   RO         8441    .text               c_w.l(bigflt0.o)
    0x08001580   0x08001580   0x00000040   Code   RO         8482    .text               c_w.l(_wcrtomb.o)
    0x080015c0   0x080015c0   0x00000008   Code   RO         8556    .text               c_w.l(libspace.o)
    0x080015c8   0x080015c8   0x0000004a   Code   RO         8560    .text               c_w.l(sys_stackheap_outer.o)
    0x08001612   0x08001612   0x00000002   PAD
    0x08001614   0x08001614   0x00000010   Code   RO         8562    .text               c_w.l(rt_ctype_table.o)
    0x08001624   0x08001624   0x00000012   Code   RO         8593    .text               c_w.l(exit.o)
    0x08001636   0x08001636   0x00000002   PAD
    0x08001638   0x08001638   0x00000080   Code   RO         8599    .text               c_w.l(strcmpv7m.o)
    0x080016b8   0x080016b8   0x0000003e   Code   RO         8444    CL$$btod_d2e        c_w.l(btod.o)
    0x080016f6   0x080016f6   0x00000046   Code   RO         8446    CL$$btod_d2e_denorm_low  c_w.l(btod.o)
    0x0800173c   0x0800173c   0x00000060   Code   RO         8445    CL$$btod_d2e_norm_op1  c_w.l(btod.o)
    0x0800179c   0x0800179c   0x00000338   Code   RO         8454    CL$$btod_div_common  c_w.l(btod.o)
    0x08001ad4   0x08001ad4   0x000000dc   Code   RO         8451    CL$$btod_e2e        c_w.l(btod.o)
    0x08001bb0   0x08001bb0   0x0000002a   Code   RO         8448    CL$$btod_ediv       c_w.l(btod.o)
    0x08001bda   0x08001bda   0x0000002a   Code   RO         8447    CL$$btod_emul       c_w.l(btod.o)
    0x08001c04   0x08001c04   0x00000244   Code   RO         8453    CL$$btod_mult_common  c_w.l(btod.o)
    0x08001e48   0x08001e48   0x00000002   Code   RO         5861    i.App_TCBInitHook   app_hooks.o
    0x08001e4a   0x08001e4a   0x00000002   Code   RO         5862    i.App_TaskCreateHook  app_hooks.o
    0x08001e4c   0x08001e4c   0x00000002   Code   RO         5863    i.App_TaskDelHook   app_hooks.o
    0x08001e4e   0x08001e4e   0x00000002   Code   RO         5864    i.App_TaskIdleHook  app_hooks.o
    0x08001e50   0x08001e50   0x00000002   Code   RO         5865    i.App_TaskReturnHook  app_hooks.o
    0x08001e52   0x08001e52   0x00000002   Code   RO         5866    i.App_TaskStatHook  app_hooks.o
    0x08001e54   0x08001e54   0x00000002   Code   RO         5867    i.App_TaskSwHook    app_hooks.o
    0x08001e56   0x08001e56   0x00000002   Code   RO         5868    i.App_TimeTickHook  app_hooks.o
    0x08001e58   0x08001e58   0x0000012c   Code   RO         7860    i.AttitudeSolver_GetEulerAngles  posecalculate.o
    0x08001f84   0x08001f84   0x00000004   Code   RO            4    i.BusFault_Handler  stm32f4xx_it.o
    0x08001f88   0x08001f88   0x00000054   Code   RO         5799    i.DELAY_Init        delay.o
    0x08001fdc   0x08001fdc   0x00000002   Code   RO            5    i.DebugMon_Handler  stm32f4xx_it.o
    0x08001fde   0x08001fde   0x00000002   PAD
    0x08001fe0   0x08001fe0   0x00000044   Code   RO         7950    i.ExpAngleByReceiver  pid.o
    0x08002024   0x08002024   0x00000090   Code   RO          917    i.GPIO_Init         stm32f4xx_gpio.o
    0x080020b4   0x080020b4   0x00000046   Code   RO          918    i.GPIO_PinAFConfig  stm32f4xx_gpio.o
    0x080020fa   0x080020fa   0x00000012   Code   RO          921    i.GPIO_ReadInputDataBit  stm32f4xx_gpio.o
    0x0800210c   0x0800210c   0x00000004   Code   RO          925    i.GPIO_SetBits      stm32f4xx_gpio.o
    0x08002110   0x08002110   0x0000000c   Code   RO          929    i.GPIO_WriteBit     stm32f4xx_gpio.o
    0x0800211c   0x0800211c   0x00000010   Code   RO          475    i.GY86_Init         gy86.o
    0x0800212c   0x0800212c   0x00000058   Code   RO          476    i.HMC_GetData       gy86.o
    0x08002184   0x08002184   0x0000001c   Code   RO          477    i.HMC_Init          gy86.o
    0x080021a0   0x080021a0   0x0000003e   Code   RO          478    i.HMC_ReadReg       gy86.o
    0x080021de   0x080021de   0x0000002e   Code   RO          479    i.HMC_WriteReg      gy86.o
    0x0800220c   0x0800220c   0x00000004   Code   RO            6    i.HardFault_Handler  stm32f4xx_it.o
    0x08002210   0x08002210   0x00000110   Code   RO          863    i.ICTIM2_Init       receiver_l.o
    0x08002320   0x08002320   0x00000118   Code   RO          864    i.ICTIM4_Init       receiver_l.o
    0x08002438   0x08002438   0x000000ac   Code   RO          480    i.MPU6050_GetData   gy86.o
    0x080024e4   0x080024e4   0x00000048   Code   RO          482    i.MPU6050_Init      gy86.o
    0x0800252c   0x0800252c   0x0000003e   Code   RO          483    i.MPU_ReadReg       gy86.o
    0x0800256a   0x0800256a   0x0000002e   Code   RO          484    i.MPU_WriteReg      gy86.o
    0x08002598   0x08002598   0x000009fc   Code   RO         7861    i.MadgwickAHRSupdate  posecalculate.o
    0x08002f94   0x08002f94   0x000003e0   Code   RO         7862    i.MadgwickAHRSupdateIMU  posecalculate.o
    0x08003374   0x08003374   0x00000004   Code   RO            7    i.MemManage_Handler  stm32f4xx_it.o
    0x08003378   0x08003378   0x00000008   Code   RO          785    i.Motor_Init        pwm.o
    0x08003380   0x08003380   0x00000040   Code   RO          397    i.MyIIC_Init        myiic.o
    0x080033c0   0x080033c0   0x0000001c   Code   RO          398    i.MyIIC_R_SDA       myiic.o
    0x080033dc   0x080033dc   0x0000001e   Code   RO          399    i.MyIIC_ReceiveAck  myiic.o
    0x080033fa   0x080033fa   0x00000034   Code   RO          400    i.MyIIC_ReceiveByte  myiic.o
    0x0800342e   0x0800342e   0x00000018   Code   RO          401    i.MyIIC_SendAck     myiic.o
    0x08003446   0x08003446   0x0000002a   Code   RO          402    i.MyIIC_SendByte    myiic.o
    0x08003470   0x08003470   0x0000001c   Code   RO          403    i.MyIIC_Start       myiic.o
    0x0800348c   0x0800348c   0x00000016   Code   RO          404    i.MyIIC_Stop        myiic.o
    0x080034a2   0x080034a2   0x00000002   PAD
    0x080034a4   0x080034a4   0x0000001c   Code   RO          405    i.MyIIC_W_SCL       myiic.o
    0x080034c0   0x080034c0   0x0000001c   Code   RO          406    i.MyIIC_W_SDA       myiic.o
    0x080034dc   0x080034dc   0x00000002   Code   RO            8    i.NMI_Handler       stm32f4xx_it.o
    0x080034de   0x080034de   0x00000002   PAD
    0x080034e0   0x080034e0   0x00000078   Code   RO         1332    i.NVIC_Init         misc.o
    0x08003558   0x08003558   0x00000014   Code   RO         1333    i.NVIC_PriorityGroupConfig  misc.o
    0x0800356c   0x0800356c   0x0000015c   Code   RO         6141    i.OSDebugInit       os_dbg_r.o
    0x080036c8   0x080036c8   0x00000080   Code   RO         5922    i.OSEventNameSet    os_core.o
    0x08003748   0x08003748   0x00000038   Code   RO         5924    i.OSInit            os_core.o
    0x08003780   0x08003780   0x0000005c   Code   RO         6747    i.OSInitHookBegin   os_cpu_c.o
    0x080037dc   0x080037dc   0x00000002   Code   RO         6748    i.OSInitHookEnd     os_cpu_c.o
    0x080037de   0x080037de   0x00000002   PAD
    0x080037e0   0x080037e0   0x0000002c   Code   RO         5925    i.OSIntEnter        os_core.o
    0x0800380c   0x0800380c   0x000000b0   Code   RO         5926    i.OSIntExit         os_core.o
    0x080038bc   0x080038bc   0x00000048   Code   RO         5927    i.OSSchedLock       os_core.o
    0x08003904   0x08003904   0x00000070   Code   RO         5928    i.OSSchedUnlock     os_core.o
    0x08003974   0x08003974   0x00000068   Code   RO         6460    i.OSSemCreate       os_sem.o
    0x080039dc   0x080039dc   0x00000118   Code   RO         6462    i.OSSemPend         os_sem.o
    0x08003af4   0x08003af4   0x00000070   Code   RO         6464    i.OSSemPost         os_sem.o
    0x08003b64   0x08003b64   0x00000048   Code   RO         5929    i.OSStart           os_core.o
    0x08003bac   0x08003bac   0x0000000c   Code   RO         6749    i.OSTCBInitHook     os_cpu_c.o
    0x08003bb8   0x08003bb8   0x00000128   Code   RO         6515    i.OSTaskCreateExt   os_task.o
    0x08003ce0   0x08003ce0   0x0000000c   Code   RO         6750    i.OSTaskCreateHook  os_cpu_c.o
    0x08003cec   0x08003cec   0x00000190   Code   RO         6516    i.OSTaskDel         os_task.o
    0x08003e7c   0x08003e7c   0x0000000c   Code   RO         6751    i.OSTaskDelHook     os_cpu_c.o
    0x08003e88   0x08003e88   0x00000008   Code   RO         6752    i.OSTaskIdleHook    os_cpu_c.o
    0x08003e90   0x08003e90   0x000000ac   Code   RO         6519    i.OSTaskNameSet     os_task.o
    0x08003f3c   0x08003f3c   0x0000000c   Code   RO         6753    i.OSTaskReturnHook  os_cpu_c.o
    0x08003f48   0x08003f48   0x00000008   Code   RO         6754    i.OSTaskStatHook    os_cpu_c.o
    0x08003f50   0x08003f50   0x000000b0   Code   RO         6525    i.OSTaskStkChk      os_task.o
    0x08004000   0x08004000   0x0000022c   Code   RO         6755    i.OSTaskStkInit     os_cpu_c.o
    0x0800422c   0x0800422c   0x000000d4   Code   RO         6526    i.OSTaskSuspend     os_task.o
    0x08004300   0x08004300   0x0000002c   Code   RO         6756    i.OSTaskSwHook      os_cpu_c.o
    0x0800432c   0x0800432c   0x0000008c   Code   RO         6615    i.OSTimeDly         os_time.o
    0x080043b8   0x080043b8   0x00000028   Code   RO         6618    i.OSTimeGet         os_time.o
    0x080043e0   0x080043e0   0x00000110   Code   RO         5931    i.OSTimeTick        os_core.o
    0x080044f0   0x080044f0   0x00000028   Code   RO         6757    i.OSTimeTickHook    os_cpu_c.o
    0x08004518   0x08004518   0x00000014   Code   RO         6655    i.OSTmrSignal       os_tmr.o
    0x0800452c   0x0800452c   0x000000f4   Code   RO         6661    i.OSTmr_Init        os_tmr.o
    0x08004620   0x08004620   0x00000050   Code   RO         6662    i.OSTmr_InitTask    os_tmr.o
    0x08004670   0x08004670   0x00000074   Code   RO         6663    i.OSTmr_Link        os_tmr.o
    0x080046e4   0x080046e4   0x00000084   Code   RO         6664    i.OSTmr_Task        os_tmr.o
    0x08004768   0x08004768   0x00000048   Code   RO         6665    i.OSTmr_Unlink      os_tmr.o
    0x080047b0   0x080047b0   0x00000026   Code   RO         6758    i.OS_CPU_SysTickHandler  os_cpu_c.o
    0x080047d6   0x080047d6   0x00000002   Code   RO         5933    i.OS_Dummy          os_core.o
    0x080047d8   0x080047d8   0x0000009c   Code   RO         5934    i.OS_EventTaskRdy   os_core.o
    0x08004874   0x08004874   0x0000002e   Code   RO         5935    i.OS_EventTaskRemove  os_core.o
    0x080048a2   0x080048a2   0x0000003a   Code   RO         5936    i.OS_EventTaskRemoveMulti  os_core.o
    0x080048dc   0x080048dc   0x00000088   Code   RO         5937    i.OS_EventTaskWait  os_core.o
    0x08004964   0x08004964   0x0000001c   Code   RO         5939    i.OS_EventWaitListInit  os_core.o
    0x08004980   0x08004980   0x00000058   Code   RO         6166    i.OS_FlagInit       os_flag.o
    0x080049d8   0x080049d8   0x00000024   Code   RO         6168    i.OS_FlagUnlink     os_flag.o
    0x080049fc   0x080049fc   0x00000060   Code   RO         5940    i.OS_InitEventList  os_core.o
    0x08004a5c   0x08004a5c   0x0000005c   Code   RO         5941    i.OS_InitMisc       os_core.o
    0x08004ab8   0x08004ab8   0x00000044   Code   RO         5942    i.OS_InitRdyList    os_core.o
    0x08004afc   0x08004afc   0x00000080   Code   RO         5943    i.OS_InitTCBList    os_core.o
    0x08004b7c   0x08004b7c   0x00000050   Code   RO         5944    i.OS_InitTaskIdle   os_core.o
    0x08004bcc   0x08004bcc   0x00000050   Code   RO         5945    i.OS_InitTaskStat   os_core.o
    0x08004c1c   0x08004c1c   0x00000012   Code   RO         5946    i.OS_MemClr         os_core.o
    0x08004c2e   0x08004c2e   0x00000002   PAD
    0x08004c30   0x08004c30   0x00000058   Code   RO         6298    i.OS_MemInit        os_mem.o
    0x08004c88   0x08004c88   0x00000050   Code   RO         6397    i.OS_QInit          os_q.o
    0x08004cd8   0x08004cd8   0x00000080   Code   RO         5948    i.OS_Sched          os_core.o
    0x08004d58   0x08004d58   0x0000002c   Code   RO         5949    i.OS_SchedNew       os_core.o
    0x08004d84   0x08004d84   0x0000016c   Code   RO         5951    i.OS_TCBInit        os_core.o
    0x08004ef0   0x08004ef0   0x00000030   Code   RO         5952    i.OS_TaskIdle       os_core.o
    0x08004f20   0x08004f20   0x00000018   Code   RO         6527    i.OS_TaskReturn     os_task.o
    0x08004f38   0x08004f38   0x000000f0   Code   RO         5953    i.OS_TaskStat       os_core.o
    0x08005028   0x08005028   0x0000003c   Code   RO         5954    i.OS_TaskStatStkChk  os_core.o
    0x08005064   0x08005064   0x0000001a   Code   RO         6528    i.OS_TaskStkClr     os_task.o
    0x0800507e   0x0800507e   0x00000002   PAD
    0x08005080   0x08005080   0x000001c8   Code   RO         7951    i.PID_Contral       pid.o
    0x08005248   0x08005248   0x00000104   Code   RO          786    i.PWM_Init          pwm.o
    0x0800534c   0x0800534c   0x0000005c   Code   RO         7952    i.PitchMap_value    pid.o
    0x080053a8   0x080053a8   0x000000ee   Code   RO         7953    i.PitchPID_Contral  pid.o
    0x08005496   0x08005496   0x00000002   PAD
    0x08005498   0x08005498   0x00000020   Code   RO         1021    i.RCC_AHB1PeriphClockCmd  stm32f4xx_rcc.o
    0x080054b8   0x080054b8   0x00000020   Code   RO         1027    i.RCC_APB1PeriphClockCmd  stm32f4xx_rcc.o
    0x080054d8   0x080054d8   0x00000020   Code   RO         1030    i.RCC_APB2PeriphClockCmd  stm32f4xx_rcc.o
    0x080054f8   0x080054f8   0x000000e8   Code   RO         1039    i.RCC_GetClocksFreq  stm32f4xx_rcc.o
    0x080055e0   0x080055e0   0x00000040   Code   RO         1040    i.RCC_GetFlagStatus  stm32f4xx_rcc.o
    0x08005620   0x08005620   0x00000018   Code   RO         1043    i.RCC_HCLKConfig    stm32f4xx_rcc.o
    0x08005638   0x08005638   0x00000018   Code   RO         1054    i.RCC_PCLK1Config   stm32f4xx_rcc.o
    0x08005650   0x08005650   0x00000018   Code   RO         1055    i.RCC_PCLK2Config   stm32f4xx_rcc.o
    0x08005668   0x08005668   0x0000000c   Code   RO         1056    i.RCC_PLLCmd        stm32f4xx_rcc.o
    0x08005674   0x08005674   0x00000024   Code   RO         1057    i.RCC_PLLConfig     stm32f4xx_rcc.o
    0x08005698   0x08005698   0x00000018   Code   RO         1066    i.RCC_SYSCLKConfig  stm32f4xx_rcc.o
    0x080056b0   0x080056b0   0x0000000c   Code   RO          865    i.Receicer_Init     receiver_l.o
    0x080056bc   0x080056bc   0x00000064   Code   RO         7954    i.RollMap_value     pid.o
    0x08005720   0x08005720   0x000000ee   Code   RO         7955    i.RollPID_Contral   pid.o
    0x0800580e   0x0800580e   0x00000002   PAD
    0x08005810   0x08005810   0x000000c8   Code   RO         6891    i.SEGGER_RTT_AllocUpBuffer  segger_rtt.o
    0x080058d8   0x080058d8   0x00000078   Code   RO         6892    i.SEGGER_RTT_ConfigDownBuffer  segger_rtt.o
    0x08005950   0x08005950   0x000000ac   Code   RO         6905    i.SEGGER_RTT_ReadNoLock  segger_rtt.o
    0x080059fc   0x080059fc   0x000000a0   Code   RO         6919    i.SEGGER_RTT_WriteSkipNoLock  segger_rtt.o
    0x08005a9c   0x08005a9c   0x0000002c   Code   RO         6851    i.SEGGER_SYSVIEW_Conf  segger_sysview_config_ucosii.o
    0x08005ac8   0x08005ac8   0x000000bc   Code   RO         7224    i.SEGGER_SYSVIEW_GetSysDesc  segger_sysview.o
    0x08005b84   0x08005b84   0x00000068   Code   RO         7229    i.SEGGER_SYSVIEW_Init  segger_sysview.o
    0x08005bec   0x08005bec   0x00000070   Code   RO         7235    i.SEGGER_SYSVIEW_NameResource  segger_sysview.o
    0x08005c5c   0x08005c5c   0x00000034   Code   RO         7236    i.SEGGER_SYSVIEW_OnIdle  segger_sysview.o
    0x08005c90   0x08005c90   0x00000064   Code   RO         7237    i.SEGGER_SYSVIEW_OnTaskCreate  segger_sysview.o
    0x08005cf4   0x08005cf4   0x00000064   Code   RO         7238    i.SEGGER_SYSVIEW_OnTaskStartExec  segger_sysview.o
    0x08005d58   0x08005d58   0x00000064   Code   RO         7239    i.SEGGER_SYSVIEW_OnTaskStartReady  segger_sysview.o
    0x08005dbc   0x08005dbc   0x00000084   Code   RO         7241    i.SEGGER_SYSVIEW_OnTaskStopReady  segger_sysview.o
    0x08005e40   0x08005e40   0x00000064   Code   RO         7250    i.SEGGER_SYSVIEW_RecordEnterISR  segger_sysview.o
    0x08005ea4   0x08005ea4   0x00000034   Code   RO         7252    i.SEGGER_SYSVIEW_RecordExitISR  segger_sysview.o
    0x08005ed8   0x08005ed8   0x00000034   Code   RO         7253    i.SEGGER_SYSVIEW_RecordExitISRToScheduler  segger_sysview.o
    0x08005f0c   0x08005f0c   0x0000003c   Code   RO         7257    i.SEGGER_SYSVIEW_RecordSystime  segger_sysview.o
    0x08005f48   0x08005f48   0x0000005c   Code   RO         7258    i.SEGGER_SYSVIEW_RecordU32  segger_sysview.o
    0x08005fa4   0x08005fa4   0x0000007c   Code   RO         7260    i.SEGGER_SYSVIEW_RecordU32x2  segger_sysview.o
    0x08006020   0x08006020   0x00000038   Code   RO         7268    i.SEGGER_SYSVIEW_RecordVoid  segger_sysview.o
    0x08006058   0x08006058   0x000000b4   Code   RO         7270    i.SEGGER_SYSVIEW_SendModule  segger_sysview.o
    0x0800610c   0x0800610c   0x00000024   Code   RO         7271    i.SEGGER_SYSVIEW_SendModuleDescription  segger_sysview.o
    0x08006130   0x08006130   0x00000058   Code   RO         7272    i.SEGGER_SYSVIEW_SendNumModules  segger_sysview.o
    0x08006188   0x08006188   0x00000048   Code   RO         7274    i.SEGGER_SYSVIEW_SendSysDesc  segger_sysview.o
    0x080061d0   0x080061d0   0x0000010c   Code   RO         7275    i.SEGGER_SYSVIEW_SendTaskInfo  segger_sysview.o
    0x080062dc   0x080062dc   0x00000020   Code   RO         7276    i.SEGGER_SYSVIEW_SendTaskList  segger_sysview.o
    0x080062fc   0x080062fc   0x0000000c   Code   RO         7277    i.SEGGER_SYSVIEW_SetRAMBase  segger_sysview.o
    0x08006308   0x08006308   0x00000010   Code   RO         7278    i.SEGGER_SYSVIEW_ShrinkId  segger_sysview.o
    0x08006318   0x08006318   0x000000fc   Code   RO         7279    i.SEGGER_SYSVIEW_Start  segger_sysview.o
    0x08006414   0x08006414   0x00000044   Code   RO         7280    i.SEGGER_SYSVIEW_Stop  segger_sysview.o
    0x08006458   0x08006458   0x00000080   Code   RO         7289    i.SEGGER_SYSVIEW_Warn  segger_sysview.o
    0x080064d8   0x080064d8   0x00000002   Code   RO           10    i.SVC_Handler       stm32f4xx_it.o
    0x080064da   0x080064da   0x0000000e   Code   RO         6852    i.SYSCLK_FreqGet    segger_sysview_config_ucosii.o
    0x080064e8   0x080064e8   0x000000a4   Code   RO         7766    i.SYSVIEW_AddTask   segger_sysview_ucosii.o
    0x0800658c   0x0800658c   0x0000007c   Code   RO         7767    i.SYSVIEW_RecordU32Register  segger_sysview_ucosii.o
    0x08006608   0x08006608   0x00000050   Code   RO         7770    i.SYSVIEW_SendResourceList  segger_sysview_ucosii.o
    0x08006658   0x08006658   0x00000032   Code   RO         7771    i.SYSVIEW_SendTaskInfo  segger_sysview_ucosii.o
    0x0800668a   0x0800668a   0x00000002   PAD
    0x0800668c   0x0800668c   0x0000001c   Code   RO         7772    i.SYSVIEW_TaskReady  segger_sysview_ucosii.o
    0x080066a8   0x080066a8   0x0000001c   Code   RO         7773    i.SYSVIEW_TaskSuspend  segger_sysview_ucosii.o
    0x080066c4   0x080066c4   0x00000020   Code   RO         7774    i.SYSVIEW_TaskSwitchedIn  segger_sysview_ucosii.o
    0x080066e4   0x080066e4   0x0000005c   Code   RO         7775    i.SYSVIEW_UpdateResource  segger_sysview_ucosii.o
    0x08006740   0x08006740   0x0000009c   Code   RO         7776    i.SYSVIEW_UpdateTask  segger_sysview_ucosii.o
    0x080067dc   0x080067dc   0x000000e8   Code   RO          681    i.Serial_Init       serial.o
    0x080068c4   0x080068c4   0x00000024   Code   RO          683    i.Serial_Printf     serial.o
    0x080068e8   0x080068e8   0x00000020   Code   RO          685    i.Serial_SendByte   serial.o
    0x08006908   0x08006908   0x0000001a   Code   RO          687    i.Serial_SendString  serial.o
    0x08006922   0x08006922   0x00000028   Code   RO         1336    i.SysTick_CLKSourceConfig  misc.o
    0x0800694a   0x0800694a   0x00000002   PAD
    0x0800694c   0x0800694c   0x000000b8   Code   RO          265    i.SysTick_Init      main.o
    0x08006a04   0x08006a04   0x00000014   Code   RO         8040    i.SystemInit        system_stm32f4xx.o
    0x08006a18   0x08006a18   0x0000003a   Code   RO         4962    i.TI1_Config        stm32f4xx_tim.o
    0x08006a52   0x08006a52   0x00000050   Code   RO         4963    i.TI2_Config        stm32f4xx_tim.o
    0x08006aa2   0x08006aa2   0x00000048   Code   RO         4964    i.TI3_Config        stm32f4xx_tim.o
    0x08006aea   0x08006aea   0x00000050   Code   RO         4965    i.TI4_Config        stm32f4xx_tim.o
    0x08006b3a   0x08006b3a   0x00000002   PAD
    0x08006b3c   0x08006b3c   0x00000178   Code   RO          866    i.TIM2_IRQHandler   receiver_l.o
    0x08006cb4   0x08006cb4   0x0000016c   Code   RO          867    i.TIM4_IRQHandler   receiver_l.o
    0x08006e20   0x08006e20   0x00000018   Code   RO         4966    i.TIM_ARRPreloadConfig  stm32f4xx_tim.o
    0x08006e38   0x08006e38   0x00000006   Code   RO         4973    i.TIM_ClearITPendingBit  stm32f4xx_tim.o
    0x08006e3e   0x08006e3e   0x00000018   Code   RO         4978    i.TIM_Cmd           stm32f4xx_tim.o
    0x08006e56   0x08006e56   0x00000006   Code   RO         4993    i.TIM_GetCapture1   stm32f4xx_tim.o
    0x08006e5c   0x08006e5c   0x00000006   Code   RO         4994    i.TIM_GetCapture2   stm32f4xx_tim.o
    0x08006e62   0x08006e62   0x00000006   Code   RO         4995    i.TIM_GetCapture3   stm32f4xx_tim.o
    0x08006e68   0x08006e68   0x00000022   Code   RO         4999    i.TIM_GetITStatus   stm32f4xx_tim.o
    0x08006e8a   0x08006e8a   0x0000006e   Code   RO         5001    i.TIM_ICInit        stm32f4xx_tim.o
    0x08006ef8   0x08006ef8   0x00000012   Code   RO         5003    i.TIM_ITConfig      stm32f4xx_tim.o
    0x08006f0a   0x08006f0a   0x0000000c   Code   RO         5005    i.TIM_InternalClockConfig  stm32f4xx_tim.o
    0x08006f16   0x08006f16   0x00000002   PAD
    0x08006f18   0x08006f18   0x0000007c   Code   RO         5007    i.TIM_OC1Init       stm32f4xx_tim.o
    0x08006f94   0x08006f94   0x00000012   Code   RO         5010    i.TIM_OC1PreloadConfig  stm32f4xx_tim.o
    0x08006fa6   0x08006fa6   0x00000002   PAD
    0x08006fa8   0x08006fa8   0x000000a4   Code   RO         5012    i.TIM_OC2Init       stm32f4xx_tim.o
    0x0800704c   0x0800704c   0x0000001a   Code   RO         5015    i.TIM_OC2PreloadConfig  stm32f4xx_tim.o
    0x08007066   0x08007066   0x00000002   PAD
    0x08007068   0x08007068   0x000000a0   Code   RO         5017    i.TIM_OC3Init       stm32f4xx_tim.o
    0x08007108   0x08007108   0x00000012   Code   RO         5020    i.TIM_OC3PreloadConfig  stm32f4xx_tim.o
    0x0800711a   0x0800711a   0x00000002   PAD
    0x0800711c   0x0800711c   0x00000078   Code   RO         5022    i.TIM_OC4Init       stm32f4xx_tim.o
    0x08007194   0x08007194   0x0000001a   Code   RO         5024    i.TIM_OC4PreloadConfig  stm32f4xx_tim.o
    0x080071ae   0x080071ae   0x00000014   Code   RO         5025    i.TIM_OCStructInit  stm32f4xx_tim.o
    0x080071c2   0x080071c2   0x00000004   Code   RO         5044    i.TIM_SetCounter    stm32f4xx_tim.o
    0x080071c6   0x080071c6   0x00000012   Code   RO         5045    i.TIM_SetIC1Prescaler  stm32f4xx_tim.o
    0x080071d8   0x080071d8   0x0000001a   Code   RO         5046    i.TIM_SetIC2Prescaler  stm32f4xx_tim.o
    0x080071f2   0x080071f2   0x00000012   Code   RO         5047    i.TIM_SetIC3Prescaler  stm32f4xx_tim.o
    0x08007204   0x08007204   0x0000001a   Code   RO         5048    i.TIM_SetIC4Prescaler  stm32f4xx_tim.o
    0x0800721e   0x0800721e   0x00000002   PAD
    0x08007220   0x08007220   0x00000084   Code   RO         5050    i.TIM_TimeBaseInit  stm32f4xx_tim.o
    0x080072a4   0x080072a4   0x00000028   Code   RO          312    i.Task_BT           task.o
    0x080072cc   0x080072cc   0x00000524   Code   RO          315    i.Task_PoseCalcu    task.o
    0x080077f0   0x080077f0   0x00000030   Code   RO          688    i.USART1_IRQHandler  serial.o
    0x08007820   0x08007820   0x00000030   Code   RO          689    i.USART6_IRQHandler  serial.o
    0x08007850   0x08007850   0x0000001e   Code   RO         5536    i.USART_ClearITPendingBit  stm32f4xx_usart.o
    0x0800786e   0x0800786e   0x00000018   Code   RO         5539    i.USART_Cmd         stm32f4xx_usart.o
    0x08007886   0x08007886   0x0000001a   Code   RO         5542    i.USART_GetFlagStatus  stm32f4xx_usart.o
    0x080078a0   0x080078a0   0x00000054   Code   RO         5543    i.USART_GetITStatus  stm32f4xx_usart.o
    0x080078f4   0x080078f4   0x0000004a   Code   RO         5545    i.USART_ITConfig    stm32f4xx_usart.o
    0x0800793e   0x0800793e   0x00000002   PAD
    0x08007940   0x08007940   0x000000d4   Code   RO         5546    i.USART_Init        stm32f4xx_usart.o
    0x08007a14   0x08007a14   0x0000000a   Code   RO         5553    i.USART_ReceiveData  stm32f4xx_usart.o
    0x08007a1e   0x08007a1e   0x00000008   Code   RO         5556    i.USART_SendData    stm32f4xx_usart.o
    0x08007a26   0x08007a26   0x00000004   Code   RO           13    i.UsageFault_Handler  stm32f4xx_it.o
    0x08007a2a   0x08007a2a   0x00000002   PAD
    0x08007a2c   0x08007a2c   0x0000005c   Code   RO         7956    i.YawMap_value      pid.o
    0x08007a88   0x08007a88   0x0000007a   Code   RO         7957    i.YawPID_Contral    pid.o
    0x08007b02   0x08007b02   0x00000002   PAD
    0x08007b04   0x08007b04   0x00000070   Code   RO         6922    i._DoInit           segger_rtt.o
    0x08007b74   0x08007b74   0x0000002c   Code   RO         7293    i._EncodeStr        segger_sysview.o
    0x08007ba0   0x08007ba0   0x000000a8   Code   RO         7294    i._HandleIncomingPacket  segger_sysview.o
    0x08007c48   0x08007c48   0x00000006   Code   RO         7295    i._PreparePacket    segger_sysview.o
    0x08007c4e   0x08007c4e   0x00000002   PAD
    0x08007c50   0x08007c50   0x000001e0   Code   RO         7298    i._SendPacket       segger_sysview.o
    0x08007e30   0x08007e30   0x00000088   Code   RO         7300    i._TrySendOverflowPacket  segger_sysview.o
    0x08007eb8   0x08007eb8   0x00000030   Code   RO         8554    i.__ARM_fpclassify  m_wm.l(fpclassify.o)
    0x08007ee8   0x08007ee8   0x00000026   Code   RO         8310    i.__ARM_fpclassifyf  m_wm.l(fpclassifyf.o)
    0x08007f0e   0x08007f0e   0x00000002   PAD
    0x08007f10   0x08007f10   0x0000012c   Code   RO         8161    i.__hardfp_asinf    m_wm.l(asinf.o)
    0x0800803c   0x0800803c   0x00000250   Code   RO         8173    i.__hardfp_atan2f   m_wm.l(atan2f.o)
    0x0800828c   0x0800828c   0x0000007a   Code   RO         8191    i.__hardfp_sqrt     m_wm.l(sqrt.o)
    0x08008306   0x08008306   0x00000006   Code   RO         8313    i.__mathlib_flt_infnan  m_wm.l(funder.o)
    0x0800830c   0x0800830c   0x00000006   Code   RO         8314    i.__mathlib_flt_infnan2  m_wm.l(funder.o)
    0x08008312   0x08008312   0x00000002   PAD
    0x08008314   0x08008314   0x00000010   Code   RO         8315    i.__mathlib_flt_invalid  m_wm.l(funder.o)
    0x08008324   0x08008324   0x00000010   Code   RO         8318    i.__mathlib_flt_underflow  m_wm.l(funder.o)
    0x08008334   0x08008334   0x00000014   Code   RO         7777    i._cbGetTime        segger_sysview_ucosii.o
    0x08008348   0x08008348   0x00000054   Code   RO         6853    i._cbSendSystemDesc  segger_sysview_config_ucosii.o
    0x0800839c   0x0800839c   0x00000054   Code   RO         7778    i._cbSendTaskList   segger_sysview_ucosii.o
    0x080083f0   0x080083f0   0x0000000e   Code   RO         8095    i._is_digit         c_w.l(__printf_wp.o)
    0x080083fe   0x080083fe   0x00000004   Code   RO         7166    i._sys_exit         segger_rtt_syscalls_keil.o
    0x08008402   0x08008402   0x00000002   PAD
    0x08008404   0x08008404   0x00000050   Code   RO         5800    i.delay_ms          delay.o
    0x08008454   0x08008454   0x00000058   Code   RO         5801    i.delay_us          delay.o
    0x080084ac   0x080084ac   0x0000003c   Code   RO         7863    i.invSqrt           posecalculate.o
    0x080084e8   0x080084e8   0x000000f4   Code   RO          266    i.main              main.o
    0x080085dc   0x080085dc   0x0000003e   Code   RO         8328    i.sqrtf             m_wm.l(sqrtf.o)
    0x0800861a   0x0800861a   0x00000002   PAD
    0x0800861c   0x0800861c   0x0000002c   Code   RO         8485    locale$$code        c_w.l(lc_numeric_c.o)
    0x08008648   0x08008648   0x0000002c   Code   RO         8624    locale$$code        c_w.l(lc_ctype_c.o)
    0x08008674   0x08008674   0x00000062   Code   RO         8127    x$fpl$d2f           fz_wm.l(d2f.o)
    0x080086d6   0x080086d6   0x00000002   PAD
    0x080086d8   0x080086d8   0x00000150   Code   RO         8129    x$fpl$dadd          fz_wm.l(daddsub_clz.o)
    0x08008828   0x08008828   0x000002b0   Code   RO         8136    x$fpl$ddiv          fz_wm.l(ddiv.o)
    0x08008ad8   0x08008ad8   0x0000005e   Code   RO         8141    x$fpl$dfix          fz_wm.l(dfix.o)
    0x08008b36   0x08008b36   0x0000002e   Code   RO         8146    x$fpl$dflt          fz_wm.l(dflt_clz.o)
    0x08008b64   0x08008b64   0x00000154   Code   RO         8153    x$fpl$dmul          fz_wm.l(dmul.o)
    0x08008cb8   0x08008cb8   0x0000009c   Code   RO         8293    x$fpl$dnaninf       fz_wm.l(dnaninf.o)
    0x08008d54   0x08008d54   0x0000000c   Code   RO         8295    x$fpl$dretinf       fz_wm.l(dretinf.o)
    0x08008d60   0x08008d60   0x00000198   Code   RO         8297    x$fpl$dsqrt         fz_wm.l(dsqrt_umaal.o)
    0x08008ef8   0x08008ef8   0x000001d4   Code   RO         8131    x$fpl$dsub          fz_wm.l(daddsub_clz.o)
    0x080090cc   0x080090cc   0x00000056   Code   RO         8157    x$fpl$f2d           fz_wm.l(f2d.o)
    0x08009122   0x08009122   0x0000008c   Code   RO         8299    x$fpl$fnaninf       fz_wm.l(fnaninf.o)
    0x080091ae   0x080091ae   0x0000000a   Code   RO         8609    x$fpl$fpinit        fz_wm.l(fpinit.o)
    0x080091b8   0x080091b8   0x0000000a   Code   RO         8301    x$fpl$fretinf       fz_wm.l(fretinf.o)
    0x080091c2   0x080091c2   0x00000004   Code   RO         8159    x$fpl$printf1       fz_wm.l(printf1.o)
    0x080091c6   0x080091c6   0x00000004   Code   RO         8303    x$fpl$printf2       fz_wm.l(printf2.o)
    0x080091ca   0x080091ca   0x00000000   Code   RO         8309    x$fpl$usenofp       fz_wm.l(usenofp.o)
    0x080091ca   0x080091ca   0x00000002   PAD
    0x080091cc   0x080091cc   0x00000018   Data   RO          319    .constdata          task.o
    0x080091e4   0x080091e4   0x00000100   Data   RO         5956    .constdata          os_core.o
    0x080092e4   0x080092e4   0x00000076   Data   RO         6142    .constdata          os_dbg_r.o
    0x0800935a   0x0800935a   0x00000021   Data   RO         6928    .constdata          segger_rtt.o
    0x0800937b   0x0800937b   0x0000001a   Data   RO         7304    .constdata          segger_sysview.o
    0x08009395   0x08009395   0x00000003   PAD
    0x08009398   0x08009398   0x00000008   Data   RO         7780    .constdata          segger_sysview_ucosii.o
    0x080093a0   0x080093a0   0x00000011   Data   RO         8103    .constdata          c_w.l(__printf_flags_ss_wp.o)
    0x080093b1   0x080093b1   0x00000003   PAD
    0x080093b4   0x080093b4   0x00000008   Data   RO         8227    .constdata          c_w.l(_printf_wctomb.o)
    0x080093bc   0x080093bc   0x00000028   Data   RO         8256    .constdata          c_w.l(_printf_hex_int_ll_ptr.o)
    0x080093e4   0x080093e4   0x00000026   Data   RO         8431    .constdata          c_w.l(_printf_fp_hex.o)
    0x0800940a   0x0800940a   0x00000002   PAD
    0x0800940c   0x0800940c   0x00000094   Data   RO         8442    .constdata          c_w.l(bigflt0.o)
    0x080094a0   0x080094a0   0x000000a4   Data   RO         7781    .conststring        segger_sysview_ucosii.o
    0x08009544   0x08009544   0x00000020   Data   RO         8679    Region$$Table       anon$$obj.o
    0x08009564   0x08009564   0x0000001c   Data   RO         8484    locale$$data        c_w.l(lc_numeric_c.o)
    0x08009580   0x08009580   0x00000110   Data   RO         8623    locale$$data        c_w.l(lc_ctype_c.o)


    Execution Region RW_IRAM1 (Exec base: 0x20000000, Load base: 0x08009690, Size: 0x00006d00, Max: 0x00018000, ABSOLUTE, COMPRESSED[0x00000024])

    Exec Addr    Load Addr    Size         Type   Attr      Idx    E Section Name        Object

    0x20000000   COMPRESSED   0x00000008   Data   RW          268    .data               main.o
    0x20000008   COMPRESSED   0x00000035   Data   RW          320    .data               task.o
    0x2000003d   COMPRESSED   0x00000001   PAD
    0x2000003e   COMPRESSED   0x00000003   Data   RW          692    .data               serial.o
    0x20000041   COMPRESSED   0x00000008   Data   RW          869    .data               receiver_l.o
    0x20000049   COMPRESSED   0x00000010   Data   RW         1069    .data               stm32f4xx_rcc.o
    0x20000059   COMPRESSED   0x00000001   PAD
    0x2000005a   COMPRESSED   0x00000004   Data   RW         5802    .data               delay.o
    0x2000005e   COMPRESSED   0x00000002   PAD
    0x20000060   COMPRESSED   0x00000064   Data   RW         5957    .data               os_core.o
    0x200000c4   COMPRESSED   0x0000000c   Data   RW         6762    .data               os_cpu_c.o
    0x200000d0   COMPRESSED   0x00000015   Data   RW         7305    .data               segger_sysview.o
    0x200000e5   COMPRESSED   0x00000003   PAD
    0x200000e8   COMPRESSED   0x00000008   Data   RW         7782    .data               segger_sysview_ucosii.o
    0x200000f0   COMPRESSED   0x00000028   Data   RW         7865    .data               posecalculate.o
    0x20000118   COMPRESSED   0x00000022   Data   RW         7960    .data               pid.o
    0x2000013a   COMPRESSED   0x00000002   PAD
    0x2000013c        -       0x00002320   Zero   RW          267    .bss                main.o
    0x2000245c        -       0x00000020   Zero   RW          868    .bss                receiver_l.o
    0x2000247c        -       0x000013b8   Zero   RW         5955    .bss                os_core.o
    0x20003834        -       0x00000400   Zero   RW         6761    .bss                os_cpu_c.o
    0x20003c34        -       0x000010b8   Zero   RW         6927    .bss                segger_rtt.o
    0x20004cec        -       0x0000110b   Zero   RW         7303    .bss                segger_sysview.o
    0x20005df7   COMPRESSED   0x00000001   PAD
    0x20005df8        -       0x00000880   Zero   RW         7779    .bss                segger_sysview_ucosii.o
    0x20006678        -       0x00000024   Zero   RW         7864    .bss                posecalculate.o
    0x2000669c        -       0x00000060   Zero   RW         8557    .bss                c_w.l(libspace.o)
    0x200066fc   COMPRESSED   0x00000004   PAD
    0x20006700        -       0x00000200   Zero   RW         8030    HEAP                startup_stm32f401xe.o
    0x20006900        -       0x00000400   Zero   RW         8029    STACK               startup_stm32f401xe.o


==============================================================================

Image component sizes


      Code (inc. data)   RO Data    RW Data    ZI Data      Debug   Object Name

        16          0          0          0          0       3676   app_hooks.o
       252         24          0          4          0       1935   delay.o
       592          0          0          0          0       5596   gy86.o
       428         82          0          8       8992      31778   main.o
       180         24          0          0          0       3617   misc.o
       346         18          0          0          0       5194   myiic.o
      2804        428        256        100       5048      25446   os_core.o
       308         34          0          0          0        340   os_cpu_a.o
       836        148          0         12       1024      16549   os_cpu_c.o
       348        230        118          0          0       3417   os_dbg_r.o
       124         14          0          0          0       1218   os_flag.o
        88         14          0          0          0        545   os_mem.o
        80          8          0          0          0        571   os_q.o
       496         26          0          0          0       2490   os_sem.o
      1306        104          0          0          0       6073   os_task.o
       180         28          0          0          0       1172   os_time.o
       664        136          0          0          0       3907   os_tmr.o
      1406        100          0         34          0       6178   pid.o
      3908        110          0         40         36       6633   posecalculate.o
       268          8          0          0          0       1160   pwm.o
      1304         42          0          8         32       4155   receiver_l.o
       764         54         33          0       4280       9744   segger_rtt.o
         4          0          0          0          0        504   segger_rtt_syscalls_keil.o
      3410        236         26         21       4363      34399   segger_sysview.o
       142         74          0          0          0       1643   segger_sysview_config_ucosii.o
       858         82        172          8       2176       8745   segger_sysview_ucosii.o
       422         34          0          3          0       3658   serial.o
        64         26        404          0       1536        876   startup_stm32f401xe.o
       248          0          0          0          0      10226   stm32f4xx_gpio.o
        22          0          0          0          0     280075   stm32f4xx_it.o
       536         74          0         16          0      23740   stm32f4xx_rcc.o
      1436         66          0          0          0      38026   stm32f4xx_tim.o
       468          8          0          0          0      11919   stm32f4xx_usart.o
        20          6          0          0          0        493   system_stm32f4xx.o
      1356        146         24         53          0       3055   task.o

    ----------------------------------------------------------------------
     25726       2384       1068        316      27488     558753   Object Totals
         0          0         32          0          0          0   (incl. Generated)
        42          0          3          9          1          0   (incl. Padding)

    ----------------------------------------------------------------------

      Code (inc. data)   RO Data    RW Data    ZI Data      Debug   Library Member Name

        58          0          0          0          0          0   __dczerorl.o
         8          0          0          0          0         68   __main.o
       392          4         17          0          0         92   __printf_flags_ss_wp.o
        14          0          0          0          0         68   __printf_wp.o
         0          0          0          0          0          0   __rtentry.o
        12          0          0          0          0          0   __rtentry2.o
         6          0          0          0          0          0   __rtentry4.o
        52          8          0          0          0          0   __scatter.o
        28          0          0          0          0          0   __scatter_zi.o
         6          0          0          0          0          0   _printf_a.o
         6          0          0          0          0          0   _printf_c.o
        44          0          0          0          0        108   _printf_char.o
        48          6          0          0          0         96   _printf_char_common.o
        40          0          0          0          0         68   _printf_charcount.o
         6          0          0          0          0          0   _printf_d.o
       120         16          0          0          0         92   _printf_dec.o
         6          0          0          0          0          0   _printf_e.o
         6          0          0          0          0          0   _printf_f.o
      1054          0          0          0          0        216   _printf_fp_dec.o
       764          8         38          0          0        100   _printf_fp_hex.o
       128         16          0          0          0         84   _printf_fp_infnan.o
         6          0          0          0          0          0   _printf_g.o
       148          4         40          0          0        160   _printf_hex_int_ll_ptr.o
         6          0          0          0          0          0   _printf_i.o
       178          0          0          0          0         88   _printf_intcommon.o
        10          0          0          0          0          0   _printf_l.o
         6          0          0          0          0          0   _printf_lc.o
        10          0          0          0          0          0   _printf_ll.o
         6          0          0          0          0          0   _printf_lld.o
         6          0          0          0          0          0   _printf_lli.o
         6          0          0          0          0          0   _printf_llo.o
         6          0          0          0          0          0   _printf_llu.o
         6          0          0          0          0          0   _printf_llx.o
       124         16          0          0          0         92   _printf_longlong_dec.o
         6          0          0          0          0          0   _printf_ls.o
         6          0          0          0          0          0   _printf_n.o
         6          0          0          0          0          0   _printf_o.o
       112         10          0          0          0        124   _printf_oct_int_ll.o
         6          0          0          0          0          0   _printf_p.o
        78          0          0          0          0        108   _printf_pad.o
         0          0          0          0          0          0   _printf_percent.o
         4          0          0          0          0          0   _printf_percent_end.o
         6          0          0          0          0          0   _printf_s.o
        82          0          0          0          0         80   _printf_str.o
        36          0          0          0          0         84   _printf_truncate.o
         6          0          0          0          0          0   _printf_u.o
        44          0          0          0          0        108   _printf_wchar.o
       188          6          8          0          0         92   _printf_wctomb.o
         6          0          0          0          0          0   _printf_x.o
        22          0          0          0          0        100   _rserrno.o
        10          0          0          0          0         68   _sputc.o
        64          0          0          0          0         92   _wcrtomb.o
       228          4        148          0          0         96   bigflt0.o
      1936        128          0          0          0        672   btod.o
        18          0          0          0          0         80   exit.o
         6          0          0          0          0        152   heapauxi.o
        44         10        272          0          0         76   lc_ctype_c.o
        44         10         28          0          0         76   lc_numeric_c.o
         2          0          0          0          0          0   libinit.o
        34          0          0          0          0          0   libinit2.o
         2          0          0          0          0          0   libshutdown.o
         2          0          0          0          0          0   libshutdown2.o
         8          4          0          0         96         68   libspace.o
       138          0          0          0          0         80   lludiv10.o
        16          4          0          0          0         76   rt_ctype_table.o
         8          4          0          0          0         68   rt_errno_addr_intlibspace.o
         8          4          0          0          0         68   rt_locale_intlibspace.o
        78          0          0          0          0         80   rt_memclr_w.o
       138          0          0          0          0         68   rt_memcpy_v6.o
       100          0          0          0          0         80   rt_memcpy_w.o
         2          0          0          0          0          0   rtexit.o
        10          0          0          0          0          0   rtexit2.o
       128          0          0          0          0         68   strcmpv7m.o
        74          0          0          0          0         80   sys_stackheap_outer.o
         2          0          0          0          0         68   use_no_semi.o
         2          0          0          0          0         68   use_no_semi_2.o
        36          4          0          0          0         76   vsprintf.o
        98          4          0          0          0        140   d2f.o
       804         16          0          0          0        368   daddsub_clz.o
       688        140          0          0          0        256   ddiv.o
        94          4          0          0          0        140   dfix.o
        46          0          0          0          0        116   dflt_clz.o
       340         12          0          0          0        152   dmul.o
       156          4          0          0          0        140   dnaninf.o
        12          0          0          0          0        116   dretinf.o
       408         56          0          0          0        168   dsqrt_umaal.o
        86          4          0          0          0        132   f2d.o
       140          4          0          0          0        132   fnaninf.o
        10          0          0          0          0        116   fpinit.o
        10          0          0          0          0        116   fretinf.o
         4          0          0          0          0        116   printf1.o
         4          0          0          0          0        116   printf2.o
         0          0          0          0          0          0   usenofp.o
       300         42          0          0          0        176   asinf.o
       592         90          0          0          0        184   atan2f.o
        48          0          0          0          0        124   fpclassify.o
        38          0          0          0          0        116   fpclassifyf.o
        44         12          0          0          0        464   funder.o
       122          0          0          0          0        148   sqrt.o
        62          0          0          0          0        136   sqrtf.o

    ----------------------------------------------------------------------
     11194        654        556          0        100       7960   Library Totals
        26          0          5          0          4          0   (incl. Padding)

    ----------------------------------------------------------------------

      Code (inc. data)   RO Data    RW Data    ZI Data      Debug   Library Name

      7062        266        551          0         96       4288   c_w.l
      2900        244          0          0          0       2324   fz_wm.l
      1206        144          0          0          0       1348   m_wm.l

    ----------------------------------------------------------------------
     11194        654        556          0        100       7960   Library Totals

    ----------------------------------------------------------------------

==============================================================================


      Code (inc. data)   RO Data    RW Data    ZI Data      Debug   

     36920       3038       1624        316      27588     539473   Grand Totals
     36920       3038       1624         36      27588     539473   ELF Image Totals (compressed)
     36920       3038       1624         36          0          0   ROM Totals

==============================================================================

    Total RO  Size (Code + RO Data)                38544 (  37.64kB)
    Total RW  Size (RW Data + ZI Data)             27904 (  27.25kB)
    Total ROM Size (Code + RO Data + RW Data)      38580 (  37.68kB)

==============================================================================

