Component: ARM Compiler 5.06 update 5 (build 528) Tool: armlink [4d35e2]

==============================================================================

Section Cross References

    stm32f4xx_it.o(i.SysTick_Handler) refers to stm32f4xx_it.o(i.TimingDelay_Decrement) for TimingDelay_Decrement
    stm32f4xx_it.o(i.TimingDelay_Decrement) refers to stm32f4xx_it.o(.data) for TimingDelay
    main.o(i.SysTick_Init) refers to stm32f4xx_rcc.o(i.RCC_GetClocksFreq) for RCC_GetClocksFreq
    main.o(i.main) refers to main.o(i.SysTick_Init) for SysTick_Init
    main.o(i.main) refers to delay.o(i.DELAY_Init) for DELAY_Init
    main.o(i.main) refers to serial.o(i.Serial_Init) for Serial_Init
    main.o(i.main) refers to receiver_l.o(i.Receicer_Init) for Receicer_Init
    main.o(i.main) refers to gy86.o(i.GY86_Init) for GY86_Init
    main.o(i.main) refers to pwm.o(i.Motor_Init) for Motor_Init
    main.o(i.main) refers to serial.o(i.Serial_Printf) for Serial_Printf
    main.o(i.main) refers to os_core.o(i.OSInit) for OSInit
    main.o(i.main) refers to os_task.o(i.OSTaskCreateExt) for OSTaskCreateExt
    main.o(i.main) refers to os_task.o(i.OSTaskNameSet) for OSTaskNameSet
    main.o(i.main) refers to segger_sysview_config_ucosii.o(i.SEGGER_SYSVIEW_Conf) for SEGGER_SYSVIEW_Conf
    main.o(i.main) refers to os_core.o(i.OSStart) for OSStart
    main.o(i.main) refers to posecalculate.o(.data) for q0
    main.o(i.main) refers to main.o(.bss) for GY86
    main.o(i.main) refers to task.o(i.Task_GY86) for Task_GY86
    main.o(i.main) refers to task.o(i.Task_PoseCalcu) for Task_PoseCalcu
    main.o(i.main) refers to main.o(.data) for errr
    task.o(i.ANODT_Send01) refers to serial.o(i.Serial_SendArray) for Serial_SendArray
    task.o(i.ANODT_Send01) refers to task.o(.bss) for Sensor_data_buf
    task.o(i.ANODT_Send02) refers to serial.o(i.Serial_SendArray) for Serial_SendArray
    task.o(i.ANODT_Send02) refers to task.o(.bss) for Sensor_data_buf
    task.o(i.ANODT_Send03) refers to dmul.o(x$fpl$dmul) for __aeabi_dmul
    task.o(i.ANODT_Send03) refers to dfix.o(x$fpl$dfix) for __aeabi_d2iz
    task.o(i.ANODT_Send03) refers to serial.o(i.Serial_SendArray) for Serial_SendArray
    task.o(i.ANODT_Send03) refers to task.o(.bss) for Sensor_data_buf
    task.o(i.ANODT_Send04) refers to serial.o(i.Serial_SendArray) for Serial_SendArray
    task.o(i.ANODT_Send04) refers to task.o(.bss) for Sensor_data_buf
    task.o(i.Task_BT) refers to os_cpu_a.o(.text) for OS_CPU_SR_Save
    task.o(i.Task_BT) refers to os_time.o(i.OSTimeDly) for OSTimeDly
    task.o(i.Task_BT) refers to task.o(.data) for cpu_sr
    task.o(i.Task_GY86) refers to os_cpu_a.o(.text) for OS_CPU_SR_Save
    task.o(i.Task_GY86) refers to gy86.o(i.HMC_GetData) for HMC_GetData
    task.o(i.Task_GY86) refers to dflt_clz.o(x$fpl$dflt) for __aeabi_i2d
    task.o(i.Task_GY86) refers to ddiv.o(x$fpl$ddiv) for __aeabi_ddiv
    task.o(i.Task_GY86) refers to dmul.o(x$fpl$dmul) for __aeabi_dmul
    task.o(i.Task_GY86) refers to dfix.o(x$fpl$dfix) for __aeabi_d2iz
    task.o(i.Task_GY86) refers to d2f.o(x$fpl$d2f) for __aeabi_d2f
    task.o(i.Task_GY86) refers to task.o(i.ANODT_Send02) for ANODT_Send02
    task.o(i.Task_GY86) refers to os_time.o(i.OSTimeDly) for OSTimeDly
    task.o(i.Task_GY86) refers to task.o(.data) for cpu_sr
    task.o(i.Task_GY86) refers to posecalculate.o(.bss) for magData
    task.o(i.Task_Motor) refers to os_cpu_a.o(.text) for OS_CPU_SR_Save
    task.o(i.Task_Motor) refers to pwm.o(i.PWM_SetDuty3) for PWM_SetDuty3
    task.o(i.Task_Motor) refers to pwm.o(i.PWM_SetDuty2) for PWM_SetDuty2
    task.o(i.Task_Motor) refers to pwm.o(i.PWM_SetDuty1) for PWM_SetDuty1
    task.o(i.Task_Motor) refers to pwm.o(i.PWM_SetDuty4) for PWM_SetDuty4
    task.o(i.Task_Motor) refers to os_time.o(i.OSTimeDly) for OSTimeDly
    task.o(i.Task_Motor) refers to task.o(.data) for cpu_sr
    task.o(i.Task_PoseCalcu) refers to gy86.o(i.MPU6050_GetData) for MPU6050_GetData
    task.o(i.Task_PoseCalcu) refers to os_cpu_a.o(.text) for OS_CPU_SR_Save
    task.o(i.Task_PoseCalcu) refers to dflt_clz.o(x$fpl$dflt) for __aeabi_i2d
    task.o(i.Task_PoseCalcu) refers to ddiv.o(x$fpl$ddiv) for __aeabi_ddiv
    task.o(i.Task_PoseCalcu) refers to d2f.o(x$fpl$d2f) for __aeabi_d2f
    task.o(i.Task_PoseCalcu) refers to f2d.o(x$fpl$f2d) for __aeabi_f2d
    task.o(i.Task_PoseCalcu) refers to daddsub_clz.o(x$fpl$dsub) for __aeabi_dsub
    task.o(i.Task_PoseCalcu) refers to dmul.o(x$fpl$dmul) for __aeabi_dmul
    task.o(i.Task_PoseCalcu) refers to dfix.o(x$fpl$dfix) for __aeabi_d2iz
    task.o(i.Task_PoseCalcu) refers to daddsub_clz.o(x$fpl$dadd) for __aeabi_dadd
    task.o(i.Task_PoseCalcu) refers to posecalculate.o(i.madgwick) for madgwick
    task.o(i.Task_PoseCalcu) refers to posecalculate.o(i.updateAngleTmp) for updateAngleTmp
    task.o(i.Task_PoseCalcu) refers to task.o(i.ANODT_Send01) for ANODT_Send01
    task.o(i.Task_PoseCalcu) refers to task.o(i.ANODT_Send03) for ANODT_Send03
[...]
    OS_EventTaskWait                         0x08003e59   Thumb Code   122  os_core.o(i.OS_EventTaskWait)
    OS_EventWaitListInit                     0x08003ee1   Thumb Code    28  os_core.o(i.OS_EventWaitListInit)
    OS_FlagInit                              0x08003efd   Thumb Code    74  os_flag.o(i.OS_FlagInit)
    OS_FlagUnlink                            0x08003f55   Thumb Code    36  os_flag.o(i.OS_FlagUnlink)
    OS_MemClr                                0x08004199   Thumb Code    18  os_core.o(i.OS_MemClr)
    OS_MemInit                               0x080041ad   Thumb Code    74  os_mem.o(i.OS_MemInit)
    OS_QInit                                 0x08004205   Thumb Code    72  os_q.o(i.OS_QInit)
    OS_Sched                                 0x08004255   Thumb Code    98  os_core.o(i.OS_Sched)
    OS_TCBInit                               0x08004301   Thumb Code   336  os_core.o(i.OS_TCBInit)
    OS_TaskIdle                              0x0800446d   Thumb Code    42  os_core.o(i.OS_TaskIdle)
    OS_TaskReturn                            0x0800449d   Thumb Code    18  os_task.o(i.OS_TaskReturn)
    OS_TaskStat                              0x080044b5   Thumb Code   218  os_core.o(i.OS_TaskStat)
    OS_TaskStatStkChk                        0x080045a5   Thumb Code    54  os_core.o(i.OS_TaskStatStkChk)
    OS_TaskStkClr                            0x080045e1   Thumb Code    26  os_task.o(i.OS_TaskStkClr)
    PWM_Init                                 0x080045fd   Thumb Code   252  pwm.o(i.PWM_Init)
    RCC_AHB1PeriphClockCmd                   0x08004701   Thumb Code    26  stm32f4xx_rcc.o(i.RCC_AHB1PeriphClockCmd)
    RCC_APB1PeriphClockCmd                   0x08004721   Thumb Code    26  stm32f4xx_rcc.o(i.RCC_APB1PeriphClockCmd)
    RCC_APB2PeriphClockCmd                   0x08004741   Thumb Code    26  stm32f4xx_rcc.o(i.RCC_APB2PeriphClockCmd)
    RCC_GetClocksFreq                        0x08004761   Thumb Code   214  stm32f4xx_rcc.o(i.RCC_GetClocksFreq)
    Receicer_Init                            0x08004849   Thumb Code    12  receiver_l.o(i.Receicer_Init)
    SEGGER_RTT_AllocUpBuffer                 0x08004855   Thumb Code   194  segger_rtt.o(i.SEGGER_RTT_AllocUpBuffer)
    SEGGER_RTT_ConfigDownBuffer              0x0800491d   Thumb Code   114  segger_rtt.o(i.SEGGER_RTT_ConfigDownBuffer)
    SEGGER_RTT_ReadNoLock                    0x08004995   Thumb Code   166  segger_rtt.o(i.SEGGER_RTT_ReadNoLock)
    SEGGER_RTT_WriteSkipNoLock               0x08004a41   Thumb Code   154  segger_rtt.o(i.SEGGER_RTT_WriteSkipNoLock)
    SEGGER_SYSVIEW_Conf                      0x08004ae1   Thumb Code    34  segger_sysview_config_ucosii.o(i.SEGGER_SYSVIEW_Conf)
    SEGGER_SYSVIEW_GetSysDesc                0x08004b0d   Thumb Code   180  segger_sysview.o(i.SEGGER_SYSVIEW_GetSysDesc)
    SEGGER_SYSVIEW_Init                      0x08004bc9   Thumb Code    78  segger_sysview.o(i.SEGGER_SYSVIEW_Init)
    SEGGER_SYSVIEW_NameResource              0x08004c31   Thumb Code   104  segger_sysview.o(i.SEGGER_SYSVIEW_NameResource)
    SEGGER_SYSVIEW_OnIdle                    0x08004ca1   Thumb Code    48  segger_sysview.o(i.SEGGER_SYSVIEW_OnIdle)
    SEGGER_SYSVIEW_OnTaskCreate              0x08004cd5   Thumb Code    90  segger_sysview.o(i.SEGGER_SYSVIEW_OnTaskCreate)
    SEGGER_SYSVIEW_OnTaskStartExec           0x08004d39   Thumb Code    90  segger_sysview.o(i.SEGGER_SYSVIEW_OnTaskStartExec)
    SEGGER_SYSVIEW_OnTaskStartReady          0x08004d9d   Thumb Code    90  segger_sysview.o(i.SEGGER_SYSVIEW_OnTaskStartReady)
    SEGGER_SYSVIEW_OnTaskStopReady           0x08004e01   Thumb Code   122  segger_sysview.o(i.SEGGER_SYSVIEW_OnTaskStopReady)
    SEGGER_SYSVIEW_RecordEnterISR            0x08004e85   Thumb Code    90  segger_sysview.o(i.SEGGER_SYSVIEW_RecordEnterISR)
    SEGGER_SYSVIEW_RecordExitISR             0x08004ee9   Thumb Code    48  segger_sysview.o(i.SEGGER_SYSVIEW_RecordExitISR)
    SEGGER_SYSVIEW_RecordExitISRToScheduler  0x08004f1d   Thumb Code    48  segger_sysview.o(i.SEGGER_SYSVIEW_RecordExitISRToScheduler)
    SEGGER_SYSVIEW_RecordSystime             0x08004f51   Thumb Code    52  segger_sysview.o(i.SEGGER_SYSVIEW_RecordSystime)
    SEGGER_SYSVIEW_RecordU32                 0x08004f8d   Thumb Code    88  segger_sysview.o(i.SEGGER_SYSVIEW_RecordU32)
    SEGGER_SYSVIEW_RecordU32x2               0x08004fe9   Thumb Code   118  segger_sysview.o(i.SEGGER_SYSVIEW_RecordU32x2)
    SEGGER_SYSVIEW_RecordVoid                0x08005065   Thumb Code    50  segger_sysview.o(i.SEGGER_SYSVIEW_RecordVoid)
    SEGGER_SYSVIEW_SendModule                0x0800509d   Thumb Code   172  segger_sysview.o(i.SEGGER_SYSVIEW_SendModule)
    SEGGER_SYSVIEW_SendModuleDescription     0x08005151   Thumb Code    30  segger_sysview.o(i.SEGGER_SYSVIEW_SendModuleDescription)
    SEGGER_SYSVIEW_SendNumModules            0x08005175   Thumb Code    80  segger_sysview.o(i.SEGGER_SYSVIEW_SendNumModules)
    SEGGER_SYSVIEW_SendSysDesc               0x080051cd   Thumb Code    66  segger_sysview.o(i.SEGGER_SYSVIEW_SendSysDesc)
    SEGGER_SYSVIEW_SendTaskInfo              0x08005215   Thumb Code   260  segger_sysview.o(i.SEGGER_SYSVIEW_SendTaskInfo)
    SEGGER_SYSVIEW_SendTaskList              0x08005321   Thumb Code    26  segger_sysview.o(i.SEGGER_SYSVIEW_SendTaskList)
    SEGGER_SYSVIEW_SetRAMBase                0x08005341   Thumb Code     6  segger_sysview.o(i.SEGGER_SYSVIEW_SetRAMBase)
    SEGGER_SYSVIEW_ShrinkId                  0x0800534d   Thumb Code    10  segger_sysview.o(i.SEGGER_SYSVIEW_ShrinkId)
    SEGGER_SYSVIEW_Start                     0x0800535d   Thumb Code   240  segger_sysview.o(i.SEGGER_SYSVIEW_Start)
    SEGGER_SYSVIEW_Stop                      0x08005459   Thumb Code    60  segger_sysview.o(i.SEGGER_SYSVIEW_Stop)
    SEGGER_SYSVIEW_Warn                      0x0800549d   Thumb Code   122  segger_sysview.o(i.SEGGER_SYSVIEW_Warn)
    SVC_Handler                              0x0800551d   Thumb Code     2  stm32f4xx_it.o(i.SVC_Handler)
    SYSCLK_FreqGet                           0x0800551f   Thumb Code    14  segger_sysview_config_ucosii.o(i.SYSCLK_FreqGet)
    SYSVIEW_AddTask                          0x0800552d   Thumb Code   146  segger_sysview_ucosii.o(i.SYSVIEW_AddTask)
    SYSVIEW_RecordU32Register                0x080055d1   Thumb Code   112  segger_sysview_ucosii.o(i.SYSVIEW_RecordU32Register)
    SYSVIEW_SendResourceList                 0x0800564d   Thumb Code    70  segger_sysview_ucosii.o(i.SYSVIEW_SendResourceList)
    SYSVIEW_SendTaskInfo                     0x0800569d   Thumb Code    50  segger_sysview_ucosii.o(i.SYSVIEW_SendTaskInfo)
    SYSVIEW_TaskReady                        0x080056d1   Thumb Code    22  segger_sysview_ucosii.o(i.SYSVIEW_TaskReady)
    SYSVIEW_TaskSuspend                      0x080056ed   Thumb Code    24  segger_sysview_ucosii.o(i.SYSVIEW_TaskSuspend)
    SYSVIEW_TaskSwitchedIn                   0x08005709   Thumb Code    28  segger_sysview_ucosii.o(i.SYSVIEW_TaskSwitchedIn)
    SYSVIEW_UpdateResource                   0x08005729   Thumb Code    84  segger_sysview_ucosii.o(i.SYSVIEW_UpdateResource)
    SYSVIEW_UpdateTask                       0x08005785   Thumb Code   144  segger_sysview_ucosii.o(i.SYSVIEW_UpdateTask)
    Serial_Init                              0x08005821   Thumb Code   222  serial.o(i.Serial_Init)
    Serial_Printf                            0x08005909   Thumb Code    36  serial.o(i.Serial_Printf)
    Serial_SendArray                         0x0800592d   Thumb Code    26  serial.o(i.Serial_SendArray)
    Serial_SendByte                          0x08005949   Thumb Code    28  serial.o(i.Serial_SendByte)
    Serial_SendString                        0x08005969   Thumb Code    26  serial.o(i.Serial_SendString)
    SysTick_CLKSourceConfig                  0x08005983   Thumb Code    40  misc.o(i.SysTick_CLKSourceConfig)
    SysTick_Init                             0x080059ad   Thumb Code    84  main.o(i.SysTick_Init)
    SystemInit                               0x08005a09   Thumb Code    14  system_stm32f4xx.o(i.SystemInit)
    TI1_Config                               0x08005a1d   Thumb Code    58  stm32f4xx_tim.o(i.TI1_Config)
    TI2_Config                               0x08005a57   Thumb Code    80  stm32f4xx_tim.o(i.TI2_Config)
    TI3_Config                               0x08005aa7   Thumb Code    72  stm32f4xx_tim.o(i.TI3_Config)
    TI4_Config                               0x08005aef   Thumb Code    80  stm32f4xx_tim.o(i.TI4_Config)
    TIM2_IRQHandler                          0x08005b41   Thumb Code   358  receiver_l.o(i.TIM2_IRQHandler)
    TIM4_IRQHandler                          0x08005cb5   Thumb Code   344  receiver_l.o(i.TIM4_IRQHandler)
    TIM_ARRPreloadConfig                     0x08005e1d   Thumb Code    24  stm32f4xx_tim.o(i.TIM_ARRPreloadConfig)
    TIM_ClearITPendingBit                    0x08005e35   Thumb Code     6  stm32f4xx_tim.o(i.TIM_ClearITPendingBit)
    TIM_Cmd                                  0x08005e3b   Thumb Code    24  stm32f4xx_tim.o(i.TIM_Cmd)
    TIM_GetCapture1                          0x08005e53   Thumb Code     6  stm32f4xx_tim.o(i.TIM_GetCapture1)
    TIM_GetCapture2                          0x08005e59   Thumb Code     6  stm32f4xx_tim.o(i.TIM_GetCapture2)
    TIM_GetCapture3                          0x08005e5f   Thumb Code     6  stm32f4xx_tim.o(i.TIM_GetCapture3)
    TIM_GetITStatus                          0x08005e65   Thumb Code    34  stm32f4xx_tim.o(i.TIM_GetITStatus)
    TIM_ICInit                               0x08005e87   Thumb Code   110  stm32f4xx_tim.o(i.TIM_ICInit)
    TIM_ITConfig                             0x08005ef5   Thumb Code    18  stm32f4xx_tim.o(i.TIM_ITConfig)
    TIM_InternalClockConfig                  0x08005f07   Thumb Code    12  stm32f4xx_tim.o(i.TIM_InternalClockConfig)
    TIM_OC1Init                              0x08005f15   Thumb Code   114  stm32f4xx_tim.o(i.TIM_OC1Init)
    TIM_OC1PreloadConfig                     0x08005f91   Thumb Code    18  stm32f4xx_tim.o(i.TIM_OC1PreloadConfig)
    TIM_OC2Init                              0x08005fa5   Thumb Code   154  stm32f4xx_tim.o(i.TIM_OC2Init)
    TIM_OC2PreloadConfig                     0x08006049   Thumb Code    26  stm32f4xx_tim.o(i.TIM_OC2PreloadConfig)
    TIM_OC3Init                              0x08006065   Thumb Code   150  stm32f4xx_tim.o(i.TIM_OC3Init)
    TIM_OC3PreloadConfig                     0x08006105   Thumb Code    18  stm32f4xx_tim.o(i.TIM_OC3PreloadConfig)
    TIM_OC4Init                              0x08006119   Thumb Code   112  stm32f4xx_tim.o(i.TIM_OC4Init)
    TIM_OC4PreloadConfig                     0x08006191   Thumb Code    26  stm32f4xx_tim.o(i.TIM_OC4PreloadConfig)
    TIM_OCStructInit                         0x080061ab   Thumb Code    20  stm32f4xx_tim.o(i.TIM_OCStructInit)
    TIM_SetCounter                           0x080061bf   Thumb Code     4  stm32f4xx_tim.o(i.TIM_SetCounter)
    TIM_SetIC1Prescaler                      0x080061c3   Thumb Code    18  stm32f4xx_tim.o(i.TIM_SetIC1Prescaler)
    TIM_SetIC2Prescaler                      0x080061d5   Thumb Code    26  stm32f4xx_tim.o(i.TIM_SetIC2Prescaler)
    TIM_SetIC3Prescaler                      0x080061ef   Thumb Code    18  stm32f4xx_tim.o(i.TIM_SetIC3Prescaler)
    TIM_SetIC4Prescaler                      0x08006201   Thumb Code    26  stm32f4xx_tim.o(i.TIM_SetIC4Prescaler)
    TIM_TimeBaseInit                         0x0800621d   Thumb Code   104  stm32f4xx_tim.o(i.TIM_TimeBaseInit)
    Task_GY86                                0x080062a1   Thumb Code   368  task.o(i.Task_GY86)
    Task_PoseCalcu                           0x08006435   Thumb Code  1136  task.o(i.Task_PoseCalcu)
    USART1_IRQHandler                        0x080068a5   Thumb Code    38  serial.o(i.USART1_IRQHandler)
    USART6_IRQHandler                        0x080068d5   Thumb Code    38  serial.o(i.USART6_IRQHandler)
    USART_ClearITPendingBit                  0x08006905   Thumb Code    30  stm32f4xx_usart.o(i.USART_ClearITPendingBit)
    USART_Cmd                                0x08006923   Thumb Code    24  stm32f4xx_usart.o(i.USART_Cmd)
    USART_GetFlagStatus                      0x0800693b   Thumb Code    26  stm32f4xx_usart.o(i.USART_GetFlagStatus)
    USART_GetITStatus                        0x08006955   Thumb Code    84  stm32f4xx_usart.o(i.USART_GetITStatus)
    USART_ITConfig                           0x080069a9   Thumb Code    74  stm32f4xx_usart.o(i.USART_ITConfig)
    USART_Init                               0x080069f5   Thumb Code   204  stm32f4xx_usart.o(i.USART_Init)
    USART_ReceiveData                        0x08006ac9   Thumb Code    10  stm32f4xx_usart.o(i.USART_ReceiveData)
    USART_SendData                           0x08006ad3   Thumb Code     8  stm32f4xx_usart.o(i.USART_SendData)
    UsageFault_Handler                       0x08006adb   Thumb Code     4  stm32f4xx_it.o(i.UsageFault_Handler)
    __ARM_fpclassify                         0x08006e95   Thumb Code    48  fpclassify.o(i.__ARM_fpclassify)
    __hardfp_asin                            0x08006ec9   Thumb Code   770  asin.o(i.__hardfp_asin)
    __hardfp_atan                            0x08007229   Thumb Code   622  atan.o(i.__hardfp_atan)
    __kernel_poly                            0x08007501   Thumb Code   248  poly.o(i.__kernel_poly)
    __mathlib_dbl_infnan                     0x080075f9   Thumb Code    20  dunder.o(i.__mathlib_dbl_infnan)
    __mathlib_dbl_invalid                    0x08007611   Thumb Code    24  dunder.o(i.__mathlib_dbl_invalid)
    __mathlib_dbl_underflow                  0x08007631   Thumb Code    24  dunder.o(i.__mathlib_dbl_underflow)
    _is_digit                                0x0800770d   Thumb Code    14  __printf_wp.o(i._is_digit)
    _sys_exit                                0x0800771b   Thumb Code     4  segger_rtt_syscalls_keil.o(i._sys_exit)
    delay_us                                 0x08007721   Thumb Code    84  delay.o(i.delay_us)
    fabs                                     0x08007779   Thumb Code    24  fabs.o(i.fabs)
    invSqrt                                  0x08007791   Thumb Code    56  posecalculate.o(i.invSqrt)
    madgwick                                 0x080077cd   Thumb Code  1032  posecalculate.o(i.madgwick)
    main                                     0x08007bd5   Thumb Code   178  main.o(i.main)
    sqrt                                     0x08007cd1   Thumb Code   110  sqrt.o(i.sqrt)
    updateAngleTmp                           0x08007d41   Thumb Code   540  posecalculate.o(i.updateAngleTmp)
    _get_lc_numeric                          0x08007f79   Thumb Code    44  lc_numeric_c.o(locale$$code)
    _get_lc_ctype                            0x08007fa5   Thumb Code    44  lc_ctype_c.o(locale$$code)
    __aeabi_dneg                             0x08007fd1   Thumb Code     0  basic.o(x$fpl$basic)
    _dneg                                    0x08007fd1   Thumb Code     6  basic.o(x$fpl$basic)
    __aeabi_fneg                             0x08007fd7   Thumb Code     0  basic.o(x$fpl$basic)
    _fneg                                    0x08007fd7   Thumb Code     6  basic.o(x$fpl$basic)
    _dabs                                    0x08007fdd   Thumb Code     6  basic.o(x$fpl$basic)
    _fabs                                    0x08007fe3   Thumb Code     6  basic.o(x$fpl$basic)
    __aeabi_d2f                              0x08007fe9   Thumb Code     0  d2f.o(x$fpl$d2f)
    _d2f                                     0x08007fe9   Thumb Code    98  d2f.o(x$fpl$d2f)
    __aeabi_dadd                             0x0800804d   Thumb Code     0  daddsub_clz.o(x$fpl$dadd)
    _dadd                                    0x0800804d   Thumb Code   332  daddsub_clz.o(x$fpl$dadd)
    __aeabi_ddiv                             0x0800819d   Thumb Code     0  ddiv.o(x$fpl$ddiv)
    _ddiv                                    0x0800819d   Thumb Code   552  ddiv.o(x$fpl$ddiv)
    __aeabi_d2iz                             0x0800844d   Thumb Code     0  dfix.o(x$fpl$dfix)
    _dfix                                    0x0800844d   Thumb Code    94  dfix.o(x$fpl$dfix)
    __aeabi_i2d                              0x080084ab   Thumb Code     0  dflt_clz.o(x$fpl$dflt)
    _dflt                                    0x080084ab   Thumb Code    46  dflt_clz.o(x$fpl$dflt)
    __aeabi_dmul                             0x080084d9   Thumb Code     0  dmul.o(x$fpl$dmul)
    _dmul                                    0x080084d9   Thumb Code   332  dmul.o(x$fpl$dmul)
    __fpl_dnaninf                            0x0800862d   Thumb Code   156  dnaninf.o(x$fpl$dnaninf)
    __fpl_dretinf                            0x080086c9   Thumb Code    12  dretinf.o(x$fpl$dretinf)
    __aeabi_drsub                            0x080086d5   Thumb Code     0  daddsub_clz.o(x$fpl$drsb)
    _drsb                                    0x080086d5   Thumb Code    22  daddsub_clz.o(x$fpl$drsb)
    _dsqrt                                   0x080086ed   Thumb Code   404  dsqrt_umaal.o(x$fpl$dsqrt)
    __aeabi_dsub                             0x08008885   Thumb Code     0  daddsub_clz.o(x$fpl$dsub)
    _dsub                                    0x08008885   Thumb Code   464  daddsub_clz.o(x$fpl$dsub)
    __aeabi_f2d                              0x08008a59   Thumb Code     0  f2d.o(x$fpl$f2d)
    _f2d                                     0x08008a59   Thumb Code    86  f2d.o(x$fpl$f2d)
    __fpl_fnaninf                            0x08008aaf   Thumb Code   140  fnaninf.o(x$fpl$fnaninf)
    _fp_init                                 0x08008b3b   Thumb Code    10  fpinit.o(x$fpl$fpinit)
    __fplib_config_fpu_vfp                   0x08008b43   Thumb Code     0  fpinit.o(x$fpl$fpinit)
    __fplib_config_pureend_doubles           0x08008b43   Thumb Code     0  fpinit.o(x$fpl$fpinit)
    __fpl_fretinf                            0x08008b45   Thumb Code    10  fretinf.o(x$fpl$fretinf)
    _printf_fp_dec                           0x08008b4f   Thumb Code     4  printf1.o(x$fpl$printf1)
    _printf_fp_hex                           0x08008b53   Thumb Code     4  printf2.o(x$fpl$printf2)
    __I$use$fp                               0x08008b56   Number         0  usenofp.o(x$fpl$usenofp)
    acc_cali                                 0x08008b58   Data          24  task.o(.constdata)
    OSUnMapTbl                               0x08008b70   Data         256  os_core.o(.constdata)
    OSDebugEn                                0x08008c70   Data           2  os_dbg_r.o(.constdata)
    OSEndiannessTest                         0x08008c74   Data           4  os_dbg_r.o(.constdata)
    OSEventEn                                0x08008c78   Data           2  os_dbg_r.o(.constdata)
    OSEventMax                               0x08008c7a   Data           2  os_dbg_r.o(.constdata)
    OSEventNameEn                            0x08008c7c   Data           2  os_dbg_r.o(.constdata)
    OSEventSize                              0x08008c7e   Data           2  os_dbg_r.o(.constdata)
    OSEventTblSize                           0x08008c80   Data           2  os_dbg_r.o(.constdata)
    OSEventMultiEn                           0x08008c82   Data           2  os_dbg_r.o(.constdata)
    OSFlagEn                                 0x08008c84   Data           2  os_dbg_r.o(.constdata)
    OSFlagGrpSize                            0x08008c86   Data           2  os_dbg_r.o(.constdata)
    OSFlagNodeSize                           0x08008c88   Data           2  os_dbg_r.o(.constdata)
    OSFlagWidth                              0x08008c8a   Data           2  os_dbg_r.o(.constdata)
    OSFlagMax                                0x08008c8c   Data           2  os_dbg_r.o(.constdata)
    OSFlagNameEn                             0x08008c8e   Data           2  os_dbg_r.o(.constdata)
    OSLowestPrio                             0x08008c90   Data           2  os_dbg_r.o(.constdata)
    OSMboxEn                                 0x08008c92   Data           2  os_dbg_r.o(.constdata)
    OSMemEn                                  0x08008c94   Data           2  os_dbg_r.o(.constdata)
    OSMemMax                                 0x08008c96   Data           2  os_dbg_r.o(.constdata)
    OSMemNameEn                              0x08008c98   Data           2  os_dbg_r.o(.constdata)
    OSMemSize                                0x08008c9a   Data           2  os_dbg_r.o(.constdata)
    OSMemTblSize                             0x08008c9c   Data           2  os_dbg_r.o(.constdata)
    OSMutexEn                                0x08008c9e   Data           2  os_dbg_r.o(.constdata)
    OSPtrSize                                0x08008ca0   Data           2  os_dbg_r.o(.constdata)
    OSQEn                                    0x08008ca2   Data           2  os_dbg_r.o(.constdata)
    OSQMax                                   0x08008ca4   Data           2  os_dbg_r.o(.constdata)
    OSQSize                                  0x08008ca6   Data           2  os_dbg_r.o(.constdata)
    OSRdyTblSize                             0x08008ca8   Data           2  os_dbg_r.o(.constdata)
    OSSemEn                                  0x08008caa   Data           2  os_dbg_r.o(.constdata)
    OSStkWidth                               0x08008cac   Data           2  os_dbg_r.o(.constdata)
    OSTaskCreateEn                           0x08008cae   Data           2  os_dbg_r.o(.constdata)
    OSTaskCreateExtEn                        0x08008cb0   Data           2  os_dbg_r.o(.constdata)
    OSTaskDelEn                              0x08008cb2   Data           2  os_dbg_r.o(.constdata)
    OSTaskIdleStkSize                        0x08008cb4   Data           2  os_dbg_r.o(.constdata)
    OSTaskProfileEn                          0x08008cb6   Data           2  os_dbg_r.o(.constdata)
    OSTaskMax                                0x08008cb8   Data           2  os_dbg_r.o(.constdata)
    OSTaskNameEn                             0x08008cba   Data           2  os_dbg_r.o(.constdata)
    OSTaskStatEn                             0x08008cbc   Data           2  os_dbg_r.o(.constdata)
    OSTaskStatStkSize                        0x08008cbe   Data           2  os_dbg_r.o(.constdata)
    OSTaskStatStkChkEn                       0x08008cc0   Data           2  os_dbg_r.o(.constdata)
    OSTaskSwHookEn                           0x08008cc2   Data           2  os_dbg_r.o(.constdata)
    OSTaskRegTblSize                         0x08008cc4   Data           2  os_dbg_r.o(.constdata)
    OSTCBPrioTblMax                          0x08008cc6   Data           2  os_dbg_r.o(.constdata)
    OSTCBSize                                0x08008cc8   Data           2  os_dbg_r.o(.constdata)
    OSTicksPerSec                            0x08008cca   Data           2  os_dbg_r.o(.constdata)
    OSTimeTickHookEn                         0x08008ccc   Data           2  os_dbg_r.o(.constdata)
    OSVersionNbr                             0x08008cce   Data           2  os_dbg_r.o(.constdata)
    OS_TLS_TblSize                           0x08008cd0   Data           2  os_dbg_r.o(.constdata)
    OSTmrEn                                  0x08008cd2   Data           2  os_dbg_r.o(.constdata)
    OSTmrCfgMax                              0x08008cd4   Data           2  os_dbg_r.o(.constdata)
    OSTmrCfgNameEn                           0x08008cd6   Data           2  os_dbg_r.o(.constdata)
    OSTmrCfgWheelSize                        0x08008cd8   Data           2  os_dbg_r.o(.constdata)
    OSTmrCfgTicksPerSec                      0x08008cda   Data           2  os_dbg_r.o(.constdata)
    OSTmrSize                                0x08008cdc   Data           2  os_dbg_r.o(.constdata)
    OSTmrTblSize                             0x08008cde   Data           2  os_dbg_r.o(.constdata)
    OSTmrWheelSize                           0x08008ce0   Data           2  os_dbg_r.o(.constdata)
    OSTmrWheelTblSize                        0x08008ce2   Data           2  os_dbg_r.o(.constdata)
    OSDataSize                               0x08008ce4   Data           2  os_dbg_r.o(.constdata)
    SYSVIEW_X_OS_TraceAPI                    0x08008d24   Data           8  segger_sysview_ucosii.o(.constdata)
    Region$$Table$$Base                      0x08008fb8   Number         0  anon$$obj.o(Region$$Table)
    Region$$Table$$Limit                     0x08008fd8   Number         0  anon$$obj.o(Region$$Table)
    __ctype                                  0x08009001   Data           0  lc_ctype_c.o(locale$$data)
    errr                                     0x20000000   Data           1  main.o(.data)
    tmp2                                     0x20000004   Data           4  main.o(.data)
    AX                                       0x20000008   Data           2  task.o(.data)
    AY                                       0x2000000a   Data           2  task.o(.data)
    AZ                                       0x2000000c   Data           2  task.o(.data)
    GX                                       0x2000000e   Data           2  task.o(.data)
    GY                                       0x20000010   Data           2  task.o(.data)
    GZ                                       0x20000012   Data           2  task.o(.data)
    MX                                       0x20000014   Data           2  task.o(.data)
    MZ                                       0x20000016   Data           2  task.o(.data)
    MY                                       0x20000018   Data           2  task.o(.data)
    Axf                                      0x2000001c   Data           4  task.o(.data)
    Ayf                                      0x20000020   Data           4  task.o(.data)
    Azf                                      0x20000024   Data           4  task.o(.data)
    pwm_IN                                   0x20000028   Data           8  task.o(.data)
    tmp                                      0x20000030   Data           4  task.o(.data)
    err                                      0x20000034   Data           1  task.o(.data)
    cpu_sr                                   0x20000038   Data           4  task.o(.data)
    test                                     0x2000003c   Data           1  task.o(.data)
    Serial_RxData                            0x2000003e   Data           2  serial.o(.data)
    Serial_RxFlag                            0x20000040   Data           1  serial.o(.data)
    TIM2_CAPTURE_STA                         0x20000041   Data           4  receiver_l.o(.data)
    TIM4_CAPTURE_STA                         0x20000045   Data           4  receiver_l.o(.data)
    OSCtxSwCtr                               0x20000060   Data           4  os_core.o(.data)
    OSEventFreeList                          0x20000064   Data           4  os_core.o(.data)
    OSFlagFreeList                           0x20000068   Data           4  os_core.o(.data)
    OSCPUUsage                               0x2000006c   Data           1  os_core.o(.data)
    OSIdleCtrMax                             0x20000070   Data           4  os_core.o(.data)
    OSIdleCtrRun                             0x20000074   Data           4  os_core.o(.data)
    OSStatRdy                                0x20000078   Data           1  os_core.o(.data)
    OSIntNesting                             0x20000079   Data           1  os_core.o(.data)
    OSLockNesting                            0x2000007a   Data           1  os_core.o(.data)
    OSPrioCur                                0x2000007b   Data           1  os_core.o(.data)
    OSPrioHighRdy                            0x2000007c   Data           1  os_core.o(.data)
    OSRdyGrp                                 0x2000007d   Data           1  os_core.o(.data)
    OSRdyTbl                                 0x2000007e   Data           8  os_core.o(.data)
    OSRunning                                0x20000086   Data           1  os_core.o(.data)
    OSTaskCtr                                0x20000087   Data           1  os_core.o(.data)
    OSIdleCtr                                0x20000088   Data           4  os_core.o(.data)
    OSTCBCur                                 0x2000008c   Data           4  os_core.o(.data)
    OSTCBFreeList                            0x20000090   Data           4  os_core.o(.data)
    OSTCBHighRdy                             0x20000094   Data           4  os_core.o(.data)
    OSTCBList                                0x20000098   Data           4  os_core.o(.data)
    OSTickStepState                          0x2000009c   Data           1  os_core.o(.data)
    OSMemFreeList                            0x200000a0   Data           4  os_core.o(.data)
    OSQFreeList                              0x200000a4   Data           4  os_core.o(.data)
    OSTaskRegNextAvailID                     0x200000a8   Data           1  os_core.o(.data)
    OSTime                                   0x200000ac   Data           4  os_core.o(.data)
    OSTmrFree                                0x200000b0   Data           2  os_core.o(.data)
    OSTmrUsed                                0x200000b2   Data           2  os_core.o(.data)
    OSTmrTime                                0x200000b4   Data           4  os_core.o(.data)
    OSTmrSem                                 0x200000b8   Data           4  os_core.o(.data)
    OSTmrSemSignal                           0x200000bc   Data           4  os_core.o(.data)
    OSTmrFreeList                            0x200000c0   Data           4  os_core.o(.data)
    OS_CPU_ExceptStkBase                     0x200000c4   Data           4  os_cpu_c.o(.data)
    OS_KA_BASEPRI_Boundary                   0x200000cc   Data           4  os_cpu_c.o(.data)
    SEGGER_SYSVIEW_TickCnt                   0x200000d0   Data           4  segger_sysview.o(.data)
    SEGGER_SYSVIEW_InterruptId               0x200000d4   Data           4  segger_sysview.o(.data)
    q0                                       0x200000f0   Data           4  posecalculate.o(.data)
    q1                                       0x200000f4   Data           4  posecalculate.o(.data)
    q2                                       0x200000f8   Data           4  posecalculate.o(.data)
    q3                                       0x200000fc   Data           4  posecalculate.o(.data)
    q0Acc                                    0x20000100   Data           4  posecalculate.o(.data)
    q1Acc                                    0x20000104   Data           4  posecalculate.o(.data)
    q2Acc                                    0x20000108   Data           4  posecalculate.o(.data)
    q3Acc                                    0x2000010c   Data           4  posecalculate.o(.data)
    q0gyro                                   0x20000110   Data           4  posecalculate.o(.data)
    q1gyro                                   0x20000114   Data           4  posecalculate.o(.data)
    q2gyro                                   0x20000118   Data           4  posecalculate.o(.data)
    q3gyro                                   0x2000011c   Data           4  posecalculate.o(.data)
    yaw                                      0x20000120   Data           8  posecalculate.o(.data)
    pitch                                    0x20000128   Data           8  posecalculate.o(.data)
    roll                                     0x20000130   Data           8  posecalculate.o(.data)
    USART_RECEIVE                            0x20000138   Data         400  main.o(.bss)
    USART_test                               0x200002c8   Data         400  main.o(.bss)
    GY86                                     0x20000458   Data        2048  main.o(.bss)
    Motor                                    0x20000c58   Data        2048  main.o(.bss)
    BT                                       0x20001458   Data        2048  main.o(.bss)
    PoseCalcu                                0x20001c58   Data        2048  main.o(.bss)
    Sensor_data_buf                          0x20002458   Data          19  task.o(.bss)
    TIM2_CAPTURE_VAL                         0x2000246c   Data          16  receiver_l.o(.bss)
    TIM4_CAPTURE_VAL                         0x2000247c   Data          16  receiver_l.o(.bss)
    OSEventTbl                               0x2000248c   Data         240  os_core.o(.bss)
    OSFlagTbl                                0x2000257c   Data          80  os_core.o(.bss)
    OSTaskStatStk                            0x200025cc   Data         512  os_core.o(.bss)
    OSTaskIdleStk                            0x200027cc   Data         512  os_core.o(.bss)
    OSTCBPrioTbl                             0x200029cc   Data         256  os_core.o(.bss)
    OSTCBTbl                                 0x20002acc   Data        2024  os_core.o(.bss)
    OSMemTbl                                 0x200032b4   Data         120  os_core.o(.bss)
    OSQTbl                                   0x2000332c   Data          96  os_core.o(.bss)
    OSTmrTbl                                 0x2000338c   Data         640  os_core.o(.bss)
    OSTmrTaskStk                             0x2000360c   Data         512  os_core.o(.bss)
    OSTmrWheelTbl                            0x2000380c   Data          56  os_core.o(.bss)
    OS_CPU_ExceptStk                         0x20003844   Data        1024  os_cpu_c.o(.bss)
    _SEGGER_RTT                              0x20003c44   Data         168  segger_rtt.o(.bss)
    gyroData                                 0x20006688   Data          12  posecalculate.o(.bss)
    accData                                  0x20006694   Data          12  posecalculate.o(.bss)
    magData                                  0x200066a0   Data          12  posecalculate.o(.bss)
    __libspace_start                         0x200066ac   Data          96  libspace.o(.bss)
    __temporary_stack_top$libspace           0x2000670c   Data           0  libspace.o(.bss)



==============================================================================

Memory Map of the image

  Image Entry point : 0x08000195

  Load Region LR_IROM1 (Base: 0x08000000, Size: 0x0000923c, Max: 0x00080000, ABSOLUTE, COMPRESSED[0x00009114])

    Execution Region ER_IROM1 (Exec base: 0x08000000, Load base: 0x08000000, Size: 0x00009104, Max: 0x00080000, ABSOLUTE)

    Exec Addr    Load Addr    Size         Type   Attr      Idx    E Section Name        Object

    0x08000000   0x08000000   0x00000194   Data   RO         7964    RESET               startup_stm32f401xe.o
    0x08000194   0x08000194   0x00000008   Code   RO         8058  * !!!main             c_w.l(__main.o)
    0x0800019c   0x0800019c   0x00000034   Code   RO         8610    !!!scatter          c_w.l(__scatter.o)
    0x080001d0   0x080001d0   0x0000003a   Code   RO         8608    !!dczerorl          c_w.l(__dczerorl.o)
    0x0800020a   0x0800020a   0x00000002   PAD
    0x0800020c   0x0800020c   0x0000001c   Code   RO         8612    !!handler_zi        c_w.l(__scatter_zi.o)
    0x08000228   0x08000228   0x00000000   Code   RO         8039    .ARM.Collect$$_printf_percent$$00000000  c_w.l(_printf_percent.o)
    0x08000228   0x08000228   0x00000006   Code   RO         8185    .ARM.Collect$$_printf_percent$$00000001  c_w.l(_printf_n.o)
    0x0800022e   0x0800022e   0x00000006   Code   RO         8187    .ARM.Collect$$_printf_percent$$00000002  c_w.l(_printf_p.o)
    0x08000234   0x08000234   0x00000006   Code   RO         8038    .ARM.Collect$$_printf_percent$$00000003  c_w.l(_printf_f.o)
    0x0800023a   0x0800023a   0x00000006   Code   RO         8192    .ARM.Collect$$_printf_percent$$00000004  c_w.l(_printf_e.o)
    0x08000240   0x08000240   0x00000006   Code   RO         8193    .ARM.Collect$$_printf_percent$$00000005  c_w.l(_printf_g.o)
    0x08000246   0x08000246   0x00000006   Code   RO         8194    .ARM.Collect$$_printf_percent$$00000006  c_w.l(_printf_a.o)
    0x0800024c   0x0800024c   0x0000000a   Code   RO         8199    .ARM.Collect$$_printf_percent$$00000007  c_w.l(_printf_ll.o)
    0x08000256   0x08000256   0x00000006   Code   RO         8189    .ARM.Collect$$_printf_percent$$00000008  c_w.l(_printf_i.o)
    0x0800025c   0x0800025c   0x00000006   Code   RO         8190    .ARM.Collect$$_printf_percent$$00000009  c_w.l(_printf_d.o)
    0x08000262   0x08000262   0x00000006   Code   RO         8191    .ARM.Collect$$_printf_percent$$0000000A  c_w.l(_printf_u.o)
    0x08000268   0x08000268   0x00000006   Code   RO         8188    .ARM.Collect$$_printf_percent$$0000000B  c_w.l(_printf_o.o)
    0x0800026e   0x0800026e   0x00000006   Code   RO         8186    .ARM.Collect$$_printf_percent$$0000000C  c_w.l(_printf_x.o)
    0x08000274   0x08000274   0x00000006   Code   RO         8196    .ARM.Collect$$_printf_percent$$0000000D  c_w.l(_printf_lli.o)
    0x0800027a   0x0800027a   0x00000006   Code   RO         8197    .ARM.Collect$$_printf_percent$$0000000E  c_w.l(_printf_lld.o)
    0x08000280   0x08000280   0x00000006   Code   RO         8198    .ARM.Collect$$_printf_percent$$0000000F  c_w.l(_printf_llu.o)
    0x08000286   0x08000286   0x00000006   Code   RO         8203    .ARM.Collect$$_printf_percent$$00000010  c_w.l(_printf_llo.o)
    0x0800028c   0x0800028c   0x00000006   Code   RO         8204    .ARM.Collect$$_printf_percent$$00000011  c_w.l(_printf_llx.o)
    0x08000292   0x08000292   0x0000000a   Code   RO         8200    .ARM.Collect$$_printf_percent$$00000012  c_w.l(_printf_l.o)
    0x0800029c   0x0800029c   0x00000006   Code   RO         8183    .ARM.Collect$$_printf_percent$$00000013  c_w.l(_printf_c.o)
    0x080002a2   0x080002a2   0x00000006   Code   RO         8184    .ARM.Collect$$_printf_percent$$00000014  c_w.l(_printf_s.o)
    0x080002a8   0x080002a8   0x00000006   Code   RO         8201    .ARM.Collect$$_printf_percent$$00000015  c_w.l(_printf_lc.o)
    0x080002ae   0x080002ae   0x00000006   Code   RO         8202    .ARM.Collect$$_printf_percent$$00000016  c_w.l(_printf_ls.o)
    0x080002b4   0x080002b4   0x00000004   Code   RO         8195    .ARM.Collect$$_printf_percent$$00000017  c_w.l(_printf_percent_end.o)
    0x080002b8   0x080002b8   0x00000002   Code   RO         8535    .ARM.Collect$$libinit$$00000000  c_w.l(libinit.o)
    0x080002ba   0x080002ba   0x00000004   Code   RO         8418    .ARM.Collect$$libinit$$00000001  c_w.l(libinit2.o)
    0x080002be   0x080002be   0x00000000   Code   RO         8421    .ARM.Collect$$libinit$$00000004  c_w.l(libinit2.o)
    0x080002be   0x080002be   0x00000000   Code   RO         8424    .ARM.Collect$$libinit$$0000000A  c_w.l(libinit2.o)
    0x080002be   0x080002be   0x00000000   Code   RO         8426    .ARM.Collect$$libinit$$0000000C  c_w.l(libinit2.o)
    0x080002be   0x080002be   0x00000000   Code   RO         8428    .ARM.Collect$$libinit$$0000000E  c_w.l(libinit2.o)
    0x080002be   0x080002be   0x00000006   Code   RO         8429    .ARM.Collect$$libinit$$0000000F  c_w.l(libinit2.o)
    0x080002c4   0x080002c4   0x00000000   Code   RO         8431    .ARM.Collect$$libinit$$00000011  c_w.l(libinit2.o)
    0x080002c4   0x080002c4   0x0000000c   Code   RO         8432    .ARM.Collect$$libinit$$00000012  c_w.l(libinit2.o)
    0x080002d0   0x080002d0   0x00000000   Code   RO         8433    .ARM.Collect$$libinit$$00000013  c_w.l(libinit2.o)
    0x080002d0   0x080002d0   0x00000000   Code   RO         8435    .ARM.Collect$$libinit$$00000015  c_w.l(libinit2.o)
    0x080002d0   0x080002d0   0x0000000a   Code   RO         8436    .ARM.Collect$$libinit$$00000016  c_w.l(libinit2.o)
    0x080002da   0x080002da   0x00000000   Code   RO         8437    .ARM.Collect$$libinit$$00000017  c_w.l(libinit2.o)
    0x080002da   0x080002da   0x00000000   Code   RO         8439    .ARM.Collect$$libinit$$00000019  c_w.l(libinit2.o)
    0x080002da   0x080002da   0x00000000   Code   RO         8441    .ARM.Collect$$libinit$$0000001B  c_w.l(libinit2.o)
    0x080002da   0x080002da   0x00000000   Code   RO         8443    .ARM.Collect$$libinit$$0000001D  c_w.l(libinit2.o)
    0x080002da   0x080002da   0x00000000   Code   RO         8445    .ARM.Collect$$libinit$$0000001F  c_w.l(libinit2.o)
    0x080002da   0x080002da   0x00000000   Code   RO         8447    .ARM.Collect$$libinit$$00000021  c_w.l(libinit2.o)
    0x080002da   0x080002da   0x00000000   Code   RO         8449    .ARM.Collect$$libinit$$00000023  c_w.l(libinit2.o)
    0x080002da   0x080002da   0x00000000   Code   RO         8451    .ARM.Collect$$libinit$$00000025  c_w.l(libinit2.o)
    0x080002da   0x080002da   0x00000000   Code   RO         8455    .ARM.Collect$$libinit$$0000002C  c_w.l(libinit2.o)
    0x080002da   0x080002da   0x00000000   Code   RO         8457    .ARM.Collect$$libinit$$0000002E  c_w.l(libinit2.o)
    0x080002da   0x080002da   0x00000000   Code   RO         8459    .ARM.Collect$$libinit$$00000030  c_w.l(libinit2.o)
    0x080002da   0x080002da   0x00000000   Code   RO         8461    .ARM.Collect$$libinit$$00000032  c_w.l(libinit2.o)
    0x080002da   0x080002da   0x00000002   Code   RO         8462    .ARM.Collect$$libinit$$00000033  c_w.l(libinit2.o)
    0x080002dc   0x080002dc   0x00000002   Code   RO         8605    .ARM.Collect$$libshutdown$$00000000  c_w.l(libshutdown.o)
    0x080002de   0x080002de   0x00000000   Code   RO         8464    .ARM.Collect$$libshutdown$$00000002  c_w.l(libshutdown2.o)
    0x080002de   0x080002de   0x00000000   Code   RO         8466    .ARM.Collect$$libshutdown$$00000004  c_w.l(libshutdown2.o)
    0x080002de   0x080002de   0x00000000   Code   RO         8469    .ARM.Collect$$libshutdown$$00000007  c_w.l(libshutdown2.o)
    0x080002de   0x080002de   0x00000000   Code   RO         8472    .ARM.Collect$$libshutdown$$0000000A  c_w.l(libshutdown2.o)
    0x080002de   0x080002de   0x00000000   Code   RO         8474    .ARM.Collect$$libshutdown$$0000000C  c_w.l(libshutdown2.o)
    0x080002de   0x080002de   0x00000000   Code   RO         8477    .ARM.Collect$$libshutdown$$0000000F  c_w.l(libshutdown2.o)
    0x080002de   0x080002de   0x00000002   Code   RO         8478    .ARM.Collect$$libshutdown$$00000010  c_w.l(libshutdown2.o)
    0x080002e0   0x080002e0   0x00000000   Code   RO         8130    .ARM.Collect$$rtentry$$00000000  c_w.l(__rtentry.o)
    0x080002e0   0x080002e0   0x00000000   Code   RO         8273    .ARM.Collect$$rtentry$$00000002  c_w.l(__rtentry2.o)
    0x080002e0   0x080002e0   0x00000006   Code   RO         8285    .ARM.Collect$$rtentry$$00000004  c_w.l(__rtentry4.o)
    0x080002e6   0x080002e6   0x00000000   Code   RO         8275    .ARM.Collect$$rtentry$$00000009  c_w.l(__rtentry2.o)
    0x080002e6   0x080002e6   0x00000004   Code   RO         8276    .ARM.Collect$$rtentry$$0000000A  c_w.l(__rtentry2.o)
    0x080002ea   0x080002ea   0x00000000   Code   RO         8278    .ARM.Collect$$rtentry$$0000000C  c_w.l(__rtentry2.o)
    0x080002ea   0x080002ea   0x00000008   Code   RO         8279    .ARM.Collect$$rtentry$$0000000D  c_w.l(__rtentry2.o)
    0x080002f2   0x080002f2   0x00000002   Code   RO         8538    .ARM.Collect$$rtexit$$00000000  c_w.l(rtexit.o)
    0x080002f4   0x080002f4   0x00000000   Code   RO         8571    .ARM.Collect$$rtexit$$00000002  c_w.l(rtexit2.o)
    0x080002f4   0x080002f4   0x00000004   Code   RO         8572    .ARM.Collect$$rtexit$$00000003  c_w.l(rtexit2.o)
    0x080002f8   0x080002f8   0x00000006   Code   RO         8573    .ARM.Collect$$rtexit$$00000004  c_w.l(rtexit2.o)
    0x080002fe   0x080002fe   0x00000002   PAD
    0x08000300   0x08000300   0x00000134   Code   RO         6738    .text               os_cpu_a.o
    0x08000434   0x08000434   0x00000040   Code   RO         7965    .text               startup_stm32f401xe.o
    0x08000474   0x08000474   0x00000002   Code   RO         8008    .text               c_w.l(use_no_semi_2.o)
    0x08000476   0x08000476   0x00000002   PAD
    0x08000478   0x08000478   0x00000024   Code   RO         8010    .text               c_w.l(vsprintf.o)
    0x0800049c   0x0800049c   0x00000188   Code   RO         8035    .text               c_w.l(__printf_flags_ss_wp.o)
    0x08000624   0x08000624   0x0000008a   Code   RO         8052    .text               c_w.l(rt_memcpy_v6.o)
    0x080006ae   0x080006ae   0x0000004e   Code   RO         8054    .text               c_w.l(rt_memclr_w.o)
    0x080006fc   0x080006fc   0x00000006   Code   RO         8056    .text               c_w.l(heapauxi.o)
    0x08000702   0x08000702   0x00000002   Code   RO         8128    .text               c_w.l(use_no_semi.o)
    0x08000704   0x08000704   0x00000016   Code   RO         8131    .text               c_w.l(_rserrno.o)
    0x0800071a   0x0800071a   0x0000004e   Code   RO         8133    .text               c_w.l(_printf_pad.o)
    0x08000768   0x08000768   0x00000024   Code   RO         8135    .text               c_w.l(_printf_truncate.o)
    0x0800078c   0x0800078c   0x00000052   Code   RO         8137    .text               c_w.l(_printf_str.o)
    0x080007de   0x080007de   0x00000002   PAD
    0x080007e0   0x080007e0   0x00000078   Code   RO         8139    .text               c_w.l(_printf_dec.o)
    0x08000858   0x08000858   0x00000028   Code   RO         8141    .text               c_w.l(_printf_charcount.o)
    0x08000880   0x08000880   0x0000041e   Code   RO         8143    .text               c_w.l(_printf_fp_dec.o)
    0x08000c9e   0x08000c9e   0x00000002   PAD
    0x08000ca0   0x08000ca0   0x00000030   Code   RO         8145    .text               c_w.l(_printf_char_common.o)
    0x08000cd0   0x08000cd0   0x0000000a   Code   RO         8147    .text               c_w.l(_sputc.o)
    0x08000cda   0x08000cda   0x00000002   PAD
    0x08000cdc   0x08000cdc   0x000000bc   Code   RO         8151    .text               c_w.l(_printf_wctomb.o)
    0x08000d98   0x08000d98   0x0000007c   Code   RO         8154    .text               c_w.l(_printf_longlong_dec.o)
    0x08000e14   0x08000e14   0x00000070   Code   RO         8160    .text               c_w.l(_printf_oct_int_ll.o)
    0x08000e84   0x08000e84   0x00000094   Code   RO         8180    .text               c_w.l(_printf_hex_int_ll_ptr.o)
    0x08000f18   0x08000f18   0x00000064   Code   RO         8214    .text               c_w.l(rt_memcpy_w.o)
    0x08000f7c   0x08000f7c   0x00000008   Code   RO         8290    .text               c_w.l(rt_locale_intlibspace.o)
    0x08000f84   0x08000f84   0x00000008   Code   RO         8295    .text               c_w.l(rt_errno_addr_intlibspace.o)
    0x08000f8c   0x08000f8c   0x0000008a   Code   RO         8353    .text               c_w.l(lludiv10.o)
    0x08001016   0x08001016   0x000000b2   Code   RO         8355    .text               c_w.l(_printf_intcommon.o)
    0x080010c8   0x080010c8   0x000002fc   Code   RO         8357    .text               c_w.l(_printf_fp_hex.o)
    0x080013c4   0x080013c4   0x00000080   Code   RO         8360    .text               c_w.l(_printf_fp_infnan.o)
    0x08001444   0x08001444   0x0000002c   Code   RO         8364    .text               c_w.l(_printf_char.o)
    0x08001470   0x08001470   0x0000002c   Code   RO         8366    .text               c_w.l(_printf_wchar.o)
    0x0800149c   0x0800149c   0x000000e4   Code   RO         8368    .text               c_w.l(bigflt0.o)
    0x08001580   0x08001580   0x00000040   Code   RO         8409    .text               c_w.l(_wcrtomb.o)
    0x080015c0   0x080015c0   0x00000008   Code   RO         8483    .text               c_w.l(libspace.o)
    0x080015c8   0x080015c8   0x0000004a   Code   RO         8487    .text               c_w.l(sys_stackheap_outer.o)
    0x08001612   0x08001612   0x00000002   PAD
    0x08001614   0x08001614   0x00000010   Code   RO         8489    .text               c_w.l(rt_ctype_table.o)
    0x08001624   0x08001624   0x00000012   Code   RO         8520    .text               c_w.l(exit.o)
    0x08001636   0x08001636   0x00000002   PAD
    0x08001638   0x08001638   0x00000080   Code   RO         8526    .text               c_w.l(strcmpv7m.o)
    0x080016b8   0x080016b8   0x0000003e   Code   RO         8371    CL$$btod_d2e        c_w.l(btod.o)
    0x080016f6   0x080016f6   0x00000046   Code   RO         8373    CL$$btod_d2e_denorm_low  c_w.l(btod.o)
    0x0800173c   0x0800173c   0x00000060   Code   RO         8372    CL$$btod_d2e_norm_op1  c_w.l(btod.o)
    0x0800179c   0x0800179c   0x00000338   Code   RO         8381    CL$$btod_div_common  c_w.l(btod.o)
    0x08001ad4   0x08001ad4   0x000000dc   Code   RO         8378    CL$$btod_e2e        c_w.l(btod.o)
    0x08001bb0   0x08001bb0   0x0000002a   Code   RO         8375    CL$$btod_ediv       c_w.l(btod.o)
    0x08001bda   0x08001bda   0x0000002a   Code   RO         8374    CL$$btod_emul       c_w.l(btod.o)
    0x08001c04   0x08001c04   0x00000244   Code   RO         8380    CL$$btod_mult_common  c_w.l(btod.o)
    0x08001e48   0x08001e48   0x00000118   Code   RO          307    i.ANODT_Send01      task.o
    0x08001f60   0x08001f60   0x00000124   Code   RO          308    i.ANODT_Send02      task.o
    0x08002084   0x08002084   0x00000140   Code   RO          309    i.ANODT_Send03      task.o
    0x080021c4   0x080021c4   0x0000014c   Code   RO          310    i.ANODT_Send04      task.o
    0x08002310   0x08002310   0x00000002   Code   RO         5855    i.App_TCBInitHook   app_hooks.o
    0x08002312   0x08002312   0x00000002   Code   RO         5856    i.App_TaskCreateHook  app_hooks.o
    0x08002314   0x08002314   0x00000002   Code   RO         5857    i.App_TaskDelHook   app_hooks.o
    0x08002316   0x08002316   0x00000002   Code   RO         5858    i.App_TaskIdleHook  app_hooks.o
    0x08002318   0x08002318   0x00000002   Code   RO         5859    i.App_TaskReturnHook  app_hooks.o
    0x0800231a   0x0800231a   0x00000002   Code   RO         5860    i.App_TaskStatHook  app_hooks.o
    0x0800231c   0x0800231c   0x00000002   Code   RO         5861    i.App_TaskSwHook    app_hooks.o
    0x0800231e   0x0800231e   0x00000002   Code   RO         5862    i.App_TimeTickHook  app_hooks.o
    0x08002320   0x08002320   0x00000004   Code   RO            4    i.BusFault_Handler  stm32f4xx_it.o
    0x08002324   0x08002324   0x00000054   Code   RO         5793    i.DELAY_Init        delay.o
    0x08002378   0x08002378   0x00000002   Code   RO            5    i.DebugMon_Handler  stm32f4xx_it.o
    0x0800237a   0x0800237a   0x00000090   Code   RO          911    i.GPIO_Init         stm32f4xx_gpio.o
    0x0800240a   0x0800240a   0x00000046   Code   RO          912    i.GPIO_PinAFConfig  stm32f4xx_gpio.o
    0x08002450   0x08002450   0x00000012   Code   RO          915    i.GPIO_ReadInputDataBit  stm32f4xx_gpio.o
    0x08002462   0x08002462   0x00000004   Code   RO          919    i.GPIO_SetBits      stm32f4xx_gpio.o
    0x08002466   0x08002466   0x0000000c   Code   RO          923    i.GPIO_WriteBit     stm32f4xx_gpio.o
    0x08002472   0x08002472   0x00000010   Code   RO          469    i.GY86_Init         gy86.o
    0x08002482   0x08002482   0x00000058   Code   RO          470    i.HMC_GetData       gy86.o
    0x080024da   0x080024da   0x0000001c   Code   RO          471    i.HMC_Init          gy86.o
    0x080024f6   0x080024f6   0x0000003e   Code   RO          472    i.HMC_ReadReg       gy86.o
    0x08002534   0x08002534   0x0000002e   Code   RO          473    i.HMC_WriteReg      gy86.o
    0x08002562   0x08002562   0x00000004   Code   RO            6    i.HardFault_Handler  stm32f4xx_it.o
    0x08002566   0x08002566   0x00000002   PAD
    0x08002568   0x08002568   0x00000110   Code   RO          857    i.ICTIM2_Init       receiver_l.o
    0x08002678   0x08002678   0x00000118   Code   RO          858    i.ICTIM4_Init       receiver_l.o
    0x08002790   0x08002790   0x000000ac   Code   RO          474    i.MPU6050_GetData   gy86.o
    0x0800283c   0x0800283c   0x00000048   Code   RO          476    i.MPU6050_Init      gy86.o
    0x08002884   0x08002884   0x0000003e   Code   RO          477    i.MPU_ReadReg       gy86.o
    0x080028c2   0x080028c2   0x0000002e   Code   RO          478    i.MPU_WriteReg      gy86.o
    0x080028f0   0x080028f0   0x00000004   Code   RO            7    i.MemManage_Handler  stm32f4xx_it.o
    0x080028f4   0x080028f4   0x00000008   Code   RO          779    i.Motor_Init        pwm.o
    0x080028fc   0x080028fc   0x00000040   Code   RO          391    i.MyIIC_Init        myiic.o
    0x0800293c   0x0800293c   0x0000001c   Code   RO          392    i.MyIIC_R_SDA       myiic.o
    0x08002958   0x08002958   0x0000001e   Code   RO          393    i.MyIIC_ReceiveAck  myiic.o
    0x08002976   0x08002976   0x00000034   Code   RO          394    i.MyIIC_ReceiveByte  myiic.o
    0x080029aa   0x080029aa   0x00000018   Code   RO          395    i.MyIIC_SendAck     myiic.o
    0x080029c2   0x080029c2   0x0000002a   Code   RO          396    i.MyIIC_SendByte    myiic.o
    0x080029ec   0x080029ec   0x0000001c   Code   RO          397    i.MyIIC_Start       myiic.o
    0x08002a08   0x08002a08   0x00000016   Code   RO          398    i.MyIIC_Stop        myiic.o
    0x08002a1e   0x08002a1e   0x00000002   PAD
    0x08002a20   0x08002a20   0x0000001c   Code   RO          399    i.MyIIC_W_SCL       myiic.o
    0x08002a3c   0x08002a3c   0x0000001c   Code   RO          400    i.MyIIC_W_SDA       myiic.o
    0x08002a58   0x08002a58   0x00000002   Code   RO            8    i.NMI_Handler       stm32f4xx_it.o
    0x08002a5a   0x08002a5a   0x00000002   PAD
    0x08002a5c   0x08002a5c   0x00000078   Code   RO         1326    i.NVIC_Init         misc.o
    0x08002ad4   0x08002ad4   0x00000014   Code   RO         1327    i.NVIC_PriorityGroupConfig  misc.o
    0x08002ae8   0x08002ae8   0x0000015c   Code   RO         6135    i.OSDebugInit       os_dbg_r.o
    0x08002c44   0x08002c44   0x00000080   Code   RO         5916    i.OSEventNameSet    os_core.o
    0x08002cc4   0x08002cc4   0x00000038   Code   RO         5918    i.OSInit            os_core.o
    0x08002cfc   0x08002cfc   0x0000005c   Code   RO         6741    i.OSInitHookBegin   os_cpu_c.o
    0x08002d58   0x08002d58   0x00000002   Code   RO         6742    i.OSInitHookEnd     os_cpu_c.o
    0x08002d5a   0x08002d5a   0x00000002   PAD
    0x08002d5c   0x08002d5c   0x0000002c   Code   RO         5919    i.OSIntEnter        os_core.o
    0x08002d88   0x08002d88   0x000000b0   Code   RO         5920    i.OSIntExit         os_core.o
    0x08002e38   0x08002e38   0x00000048   Code   RO         5921    i.OSSchedLock       os_core.o
    0x08002e80   0x08002e80   0x00000070   Code   RO         5922    i.OSSchedUnlock     os_core.o
    0x08002ef0   0x08002ef0   0x00000068   Code   RO         6454    i.OSSemCreate       os_sem.o
    0x08002f58   0x08002f58   0x00000118   Code   RO         6456    i.OSSemPend         os_sem.o
    0x08003070   0x08003070   0x00000070   Code   RO         6458    i.OSSemPost         os_sem.o
    0x080030e0   0x080030e0   0x00000048   Code   RO         5923    i.OSStart           os_core.o
    0x08003128   0x08003128   0x0000000c   Code   RO         6743    i.OSTCBInitHook     os_cpu_c.o
    0x08003134   0x08003134   0x00000128   Code   RO         6509    i.OSTaskCreateExt   os_task.o
    0x0800325c   0x0800325c   0x0000000c   Code   RO         6744    i.OSTaskCreateHook  os_cpu_c.o
    0x08003268   0x08003268   0x00000190   Code   RO         6510    i.OSTaskDel         os_task.o
    0x080033f8   0x080033f8   0x0000000c   Code   RO         6745    i.OSTaskDelHook     os_cpu_c.o
    0x08003404   0x08003404   0x00000008   Code   RO         6746    i.OSTaskIdleHook    os_cpu_c.o
    0x0800340c   0x0800340c   0x000000ac   Code   RO         6513    i.OSTaskNameSet     os_task.o
    0x080034b8   0x080034b8   0x0000000c   Code   RO         6747    i.OSTaskReturnHook  os_cpu_c.o
    0x080034c4   0x080034c4   0x00000008   Code   RO         6748    i.OSTaskStatHook    os_cpu_c.o
    0x080034cc   0x080034cc   0x000000b0   Code   RO         6519    i.OSTaskStkChk      os_task.o
    0x0800357c   0x0800357c   0x0000022c   Code   RO         6749    i.OSTaskStkInit     os_cpu_c.o
    0x080037a8   0x080037a8   0x000000d4   Code   RO         6520    i.OSTaskSuspend     os_task.o
    0x0800387c   0x0800387c   0x0000002c   Code   RO         6750    i.OSTaskSwHook      os_cpu_c.o
    0x080038a8   0x080038a8   0x0000008c   Code   RO         6609    i.OSTimeDly         os_time.o
    0x08003934   0x08003934   0x00000028   Code   RO         6612    i.OSTimeGet         os_time.o
    0x0800395c   0x0800395c   0x00000110   Code   RO         5925    i.OSTimeTick        os_core.o
    0x08003a6c   0x08003a6c   0x00000028   Code   RO         6751    i.OSTimeTickHook    os_cpu_c.o
    0x08003a94   0x08003a94   0x00000014   Code   RO         6649    i.OSTmrSignal       os_tmr.o
    0x08003aa8   0x08003aa8   0x000000f4   Code   RO         6655    i.OSTmr_Init        os_tmr.o
    0x08003b9c   0x08003b9c   0x00000050   Code   RO         6656    i.OSTmr_InitTask    os_tmr.o
    0x08003bec   0x08003bec   0x00000074   Code   RO         6657    i.OSTmr_Link        os_tmr.o
    0x08003c60   0x08003c60   0x00000084   Code   RO         6658    i.OSTmr_Task        os_tmr.o
    0x08003ce4   0x08003ce4   0x00000048   Code   RO         6659    i.OSTmr_Unlink      os_tmr.o
    0x08003d2c   0x08003d2c   0x00000026   Code   RO         6752    i.OS_CPU_SysTickHandler  os_cpu_c.o
    0x08003d52   0x08003d52   0x00000002   Code   RO         5927    i.OS_Dummy          os_core.o
    0x08003d54   0x08003d54   0x0000009c   Code   RO         5928    i.OS_EventTaskRdy   os_core.o
    0x08003df0   0x08003df0   0x0000002e   Code   RO         5929    i.OS_EventTaskRemove  os_core.o
    0x08003e1e   0x08003e1e   0x0000003a   Code   RO         5930    i.OS_EventTaskRemoveMulti  os_core.o
    0x08003e58   0x08003e58   0x00000088   Code   RO         5931    i.OS_EventTaskWait  os_core.o
    0x08003ee0   0x08003ee0   0x0000001c   Code   RO         5933    i.OS_EventWaitListInit  os_core.o
    0x08003efc   0x08003efc   0x00000058   Code   RO         6160    i.OS_FlagInit       os_flag.o
    0x08003f54   0x08003f54   0x00000024   Code   RO         6162    i.OS_FlagUnlink     os_flag.o
    0x08003f78   0x08003f78   0x00000060   Code   RO         5934    i.OS_InitEventList  os_core.o
    0x08003fd8   0x08003fd8   0x0000005c   Code   RO         5935    i.OS_InitMisc       os_core.o
    0x08004034   0x08004034   0x00000044   Code   RO         5936    i.OS_InitRdyList    os_core.o
    0x08004078   0x08004078   0x00000080   Code   RO         5937    i.OS_InitTCBList    os_core.o
    0x080040f8   0x080040f8   0x00000050   Code   RO         5938    i.OS_InitTaskIdle   os_core.o
    0x08004148   0x08004148   0x00000050   Code   RO         5939    i.OS_InitTaskStat   os_core.o
    0x08004198   0x08004198   0x00000012   Code   RO         5940    i.OS_MemClr         os_core.o
    0x080041aa   0x080041aa   0x00000002   PAD
    0x080041ac   0x080041ac   0x00000058   Code   RO         6292    i.OS_MemInit        os_mem.o
    0x08004204   0x08004204   0x00000050   Code   RO         6391    i.OS_QInit          os_q.o
    0x08004254   0x08004254   0x00000080   Code   RO         5942    i.OS_Sched          os_core.o
    0x080042d4   0x080042d4   0x0000002c   Code   RO         5943    i.OS_SchedNew       os_core.o
    0x08004300   0x08004300   0x0000016c   Code   RO         5945    i.OS_TCBInit        os_core.o
    0x0800446c   0x0800446c   0x00000030   Code   RO         5946    i.OS_TaskIdle       os_core.o
    0x0800449c   0x0800449c   0x00000018   Code   RO         6521    i.OS_TaskReturn     os_task.o
    0x080044b4   0x080044b4   0x000000f0   Code   RO         5947    i.OS_TaskStat       os_core.o
    0x080045a4   0x080045a4   0x0000003c   Code   RO         5948    i.OS_TaskStatStkChk  os_core.o
    0x080045e0   0x080045e0   0x0000001a   Code   RO         6522    i.OS_TaskStkClr     os_task.o
    0x080045fa   0x080045fa   0x00000002   PAD
    0x080045fc   0x080045fc   0x00000104   Code   RO          780    i.PWM_Init          pwm.o
    0x08004700   0x08004700   0x00000020   Code   RO         1015    i.RCC_AHB1PeriphClockCmd  stm32f4xx_rcc.o
    0x08004720   0x08004720   0x00000020   Code   RO         1021    i.RCC_APB1PeriphClockCmd  stm32f4xx_rcc.o
    0x08004740   0x08004740   0x00000020   Code   RO         1024    i.RCC_APB2PeriphClockCmd  stm32f4xx_rcc.o
    0x08004760   0x08004760   0x000000e8   Code   RO         1033    i.RCC_GetClocksFreq  stm32f4xx_rcc.o
    0x08004848   0x08004848   0x0000000c   Code   RO          859    i.Receicer_Init     receiver_l.o
    0x08004854   0x08004854   0x000000c8   Code   RO         6885    i.SEGGER_RTT_AllocUpBuffer  segger_rtt.o
    0x0800491c   0x0800491c   0x00000078   Code   RO         6886    i.SEGGER_RTT_ConfigDownBuffer  segger_rtt.o
    0x08004994   0x08004994   0x000000ac   Code   RO         6899    i.SEGGER_RTT_ReadNoLock  segger_rtt.o
    0x08004a40   0x08004a40   0x000000a0   Code   RO         6913    i.SEGGER_RTT_WriteSkipNoLock  segger_rtt.o
    0x08004ae0   0x08004ae0   0x0000002c   Code   RO         6845    i.SEGGER_SYSVIEW_Conf  segger_sysview_config_ucosii.o
    0x08004b0c   0x08004b0c   0x000000bc   Code   RO         7218    i.SEGGER_SYSVIEW_GetSysDesc  segger_sysview.o
    0x08004bc8   0x08004bc8   0x00000068   Code   RO         7223    i.SEGGER_SYSVIEW_Init  segger_sysview.o
    0x08004c30   0x08004c30   0x00000070   Code   RO         7229    i.SEGGER_SYSVIEW_NameResource  segger_sysview.o
    0x08004ca0   0x08004ca0   0x00000034   Code   RO         7230    i.SEGGER_SYSVIEW_OnIdle  segger_sysview.o
    0x08004cd4   0x08004cd4   0x00000064   Code   RO         7231    i.SEGGER_SYSVIEW_OnTaskCreate  segger_sysview.o
    0x08004d38   0x08004d38   0x00000064   Code   RO         7232    i.SEGGER_SYSVIEW_OnTaskStartExec  segger_sysview.o
    0x08004d9c   0x08004d9c   0x00000064   Code   RO         7233    i.SEGGER_SYSVIEW_OnTaskStartReady  segger_sysview.o
    0x08004e00   0x08004e00   0x00000084   Code   RO         7235    i.SEGGER_SYSVIEW_OnTaskStopReady  segger_sysview.o
    0x08004e84   0x08004e84   0x00000064   Code   RO         7244    i.SEGGER_SYSVIEW_RecordEnterISR  segger_sysview.o
    0x08004ee8   0x08004ee8   0x00000034   Code   RO         7246    i.SEGGER_SYSVIEW_RecordExitISR  segger_sysview.o
    0x08004f1c   0x08004f1c   0x00000034   Code   RO         7247    i.SEGGER_SYSVIEW_RecordExitISRToScheduler  segger_sysview.o
    0x08004f50   0x08004f50   0x0000003c   Code   RO         7251    i.SEGGER_SYSVIEW_RecordSystime  segger_sysview.o
    0x08004f8c   0x08004f8c   0x0000005c   Code   RO         7252    i.SEGGER_SYSVIEW_RecordU32  segger_sysview.o
    0x08004fe8   0x08004fe8   0x0000007c   Code   RO         7254    i.SEGGER_SYSVIEW_RecordU32x2  segger_sysview.o
    0x08005064   0x08005064   0x00000038   Code   RO         7262    i.SEGGER_SYSVIEW_RecordVoid  segger_sysview.o
    0x0800509c   0x0800509c   0x000000b4   Code   RO         7264    i.SEGGER_SYSVIEW_SendModule  segger_sysview.o
    0x08005150   0x08005150   0x00000024   Code   RO         7265    i.SEGGER_SYSVIEW_SendModuleDescription  segger_sysview.o
    0x08005174   0x08005174   0x00000058   Code   RO         7266    i.SEGGER_SYSVIEW_SendNumModules  segger_sysview.o
    0x080051cc   0x080051cc   0x00000048   Code   RO         7268    i.SEGGER_SYSVIEW_SendSysDesc  segger_sysview.o
    0x08005214   0x08005214   0x0000010c   Code   RO         7269    i.SEGGER_SYSVIEW_SendTaskInfo  segger_sysview.o
    0x08005320   0x08005320   0x00000020   Code   RO         7270    i.SEGGER_SYSVIEW_SendTaskList  segger_sysview.o
    0x08005340   0x08005340   0x0000000c   Code   RO         7271    i.SEGGER_SYSVIEW_SetRAMBase  segger_sysview.o
    0x0800534c   0x0800534c   0x00000010   Code   RO         7272    i.SEGGER_SYSVIEW_ShrinkId  segger_sysview.o
    0x0800535c   0x0800535c   0x000000fc   Code   RO         7273    i.SEGGER_SYSVIEW_Start  segger_sysview.o
    0x08005458   0x08005458   0x00000044   Code   RO         7274    i.SEGGER_SYSVIEW_Stop  segger_sysview.o
    0x0800549c   0x0800549c   0x00000080   Code   RO         7283    i.SEGGER_SYSVIEW_Warn  segger_sysview.o
    0x0800551c   0x0800551c   0x00000002   Code   RO           10    i.SVC_Handler       stm32f4xx_it.o
    0x0800551e   0x0800551e   0x0000000e   Code   RO         6846    i.SYSCLK_FreqGet    segger_sysview_config_ucosii.o
    0x0800552c   0x0800552c   0x000000a4   Code   RO         7760    i.SYSVIEW_AddTask   segger_sysview_ucosii.o
    0x080055d0   0x080055d0   0x0000007c   Code   RO         7761    i.SYSVIEW_RecordU32Register  segger_sysview_ucosii.o
    0x0800564c   0x0800564c   0x00000050   Code   RO         7764    i.SYSVIEW_SendResourceList  segger_sysview_ucosii.o
    0x0800569c   0x0800569c   0x00000032   Code   RO         7765    i.SYSVIEW_SendTaskInfo  segger_sysview_ucosii.o
    0x080056ce   0x080056ce   0x00000002   PAD
    0x080056d0   0x080056d0   0x0000001c   Code   RO         7766    i.SYSVIEW_TaskReady  segger_sysview_ucosii.o
    0x080056ec   0x080056ec   0x0000001c   Code   RO         7767    i.SYSVIEW_TaskSuspend  segger_sysview_ucosii.o
    0x08005708   0x08005708   0x00000020   Code   RO         7768    i.SYSVIEW_TaskSwitchedIn  segger_sysview_ucosii.o
    0x08005728   0x08005728   0x0000005c   Code   RO         7769    i.SYSVIEW_UpdateResource  segger_sysview_ucosii.o
    0x08005784   0x08005784   0x0000009c   Code   RO         7770    i.SYSVIEW_UpdateTask  segger_sysview_ucosii.o
    0x08005820   0x08005820   0x000000e8   Code   RO          675    i.Serial_Init       serial.o
    0x08005908   0x08005908   0x00000024   Code   RO          677    i.Serial_Printf     serial.o
    0x0800592c   0x0800592c   0x0000001a   Code   RO          678    i.Serial_SendArray  serial.o
    0x08005946   0x08005946   0x00000002   PAD
    0x08005948   0x08005948   0x00000020   Code   RO          679    i.Serial_SendByte   serial.o
    0x08005968   0x08005968   0x0000001a   Code   RO          681    i.Serial_SendString  serial.o
    0x08005982   0x08005982   0x00000028   Code   RO         1330    i.SysTick_CLKSourceConfig  misc.o
    0x080059aa   0x080059aa   0x00000002   PAD
    0x080059ac   0x080059ac   0x0000005c   Code   RO          265    i.SysTick_Init      main.o
    0x08005a08   0x08005a08   0x00000014   Code   RO         7973    i.SystemInit        system_stm32f4xx.o
    0x08005a1c   0x08005a1c   0x0000003a   Code   RO         4956    i.TI1_Config        stm32f4xx_tim.o
    0x08005a56   0x08005a56   0x00000050   Code   RO         4957    i.TI2_Config        stm32f4xx_tim.o
    0x08005aa6   0x08005aa6   0x00000048   Code   RO         4958    i.TI3_Config        stm32f4xx_tim.o
    0x08005aee   0x08005aee   0x00000050   Code   RO         4959    i.TI4_Config        stm32f4xx_tim.o
    0x08005b3e   0x08005b3e   0x00000002   PAD
    0x08005b40   0x08005b40   0x00000174   Code   RO          860    i.TIM2_IRQHandler   receiver_l.o
    0x08005cb4   0x08005cb4   0x00000168   Code   RO          861    i.TIM4_IRQHandler   receiver_l.o
    0x08005e1c   0x08005e1c   0x00000018   Code   RO         4960    i.TIM_ARRPreloadConfig  stm32f4xx_tim.o
    0x08005e34   0x08005e34   0x00000006   Code   RO         4967    i.TIM_ClearITPendingBit  stm32f4xx_tim.o
    0x08005e3a   0x08005e3a   0x00000018   Code   RO         4972    i.TIM_Cmd           stm32f4xx_tim.o
    0x08005e52   0x08005e52   0x00000006   Code   RO         4987    i.TIM_GetCapture1   stm32f4xx_tim.o
    0x08005e58   0x08005e58   0x00000006   Code   RO         4988    i.TIM_GetCapture2   stm32f4xx_tim.o
    0x08005e5e   0x08005e5e   0x00000006   Code   RO         4989    i.TIM_GetCapture3   stm32f4xx_tim.o
    0x08005e64   0x08005e64   0x00000022   Code   RO         4993    i.TIM_GetITStatus   stm32f4xx_tim.o
    0x08005e86   0x08005e86   0x0000006e   Code   RO         4995    i.TIM_ICInit        stm32f4xx_tim.o
    0x08005ef4   0x08005ef4   0x00000012   Code   RO         4997    i.TIM_ITConfig      stm32f4xx_tim.o
    0x08005f06   0x08005f06   0x0000000c   Code   RO         4999    i.TIM_InternalClockConfig  stm32f4xx_tim.o
    0x08005f12   0x08005f12   0x00000002   PAD
    0x08005f14   0x08005f14   0x0000007c   Code   RO         5001    i.TIM_OC1Init       stm32f4xx_tim.o
    0x08005f90   0x08005f90   0x00000012   Code   RO         5004    i.TIM_OC1PreloadConfig  stm32f4xx_tim.o
    0x08005fa2   0x08005fa2   0x00000002   PAD
    0x08005fa4   0x08005fa4   0x000000a4   Code   RO         5006    i.TIM_OC2Init       stm32f4xx_tim.o
    0x08006048   0x08006048   0x0000001a   Code   RO         5009    i.TIM_OC2PreloadConfig  stm32f4xx_tim.o
    0x08006062   0x08006062   0x00000002   PAD
    0x08006064   0x08006064   0x000000a0   Code   RO         5011    i.TIM_OC3Init       stm32f4xx_tim.o
    0x08006104   0x08006104   0x00000012   Code   RO         5014    i.TIM_OC3PreloadConfig  stm32f4xx_tim.o
    0x08006116   0x08006116   0x00000002   PAD
    0x08006118   0x08006118   0x00000078   Code   RO         5016    i.TIM_OC4Init       stm32f4xx_tim.o
    0x08006190   0x08006190   0x0000001a   Code   RO         5018    i.TIM_OC4PreloadConfig  stm32f4xx_tim.o
    0x080061aa   0x080061aa   0x00000014   Code   RO         5019    i.TIM_OCStructInit  stm32f4xx_tim.o
    0x080061be   0x080061be   0x00000004   Code   RO         5038    i.TIM_SetCounter    stm32f4xx_tim.o
    0x080061c2   0x080061c2   0x00000012   Code   RO         5039    i.TIM_SetIC1Prescaler  stm32f4xx_tim.o
    0x080061d4   0x080061d4   0x0000001a   Code   RO         5040    i.TIM_SetIC2Prescaler  stm32f4xx_tim.o
    0x080061ee   0x080061ee   0x00000012   Code   RO         5041    i.TIM_SetIC3Prescaler  stm32f4xx_tim.o
    0x08006200   0x08006200   0x0000001a   Code   RO         5042    i.TIM_SetIC4Prescaler  stm32f4xx_tim.o
    0x0800621a   0x0800621a   0x00000002   PAD
    0x0800621c   0x0800621c   0x00000084   Code   RO         5044    i.TIM_TimeBaseInit  stm32f4xx_tim.o
    0x080062a0   0x080062a0   0x00000194   Code   RO          312    i.Task_GY86         task.o
    0x08006434   0x08006434   0x00000470   Code   RO          314    i.Task_PoseCalcu    task.o
    0x080068a4   0x080068a4   0x00000030   Code   RO          682    i.USART1_IRQHandler  serial.o
    0x080068d4   0x080068d4   0x00000030   Code   RO          683    i.USART6_IRQHandler  serial.o
    0x08006904   0x08006904   0x0000001e   Code   RO         5530    i.USART_ClearITPendingBit  stm32f4xx_usart.o
    0x08006922   0x08006922   0x00000018   Code   RO         5533    i.USART_Cmd         stm32f4xx_usart.o
    0x0800693a   0x0800693a   0x0000001a   Code   RO         5536    i.USART_GetFlagStatus  stm32f4xx_usart.o
    0x08006954   0x08006954   0x00000054   Code   RO         5537    i.USART_GetITStatus  stm32f4xx_usart.o
    0x080069a8   0x080069a8   0x0000004a   Code   RO         5539    i.USART_ITConfig    stm32f4xx_usart.o
    0x080069f2   0x080069f2   0x00000002   PAD
    0x080069f4   0x080069f4   0x000000d4   Code   RO         5540    i.USART_Init        stm32f4xx_usart.o
    0x08006ac8   0x08006ac8   0x0000000a   Code   RO         5547    i.USART_ReceiveData  stm32f4xx_usart.o
    0x08006ad2   0x08006ad2   0x00000008   Code   RO         5550    i.USART_SendData    stm32f4xx_usart.o
    0x08006ada   0x08006ada   0x00000004   Code   RO           13    i.UsageFault_Handler  stm32f4xx_it.o
    0x08006ade   0x08006ade   0x00000002   PAD
    0x08006ae0   0x08006ae0   0x00000070   Code   RO         6916    i._DoInit           segger_rtt.o
    0x08006b50   0x08006b50   0x0000002c   Code   RO         7287    i._EncodeStr        segger_sysview.o
    0x08006b7c   0x08006b7c   0x000000a8   Code   RO         7288    i._HandleIncomingPacket  segger_sysview.o
    0x08006c24   0x08006c24   0x00000006   Code   RO         7289    i._PreparePacket    segger_sysview.o
    0x08006c2a   0x08006c2a   0x00000002   PAD
    0x08006c2c   0x08006c2c   0x000001e0   Code   RO         7292    i._SendPacket       segger_sysview.o
    0x08006e0c   0x08006e0c   0x00000088   Code   RO         7294    i._TrySendOverflowPacket  segger_sysview.o
    0x08006e94   0x08006e94   0x00000030   Code   RO         8249    i.__ARM_fpclassify  m_wm.l(fpclassify.o)
    0x08006ec4   0x08006ec4   0x00000004   PAD
    0x08006ec8   0x08006ec8   0x00000360   Code   RO         8094    i.__hardfp_asin     m_wm.l(asin.o)
    0x08007228   0x08007228   0x000002d8   Code   RO         8108    i.__hardfp_atan     m_wm.l(atan.o)
    0x08007500   0x08007500   0x000000f8   Code   RO         8251    i.__kernel_poly     m_wm.l(poly.o)
    0x080075f8   0x080075f8   0x00000014   Code   RO         8236    i.__mathlib_dbl_infnan  m_wm.l(dunder.o)
    0x0800760c   0x0800760c   0x00000004   PAD
    0x08007610   0x08007610   0x00000020   Code   RO         8238    i.__mathlib_dbl_invalid  m_wm.l(dunder.o)
    0x08007630   0x08007630   0x00000020   Code   RO         8241    i.__mathlib_dbl_underflow  m_wm.l(dunder.o)
    0x08007650   0x08007650   0x00000014   Code   RO         7771    i._cbGetTime        segger_sysview_ucosii.o
    0x08007664   0x08007664   0x00000054   Code   RO         6847    i._cbSendSystemDesc  segger_sysview_config_ucosii.o
    0x080076b8   0x080076b8   0x00000054   Code   RO         7772    i._cbSendTaskList   segger_sysview_ucosii.o
    0x0800770c   0x0800770c   0x0000000e   Code   RO         8028    i._is_digit         c_w.l(__printf_wp.o)
    0x0800771a   0x0800771a   0x00000004   Code   RO         7160    i._sys_exit         segger_rtt_syscalls_keil.o
    0x0800771e   0x0800771e   0x00000002   PAD
    0x08007720   0x08007720   0x00000058   Code   RO         5795    i.delay_us          delay.o
    0x08007778   0x08007778   0x00000018   Code   RO         8124    i.fabs              m_wm.l(fabs.o)
    0x08007790   0x08007790   0x0000003c   Code   RO         7854    i.invSqrt           posecalculate.o
    0x080077cc   0x080077cc   0x00000408   Code   RO         7855    i.madgwick          posecalculate.o
    0x08007bd4   0x08007bd4   0x000000fc   Code   RO          266    i.main              main.o
    0x08007cd0   0x08007cd0   0x0000006e   Code   RO         8255    i.sqrt              m_wm.l(sqrt.o)
    0x08007d3e   0x08007d3e   0x00000002   PAD
    0x08007d40   0x08007d40   0x00000238   Code   RO         7856    i.updateAngleTmp    posecalculate.o
    0x08007f78   0x08007f78   0x0000002c   Code   RO         8412    locale$$code        c_w.l(lc_numeric_c.o)
    0x08007fa4   0x08007fa4   0x0000002c   Code   RO         8551    locale$$code        c_w.l(lc_ctype_c.o)
    0x08007fd0   0x08007fd0   0x00000018   Code   RO         8216    x$fpl$basic         fz_wm.l(basic.o)
    0x08007fe8   0x08007fe8   0x00000062   Code   RO         8060    x$fpl$d2f           fz_wm.l(d2f.o)
    0x0800804a   0x0800804a   0x00000002   PAD
    0x0800804c   0x0800804c   0x00000150   Code   RO         8062    x$fpl$dadd          fz_wm.l(daddsub_clz.o)
    0x0800819c   0x0800819c   0x000002b0   Code   RO         8069    x$fpl$ddiv          fz_wm.l(ddiv.o)
    0x0800844c   0x0800844c   0x0000005e   Code   RO         8074    x$fpl$dfix          fz_wm.l(dfix.o)
    0x080084aa   0x080084aa   0x0000002e   Code   RO         8079    x$fpl$dflt          fz_wm.l(dflt_clz.o)
    0x080084d8   0x080084d8   0x00000154   Code   RO         8086    x$fpl$dmul          fz_wm.l(dmul.o)
    0x0800862c   0x0800862c   0x0000009c   Code   RO         8220    x$fpl$dnaninf       fz_wm.l(dnaninf.o)
    0x080086c8   0x080086c8   0x0000000c   Code   RO         8222    x$fpl$dretinf       fz_wm.l(dretinf.o)
    0x080086d4   0x080086d4   0x00000016   Code   RO         8063    x$fpl$drsb          fz_wm.l(daddsub_clz.o)
    0x080086ea   0x080086ea   0x00000002   PAD
    0x080086ec   0x080086ec   0x00000198   Code   RO         8479    x$fpl$dsqrt         fz_wm.l(dsqrt_umaal.o)
    0x08008884   0x08008884   0x000001d4   Code   RO         8064    x$fpl$dsub          fz_wm.l(daddsub_clz.o)
    0x08008a58   0x08008a58   0x00000056   Code   RO         8090    x$fpl$f2d           fz_wm.l(f2d.o)
    0x08008aae   0x08008aae   0x0000008c   Code   RO         8224    x$fpl$fnaninf       fz_wm.l(fnaninf.o)
    0x08008b3a   0x08008b3a   0x0000000a   Code   RO         8536    x$fpl$fpinit        fz_wm.l(fpinit.o)
    0x08008b44   0x08008b44   0x0000000a   Code   RO         8226    x$fpl$fretinf       fz_wm.l(fretinf.o)
    0x08008b4e   0x08008b4e   0x00000004   Code   RO         8092    x$fpl$printf1       fz_wm.l(printf1.o)
    0x08008b52   0x08008b52   0x00000004   Code   RO         8228    x$fpl$printf2       fz_wm.l(printf2.o)
    0x08008b56   0x08008b56   0x00000000   Code   RO         8234    x$fpl$usenofp       fz_wm.l(usenofp.o)
    0x08008b56   0x08008b56   0x00000002   PAD
    0x08008b58   0x08008b58   0x00000018   Data   RO          318    .constdata          task.o
    0x08008b70   0x08008b70   0x00000100   Data   RO         5950    .constdata          os_core.o
    0x08008c70   0x08008c70   0x00000076   Data   RO         6136    .constdata          os_dbg_r.o
    0x08008ce6   0x08008ce6   0x00000021   Data   RO         6922    .constdata          segger_rtt.o
    0x08008d07   0x08008d07   0x0000001a   Data   RO         7298    .constdata          segger_sysview.o
    0x08008d21   0x08008d21   0x00000003   PAD
    0x08008d24   0x08008d24   0x00000008   Data   RO         7774    .constdata          segger_sysview_ucosii.o
    0x08008d2c   0x08008d2c   0x00000011   Data   RO         8036    .constdata          c_w.l(__printf_flags_ss_wp.o)
    0x08008d3d   0x08008d3d   0x00000003   PAD
    0x08008d40   0x08008d40   0x00000050   Data   RO         8097    .constdata          m_wm.l(asin.o)
    0x08008d90   0x08008d90   0x00000098   Data   RO         8111    .constdata          m_wm.l(atan.o)
    0x08008e28   0x08008e28   0x00000008   Data   RO         8152    .constdata          c_w.l(_printf_wctomb.o)
    0x08008e30   0x08008e30   0x00000028   Data   RO         8181    .constdata          c_w.l(_printf_hex_int_ll_ptr.o)
    0x08008e58   0x08008e58   0x00000026   Data   RO         8358    .constdata          c_w.l(_printf_fp_hex.o)
    0x08008e7e   0x08008e7e   0x00000002   PAD
    0x08008e80   0x08008e80   0x00000094   Data   RO         8369    .constdata          c_w.l(bigflt0.o)
    0x08008f14   0x08008f14   0x000000a4   Data   RO         7775    .conststring        segger_sysview_ucosii.o
    0x08008fb8   0x08008fb8   0x00000020   Data   RO         8606    Region$$Table       anon$$obj.o
    0x08008fd8   0x08008fd8   0x0000001c   Data   RO         8411    locale$$data        c_w.l(lc_numeric_c.o)
    0x08008ff4   0x08008ff4   0x00000110   Data   RO         8550    locale$$data        c_w.l(lc_ctype_c.o)


    Execution Region RW_IRAM1 (Exec base: 0x20000000, Load base: 0x08009104, Size: 0x00006d10, Max: 0x00018000, ABSOLUTE, COMPRESSED[0x00000010])

    Exec Addr    Load Addr    Size         Type   Attr      Idx    E Section Name        Object

    0x20000000   COMPRESSED   0x00000008   Data   RW          268    .data               main.o
    0x20000008   COMPRESSED   0x00000035   Data   RW          319    .data               task.o
    0x2000003d   COMPRESSED   0x00000001   PAD
    0x2000003e   COMPRESSED   0x00000003   Data   RW          686    .data               serial.o
    0x20000041   COMPRESSED   0x00000008   Data   RW          863    .data               receiver_l.o
    0x20000049   COMPRESSED   0x00000010   Data   RW         1063    .data               stm32f4xx_rcc.o
    0x20000059   COMPRESSED   0x00000001   PAD
    0x2000005a   COMPRESSED   0x00000004   Data   RW         5796    .data               delay.o
    0x2000005e   COMPRESSED   0x00000002   PAD
    0x20000060   COMPRESSED   0x00000064   Data   RW         5951    .data               os_core.o
    0x200000c4   COMPRESSED   0x0000000c   Data   RW         6756    .data               os_cpu_c.o
    0x200000d0   COMPRESSED   0x00000015   Data   RW         7299    .data               segger_sysview.o
    0x200000e5   COMPRESSED   0x00000003   PAD
    0x200000e8   COMPRESSED   0x00000008   Data   RW         7776    .data               segger_sysview_ucosii.o
    0x200000f0   COMPRESSED   0x00000048   Data   RW         7858    .data               posecalculate.o
    0x20000138        -       0x00002320   Zero   RW          267    .bss                main.o
    0x20002458        -       0x00000013   Zero   RW          317    .bss                task.o
    0x2000246b   COMPRESSED   0x00000001   PAD
    0x2000246c        -       0x00000020   Zero   RW          862    .bss                receiver_l.o
    0x2000248c        -       0x000013b8   Zero   RW         5949    .bss                os_core.o
    0x20003844        -       0x00000400   Zero   RW         6755    .bss                os_cpu_c.o
    0x20003c44        -       0x000010b8   Zero   RW         6921    .bss                segger_rtt.o
    0x20004cfc        -       0x0000110b   Zero   RW         7297    .bss                segger_sysview.o
    0x20005e07   COMPRESSED   0x00000001   PAD
    0x20005e08        -       0x00000880   Zero   RW         7773    .bss                segger_sysview_ucosii.o
    0x20006688        -       0x00000024   Zero   RW         7857    .bss                posecalculate.o
    0x200066ac        -       0x00000060   Zero   RW         8484    .bss                c_w.l(libspace.o)
    0x2000670c   COMPRESSED   0x00000004   PAD
    0x20006710        -       0x00000200   Zero   RW         7963    HEAP                startup_stm32f401xe.o
    0x20006910        -       0x00000400   Zero   RW         7962    STACK               startup_stm32f401xe.o


==============================================================================

Image component sizes


      Code (inc. data)   RO Data    RW Data    ZI Data      Debug   Object Name

        16          0          0          0          0       3676   app_hooks.o
       172         12          0          4          0       1400   delay.o
       592          0          0          0          0       5596   gy86.o
       344         82          0          8       8992      31706   main.o
       180         24          0          0          0       3617   misc.o
       346         18          0          0          0       5194   myiic.o
      2804        428        256        100       5048      25446   os_core.o
       308         34          0          0          0        340   os_cpu_a.o
       836        148          0         12       1024      16549   os_cpu_c.o
       348        230        118          0          0       3417   os_dbg_r.o
       124         14          0          0          0       1218   os_flag.o
        88         14          0          0          0        545   os_mem.o
        80          8          0          0          0        571   os_q.o
       496         26          0          0          0       2490   os_sem.o
      1306        104          0          0          0       6073   os_task.o
       180         28          0          0          0       1172   os_time.o
       664        136          0          0          0       3907   os_tmr.o
      1660         48          0         72         36       3932   posecalculate.o
       268          8          0          0          0       1160   pwm.o
      1296         44          0          8         32       4155   receiver_l.o
       764         54         33          0       4280       9744   segger_rtt.o
         4          0          0          0          0        504   segger_rtt_syscalls_keil.o
      3410        236         26         21       4363      34399   segger_sysview.o
       142         74          0          0          0       1643   segger_sysview_config_ucosii.o
       858         82        172          8       2176       8745   segger_sysview_ucosii.o
       448         34          0          3          0       4655   serial.o
        64         26        404          0       1536        876   startup_stm32f401xe.o
       248          0          0          0          0      10226   stm32f4xx_gpio.o
        22          0          0          0          0     279503   stm32f4xx_it.o
       328         36          0         16          0      19715   stm32f4xx_rcc.o
      1436         66          0          0          0      38026   stm32f4xx_tim.o
       468          8          0          0          0      11919   stm32f4xx_usart.o
        20          6          0          0          0        493   system_stm32f4xx.o
      2764        196         24         53         19       6793   task.o

    ----------------------------------------------------------------------
     23122       2224       1068        312      27508     549405   Object Totals
         0          0         32          0          0          0   (incl. Generated)
        38          0          3          7          2          0   (incl. Padding)

    ----------------------------------------------------------------------

      Code (inc. data)   RO Data    RW Data    ZI Data      Debug   Library Member Name

        58          0          0          0          0          0   __dczerorl.o
         8          0          0          0          0         68   __main.o
       392          4         17          0          0         92   __printf_flags_ss_wp.o
        14          0          0          0          0         68   __printf_wp.o
         0          0          0          0          0          0   __rtentry.o
        12          0          0          0          0          0   __rtentry2.o
         6          0          0          0          0          0   __rtentry4.o
        52          8          0          0          0          0   __scatter.o
        28          0          0          0          0          0   __scatter_zi.o
         6          0          0          0          0          0   _printf_a.o
         6          0          0          0          0          0   _printf_c.o
        44          0          0          0          0        108   _printf_char.o
        48          6          0          0          0         96   _printf_char_common.o
        40          0          0          0          0         68   _printf_charcount.o
         6          0          0          0          0          0   _printf_d.o
       120         16          0          0          0         92   _printf_dec.o
         6          0          0          0          0          0   _printf_e.o
         6          0          0          0          0          0   _printf_f.o
      1054          0          0          0          0        216   _printf_fp_dec.o
       764          8         38          0          0        100   _printf_fp_hex.o
       128         16          0          0          0         84   _printf_fp_infnan.o
         6          0          0          0          0          0   _printf_g.o
       148          4         40          0          0        160   _printf_hex_int_ll_ptr.o
         6          0          0          0          0          0   _printf_i.o
       178          0          0          0          0         88   _printf_intcommon.o
        10          0          0          0          0          0   _printf_l.o
         6          0          0          0          0          0   _printf_lc.o
        10          0          0          0          0          0   _printf_ll.o
         6          0          0          0          0          0   _printf_lld.o
         6          0          0          0          0          0   _printf_lli.o
         6          0          0          0          0          0   _printf_llo.o
         6          0          0          0          0          0   _printf_llu.o
         6          0          0          0          0          0   _printf_llx.o
       124         16          0          0          0         92   _printf_longlong_dec.o
         6          0          0          0          0          0   _printf_ls.o
         6          0          0          0          0          0   _printf_n.o
         6          0          0          0          0          0   _printf_o.o
       112         10          0          0          0        124   _printf_oct_int_ll.o
         6          0          0          0          0          0   _printf_p.o
        78          0          0          0          0        108   _printf_pad.o
         0          0          0          0          0          0   _printf_percent.o
         4          0          0          0          0          0   _printf_percent_end.o
         6          0          0          0          0          0   _printf_s.o
        82          0          0          0          0         80   _printf_str.o
        36          0          0          0          0         84   _printf_truncate.o
         6          0          0          0          0          0   _printf_u.o
        44          0          0          0          0        108   _printf_wchar.o
       188          6          8          0          0         92   _printf_wctomb.o
         6          0          0          0          0          0   _printf_x.o
        22          0          0          0          0        100   _rserrno.o
        10          0          0          0          0         68   _sputc.o
        64          0          0          0          0         92   _wcrtomb.o
       228          4        148          0          0         96   bigflt0.o
      1936        128          0          0          0        672   btod.o
        18          0          0          0          0         80   exit.o
         6          0          0          0          0        152   heapauxi.o
        44         10        272          0          0         76   lc_ctype_c.o
        44         10         28          0          0         76   lc_numeric_c.o
         2          0          0          0          0          0   libinit.o
        34          0          0          0          0          0   libinit2.o
         2          0          0          0          0          0   libshutdown.o
         2          0          0          0          0          0   libshutdown2.o
         8          4          0          0         96         68   libspace.o
       138          0          0          0          0         80   lludiv10.o
        16          4          0          0          0         76   rt_ctype_table.o
         8          4          0          0          0         68   rt_errno_addr_intlibspace.o
         8          4          0          0          0         68   rt_locale_intlibspace.o
        78          0          0          0          0         80   rt_memclr_w.o
       138          0          0          0          0         68   rt_memcpy_v6.o
       100          0          0          0          0         80   rt_memcpy_w.o
         2          0          0          0          0          0   rtexit.o
        10          0          0          0          0          0   rtexit2.o
       128          0          0          0          0         68   strcmpv7m.o
        74          0          0          0          0         80   sys_stackheap_outer.o
         2          0          0          0          0         68   use_no_semi.o
         2          0          0          0          0         68   use_no_semi_2.o
        36          4          0          0          0         76   vsprintf.o
        24          0          0          0          0        164   basic.o
        98          4          0          0          0        140   d2f.o
       826         16          0          0          0        492   daddsub_clz.o
       688        140          0          0          0        256   ddiv.o
        94          4          0          0          0        140   dfix.o
        46          0          0          0          0        116   dflt_clz.o
       340         12          0          0          0        152   dmul.o
       156          4          0          0          0        140   dnaninf.o
        12          0          0          0          0        116   dretinf.o
       408         56          0          0          0        168   dsqrt_umaal.o
        86          4          0          0          0        132   f2d.o
       140          4          0          0          0        132   fnaninf.o
        10          0          0          0          0        116   fpinit.o
        10          0          0          0          0        116   fretinf.o
         4          0          0          0          0        116   printf1.o
         4          0          0          0          0        116   printf2.o
         0          0          0          0          0          0   usenofp.o
       864         94         80          0          0        280   asin.o
       728        106        152          0          0        228   atan.o
        84         16          0          0          0        372   dunder.o
        24          0          0          0          0        124   fabs.o
        48          0          0          0          0        124   fpclassify.o
       248          0          0          0          0        152   poly.o
       110          0          0          0          0        148   sqrt.o

    ----------------------------------------------------------------------
     12146        726        788          0        100       8328   Library Totals
        32          0          5          0          4          0   (incl. Padding)

    ----------------------------------------------------------------------

      Code (inc. data)   RO Data    RW Data    ZI Data      Debug   Library Name

      7062        266        551          0         96       4288   c_w.l
      2946        244          0          0          0       2612   fz_wm.l
      2106        216        232          0          0       1428   m_wm.l

    ----------------------------------------------------------------------
     12146        726        788          0        100       8328   Library Totals

    ----------------------------------------------------------------------

==============================================================================


      Code (inc. data)   RO Data    RW Data    ZI Data      Debug   

     35268       2950       1856        312      27608     531093   Grand Totals
     35268       2950       1856         16      27608     531093   ELF Image Totals (compressed)
     35268       2950       1856         16          0          0   ROM Totals

==============================================================================

    Total RO  Size (Code + RO Data)                37124 (  36.25kB)
    Total RW  Size (RW Data + ZI Data)             27920 (  27.27kB)
    Total ROM Size (Code + RO Data + RW Data)      37140 (  36.27kB)

==============================================================================

